{
    "Should run with both celltypist and singler": {
        "content": [
            2,
            [
                [
                    [
                        null,
                        null
                    ],
                    [
                        null,
                        null
                    ]
                ],
                [
                    [
                        null,
                        "annotation:celltypist:Adult_COVID19_PBMC:per_cell"
                    ],
                    [
                        null,
                        "true"
                    ]
                ],
                [
                    [
                        null,
                        "annotation:celltypist:Adult_COVID19_PBMC:per_cell:confidence"
                    ],
                    [
                        null,
                        "false"
                    ]
                ]
            ]
        ],
        "timestamp": "2026-07-10T10:44:51.747613",
        "meta": {
            "nf-test": "0.9.5",
            "nextflow": "26.04.4"
        }
    },
    "Should run without failures - stub": {
        "content": [
            {
                "0": [
                    [
                        {
                            "id": "test"
                        },
                        "test_celltypist.parquet:md5,d41d8cd98f00b204e9800998ecf8427e"
                    ],
                    [
                        {
                            "id": "test"
                        },
                        "test_singler_predictions.csv:md5,d41d8cd98f00b204e9800998ecf8427e"
                    ]
                ],
                "1": [
                    
                ],
                "annotation_column_rows": [
                    
                ],
                "obs": [
                    [
                        {
                            "id": "test"
                        },
                        "test_celltypist.parquet:md5,d41d8cd98f00b204e9800998ecf8427e"
                    ],
                    [
                        {
                            "id": "test"
                        },
                        "test_singler_predictions.csv:md5,d41d8cd98f00b204e9800998ecf8427e"
                    ]
                ]
            }
        ],
        "timestamp": "2026-08-05T16:10:56.340113",
        "meta": {
            "nf-test": "0.9.5",
            "nextflow": "26.04.6"
        }
    }
}