{
    "Should run without failures - stub": {
        "content": [
            {
                "0": [
                    [
                        {
                            "id": "test"
                        },
                        "test.png:md5,d41d8cd98f00b204e9800998ecf8427e"
                    ]
                ],
                "1": [
                    "test_mqc.json:md5,d41d8cd98f00b204e9800998ecf8427e"
                ],
                "2": [
                    "versions.yml:md5,d41d8cd98f00b204e9800998ecf8427e"
                ],
                "multiqc_files": [
                    "test_mqc.json:md5,d41d8cd98f00b204e9800998ecf8427e"
                ],
                "plot": [
                    [
                        {
                            "id": "test"
                        },
                        "test.png:md5,d41d8cd98f00b204e9800998ecf8427e"
                    ]
                ],
                "versions": [
                    "versions.yml:md5,d41d8cd98f00b204e9800998ecf8427e"
                ]
            }
        ],
        "timestamp": "2025-06-01T21:22:49.332611331",
        "meta": {
            "nf-test": "0.9.0",
            "nextflow": "25.04.2"
        }
    },
    "Should run without failures": {
        "content": [
            {
                "0": [
                    [
                        {
                            "id": "test"
                        },
                        "test_genes.png:md5,bd86f944331875a9e6d9af65e1937840"
                    ]
                ],
                "1": [
                    "test_mqc.json:md5,a1f7cfd539d377de341d589784095e05"
                ],
                "2": [
                    "versions.yml:md5,6f8f64db282eb789d7d5c4114ea5ac55"
                ],
                "multiqc_files": [
                    "test_mqc.json:md5,a1f7cfd539d377de341d589784095e05"
                ],
                "plot": [
                    [
                        {
                            "id": "test"
                        },
                        "test_genes.png:md5,bd86f944331875a9e6d9af65e1937840"
                    ]
                ],
                "versions": [
                    "versions.yml:md5,6f8f64db282eb789d7d5c4114ea5ac55"
                ]
            },
            {
                "ADATA_UPSETGENES": {
                    "anndata": "0.12.10",
                    "matplotlib": "3.11.1",
                    "python": "3.13.12",
                    "upsetplot": "0.9.0"
                }
            }
        ],
        "timestamp": "2026-08-02T17:26:24.391521",
        "meta": {
            "nf-test": "0.9.5",
            "nextflow": "26.04.4"
        }
    }
}