{
    "Should run without failures - stub": {
        "content": [
            {
                "0": [
                    [
                        {
                            "id": "test"
                        },
                        "test.png:md5,d41d8cd98f00b204e9800998ecf8427e"
                    ]
                ],
                "1": [
                    "test_mqc.json:md5,d41d8cd98f00b204e9800998ecf8427e"
                ],
                "2": [
                    "versions.yml:md5,d41d8cd98f00b204e9800998ecf8427e"
                ],
                "multiqc_files": [
                    "test_mqc.json:md5,d41d8cd98f00b204e9800998ecf8427e"
                ],
                "plot": [
                    [
                        {
                            "id": "test"
                        },
                        "test.png:md5,d41d8cd98f00b204e9800998ecf8427e"
                    ]
                ],
                "versions": [
                    "versions.yml:md5,d41d8cd98f00b204e9800998ecf8427e"
                ]
            }
        ],
        "timestamp": "2025-06-01T21:22:49.332611331",
        "meta": {
            "nf-test": "0.9.0",
            "nextflow": "25.04.2"
        }
    },
    "Should run without failures": {
        "content": [
            {
                "0": [
                    [
                        {
                            "id": "test"
                        },
                        "test_genes.png:md5,e85b36ec33dead62c3a056629d27527c"
                    ]
                ],
                "1": [
                    "test_mqc.json:md5,5f6d907470de8858bc8aa7dc8c825057"
                ],
                "2": [
                    "versions.yml:md5,e45c6196557674c1f638289fd20f6cf3"
                ],
                "multiqc_files": [
                    "test_mqc.json:md5,5f6d907470de8858bc8aa7dc8c825057"
                ],
                "plot": [
                    [
                        {
                            "id": "test"
                        },
                        "test_genes.png:md5,e85b36ec33dead62c3a056629d27527c"
                    ]
                ],
                "versions": [
                    "versions.yml:md5,e45c6196557674c1f638289fd20f6cf3"
                ]
            },
            {
                "ADATA_UPSETGENES": {
                    "anndata": "0.12.10",
                    "matplotlib": "3.10.8",
                    "python": "3.13.12",
                    "upsetplot": "0.9.0"
                }
            }
        ],
        "timestamp": "2026-03-29T14:52:10.760796153",
        "meta": {
            "nf-test": "0.9.4",
            "nextflow": "25.10.2"
        }
    }
}