{
    "Should run without failures - stub": {
        "content": [
            {
                "0": [
                    [
                        {
                            "id": "test"
                        },
                        [
                            "sample1.csv:md5,d41d8cd98f00b204e9800998ecf8427e",
                            "sample2.csv:md5,d41d8cd98f00b204e9800998ecf8427e"
                        ]
                    ]
                ],
                "1": [
                    [
                        "HUGOUNIFIER_GET",
                        "hugo-unifier",
                        "0.3.1"
                    ]
                ],
                "changes": [
                    [
                        {
                            "id": "test"
                        },
                        [
                            "sample1.csv:md5,d41d8cd98f00b204e9800998ecf8427e",
                            "sample2.csv:md5,d41d8cd98f00b204e9800998ecf8427e"
                        ]
                    ]
                ],
                "versions_hugo_unifier": [
                    [
                        "HUGOUNIFIER_GET",
                        "hugo-unifier",
                        "0.3.1"
                    ]
                ]
            }
        ],
        "timestamp": "2026-04-01T21:32:45.741272",
        "meta": {
            "nf-test": "0.9.5",
            "nextflow": "25.10.4"
        }
    },
    "Should run without failures": {
        "content": null,
        "timestamp": "2026-04-01T21:32:33.189241",
        "meta": {
            "nf-test": "0.9.5",
            "nextflow": "25.10.4"
        }
    }
}