{
    "Should process data from scratch": {
        "content": [
            {
                "ADATA_READRDS": {
                    "anndata": "0.11.1",
                    "anndata2ri": "1.3.2",
                    "rpy2": "3.5.11",
                    "pandas": "2.2.3",
                    "seurat": "5.1.0"
                },
                "ADATA_UNIFY": {
                    "anndata": "0.12.10",
                    "numpy": "2.3.5",
                    "python": "3.13.12",
                    "scipy": "1.17.1"
                },
                "CELDA_DECONTX": {
                    "r": "4.5.3",
                    "anndataR": "1.0.2",
                    "celda": "1.26.0"
                },
                "CELLDEX_FETCHREFERENCE": {
                    "R": "R version 4.4.1 (2024-06-14)",
                    "celldex": "1.16.0",
                    "yaml": "2.3.10",
                    "SingleCellExperiment": "1.28.0",
                    "HDF5Array": "1.34.0"
                },
                "CELLTYPES_CELLTYPIST": {
                    "python": "3.12.8",
                    "pandas": "2.2.3",
                    "scanpy": "1.10.4",
                    "celltypist": "1.6.3"
                },
                "CELLTYPES_SINGLER": {
                    "R": "R version 4.5.3 (2026-03-11)",
                    "SingleR": "2.12.0",
                    "celldex": "1.20.0",
                    "anndataR": "1.0.2",
                    "ggplot2": "4.0.2"
                },
                "COLLECT_SIZES": {
                    "pandas": "2.3.3",
                    "python": "3.13.12"
                },
                "DOUBLET_REMOVAL": {
                    "anndata": "0.12.10",
                    "matplotlib": "3.10.8",
                    "pandas": "2.3.3",
                    "python": "3.13.12",
                    "upsetplot": "0.9.0"
                },
                "FINALIZE_QC_ANNDATAS": {
                    "anndata": "0.12.10",
                    "numpy": "2.3.5",
                    "pandas": "2.3.3",
                    "python": "3.13.12"
                },
                "GET_DEDOUBLETED_SIZE": {
                    "python": "3.13.0",
                    "anndata": "0.10.9"
                },
                "GET_FILTERED_SIZE": {
                    "python": "3.13.0",
                    "anndata": "0.10.9"
                },
                "GET_THRESHOLDED_SIZE": {
                    "python": "3.13.0",
                    "anndata": "0.10.9"
                },
                "GET_UNFILTERED_SIZE": {
                    "python": "3.13.0",
                    "anndata": "0.10.9"
                },
                "QC_FILTERED": {
                    "matplotlib": "3.10.8",
                    "python": "3.13.12",
                    "scanpy": "1.12"
                },
                "QC_RAW": {
                    "matplotlib": "3.10.8",
                    "python": "3.13.12",
                    "scanpy": "1.12"
                },
                "QC_REPORT": {
                    "papermill": "2.7.0",
                    "quarto": "1.8.27"
                },
                "SCANPY_CELLCYCLE": {
                    "python": "3.13.12",
                    "scanpy": "1.12"
                },
                "SCANPY_FILTER": {
                    "python": "3.13.12",
                    "scanpy": "1.12"
                },
                "SCANPY_SCRUBLET": {
                    "python": "3.12.11",
                    "scanpy": "1.11.2"
                },
                "SCDS": {
                    "R": "4.3.3",
                    "scds": "1.18.0"
                },
                "UPSET_GENES": {
                    "anndata": "0.12.10",
                    "matplotlib": "3.10.8",
                    "python": "3.13.12",
                    "upsetplot": "0.9.0"
                },
                "Workflow": {
                    "nf-core/scdownstream": "v0.0.1dev"
                }
            },
            [
                "celltypes",
                "celltypes/singler",
                "celltypes/singler/SRR28679756_singler_hpca_celldex_distribution.pdf",
                "celltypes/singler/SRR28679756_singler_hpca_celldex_heatmap.pdf",
                "celltypes/singler/SRR28679756_singler_hpca_direct_distribution.pdf",
                "celltypes/singler/SRR28679756_singler_hpca_direct_heatmap.pdf",
                "celltypes/singler/SRR28679756_singler_immune_celldex_distribution.pdf",
                "celltypes/singler/SRR28679756_singler_immune_celldex_heatmap.pdf",
                "celltypes/singler/SRR28679756_singler_immune_direct_distribution.pdf",
                "celltypes/singler/SRR28679756_singler_immune_direct_heatmap.pdf",
                "celltypes/singler/SRR28679756_singler_predictions.csv",
                "celltypes/singler/SRR28679757_singler_hpca_celldex_distribution.pdf",
                "celltypes/singler/SRR28679757_singler_hpca_celldex_heatmap.pdf",
                "celltypes/singler/SRR28679757_singler_hpca_direct_distribution.pdf",
                "celltypes/singler/SRR28679757_singler_hpca_direct_heatmap.pdf",
                "celltypes/singler/SRR28679757_singler_immune_celldex_distribution.pdf",
                "celltypes/singler/SRR28679757_singler_immune_celldex_heatmap.pdf",
                "celltypes/singler/SRR28679757_singler_immune_direct_distribution.pdf",
                "celltypes/singler/SRR28679757_singler_immune_direct_heatmap.pdf",
                "celltypes/singler/SRR28679757_singler_predictions.csv",
                "celltypes/singler/SRR28679758_singler_hpca_celldex_distribution.pdf",
                "celltypes/singler/SRR28679758_singler_hpca_celldex_heatmap.pdf",
                "celltypes/singler/SRR28679758_singler_hpca_direct_distribution.pdf",
                "celltypes/singler/SRR28679758_singler_hpca_direct_heatmap.pdf",
                "celltypes/singler/SRR28679758_singler_immune_celldex_distribution.pdf",
                "celltypes/singler/SRR28679758_singler_immune_celldex_heatmap.pdf",
                "celltypes/singler/SRR28679758_singler_immune_direct_distribution.pdf",
                "celltypes/singler/SRR28679758_singler_immune_direct_heatmap.pdf",
                "celltypes/singler/SRR28679758_singler_predictions.csv",
                "combine",
                "combine/merge",
                "combine/merge/upset_genes.png",
                "multiqc",
                "pipeline_info",
                "pipeline_info/nf_core_scdownstream_software_mqc_versions.yml",
                "quality_control",
                "quality_control/qc_filtered",
                "quality_control/qc_filtered/SRR28679756_preprocessed_total_counts_vs_n_genes_by_counts.png",
                "quality_control/qc_filtered/SRR28679757_preprocessed_total_counts_vs_n_genes_by_counts.png",
                "quality_control/qc_filtered/SRR28679758_preprocessed_total_counts_vs_n_genes_by_counts.png",
                "quality_control/qc_raw",
                "quality_control/qc_raw/SRR28679756_raw_total_counts_vs_n_genes_by_counts.png",
                "quality_control/qc_raw/SRR28679757_raw_total_counts_vs_n_genes_by_counts.png",
                "quality_control/qc_raw/SRR28679758_raw_total_counts_vs_n_genes_by_counts.png",
                "quality_control/sizes",
                "quality_control/sizes/sizes.tsv",
                "reports",
                "reports/_extensions",
                "reports/_extensions/nf-core",
                "reports/_extensions/nf-core/_extension.yml",
                "reports/_extensions/nf-core/nf-core-scdownstream_logo_light.png",
                "reports/_extensions/nf-core/nf-core.scss",
                "reports/_extensions/nf-core/nf-core.theme",
                "reports/_extensions/nf-core/toc.html",
                "reports/artifacts",
                "reports/artifacts/concatenated.h5ad",
                "reports/params.yml",
                "reports/qc-report.html",
                "reports/qc-report.qmd"
            ],
            [
                "multiqc_citations.txt:md5,4c806e63a283ec1b7e78cdae3a923d4f",
                "_extension.yml:md5,1771443b5d44c88feb54a56c5a9a2319",
                "nf-core.scss:md5,b9826d146ce24fe3d3c51bfd4e450baa",
                "nf-core.theme:md5,ac9559ae18b3f513cf7a5419e4a69c24",
                "toc.html:md5,fe6831ffaecfb53058310943d42942ca",
                "params.yml:md5,cd7fb3f941b1b5ad10a8e413ad70623c",
                "qc-report.qmd:md5,1f56aafa1a5ca0b10d27f0db34a5c2ff"
            ]
        ],
        "timestamp": "2026-04-09T19:07:55.691884",
        "meta": {
            "nf-test": "0.9.5",
            "nextflow": "25.10.4"
        }
    }
}