{
    "Should be able to perform subclustering": {
        "content": [
            {
                "ADATA_EXTEND": {
                    "anndata": "0.13.2",
                    "numpy": "2.5.1",
                    "pandas": "3.0.5",
                    "python": "3.13.14"
                },
                "ADATA_SPLITEMBEDDINGS": {
                    "anndata": "0.13.2",
                    "python": "3.13.14"
                },
                "ENTROPY": {
                    "python": "3.13.14",
                    "scanpy": "1.12.3",
                    "scipy": "1.18.0"
                },
                "LEIDEN": {
                    "python": "3.13.14",
                    "scanpy": "1.12.3"
                },
                "NEIGHBORS": {
                    "python": "3.13.14",
                    "scanpy": "1.12.3"
                },
                "QC_REPORT": {
                    "papermill": "2.7.0",
                    "quarto": "1.8.27"
                },
                "SCANPY_PAGA": {
                    "python": "3.13.14",
                    "scanpy": "1.12.3"
                },
                "SCANPY_RANKGENESGROUPS": {
                    "pandas": "3.0.5",
                    "python": "3.13.14",
                    "scanpy": "1.12.3"
                },
                "SPLITCOL": {
                    "anndata": "0.13.2",
                    "python": "3.13.14"
                },
                "UMAP": {
                    "pandas": "3.0.5",
                    "python": "3.13.14",
                    "scanpy": "1.12.3"
                },
                "Workflow": {
                    "nf-core/scdownstream": "v0.0.1dev"
                },
                "liana": "1.6.1",
                "python": "3.12.13",
                "scanpy": "1.12.3"
            },
            [
                "05_cluster_dimred",
                "05_cluster_dimred/scvi",
                "05_cluster_dimred/scvi/entropy",
                "05_cluster_dimred/scvi/entropy/scvi-SRR28679756-0.5_entropy.png",
                "05_cluster_dimred/scvi/entropy/scvi-SRR28679756-1.0_entropy.png",
                "05_cluster_dimred/scvi/entropy/scvi-SRR28679757-0.5_entropy.png",
                "05_cluster_dimred/scvi/entropy/scvi-SRR28679757-1.0_entropy.png",
                "05_cluster_dimred/scvi/entropy/scvi-SRR28679758-0.5_entropy.png",
                "05_cluster_dimred/scvi/entropy/scvi-SRR28679758-1.0_entropy.png",
                "05_cluster_dimred/scvi/leiden",
                "05_cluster_dimred/scvi/leiden/scvi-SRR28679756-0.5_leiden.png",
                "05_cluster_dimred/scvi/leiden/scvi-SRR28679756-1.0_leiden.png",
                "05_cluster_dimred/scvi/leiden/scvi-SRR28679757-0.5_leiden.png",
                "05_cluster_dimred/scvi/leiden/scvi-SRR28679757-1.0_leiden.png",
                "05_cluster_dimred/scvi/leiden/scvi-SRR28679758-0.5_leiden.png",
                "05_cluster_dimred/scvi/leiden/scvi-SRR28679758-1.0_leiden.png",
                "06_per_group",
                "09_finalized",
                "09_finalized/base.h5ad",
                "09_finalized/base_metadata.csv",
                "10_reports",
                "10_reports/_extensions",
                "10_reports/_extensions/nf-core",
                "10_reports/_extensions/nf-core/_extension.yml",
                "10_reports/_extensions/nf-core/nf-core-scdownstream_logo_light.png",
                "10_reports/_extensions/nf-core/nf-core.scss",
                "10_reports/_extensions/nf-core/nf-core.theme",
                "10_reports/_extensions/nf-core/toc.html",
                "10_reports/params.yml",
                "10_reports/qc-report.html",
                "10_reports/qc-report.qmd",
                "11_multiqc",
                "adata",
                "adata/scvi.h5ad",
                "pipeline_info",
                "pipeline_info/nf_core_scdownstream_software_mqc_versions.yml",
                "splitcol",
                "splitcol/SRR28679756.h5ad",
                "splitcol/SRR28679757.h5ad",
                "splitcol/SRR28679758.h5ad"
            ],
            [
                "_extension.yml:md5,1771443b5d44c88feb54a56c5a9a2319",
                "nf-core.scss:md5,b9826d146ce24fe3d3c51bfd4e450baa",
                "nf-core.theme:md5,ac9559ae18b3f513cf7a5419e4a69c24",
                "toc.html:md5,fe6831ffaecfb53058310943d42942ca",
                "params.yml:md5,dba27060f41cac7c739000e07a760569",
                "qc-report.qmd:md5,13061014a897b3fbdafd6ea3212df0e0",
                "multiqc_citations.txt:md5,4c806e63a283ec1b7e78cdae3a923d4f"
            ]
        ],
        "timestamp": "2026-08-08T16:36:46.492366261",
        "meta": {
            "nf-test": "0.9.4",
            "nextflow": "26.04.6"
        }
    }
}