{
    "Should run without failures - stub": {
        "content": [
            {
                "0": [
                    [
                        {
                            "id": "test"
                        },
                        "test.h5ad:md5,d41d8cd98f00b204e9800998ecf8427e"
                    ]
                ],
                "1": [
                    "versions.yml:md5,d41d8cd98f00b204e9800998ecf8427e"
                ],
                "h5ad": [
                    [
                        {
                            "id": "test"
                        },
                        "test.h5ad:md5,d41d8cd98f00b204e9800998ecf8427e"
                    ]
                ],
                "versions": [
                    "versions.yml:md5,d41d8cd98f00b204e9800998ecf8427e"
                ]
            }
        ],
        "timestamp": "2025-06-02T13:34:23.053984966",
        "meta": {
            "nf-test": "0.9.0",
            "nextflow": "25.04.2"
        }
    },
    "Should run without failures": {
        "content": [
            {
                "0": [
                    [
                        {
                            "id": "test"
                        },
                        "test.h5ad:md5,a75d97e4b18b7c5c9c524961057b26b8"
                    ]
                ],
                "1": [
                    "versions.yml:md5,851211e69b17c771af119cdfa10a1f12"
                ],
                "h5ad": [
                    [
                        {
                            "id": "test"
                        },
                        "test.h5ad:md5,a75d97e4b18b7c5c9c524961057b26b8"
                    ]
                ],
                "versions": [
                    "versions.yml:md5,851211e69b17c771af119cdfa10a1f12"
                ]
            },
            {
                "SCANPY_READH5": {
                    "pandas": "3.0.5",
                    "python": "3.13.12",
                    "scanpy": "1.12.3"
                }
            },
            {
                "n_obs": 1107,
                "n_vars": 507,
                "obs": {
                    "index": "_index",
                    "columns": [
                        
                    ]
                },
                "var": {
                    "index": "_index",
                    "columns": [
                        "gene_ids",
                        "feature_types",
                        "genome"
                    ]
                },
                "layers": [
                    
                ],
                "obsm": [
                    
                ],
                "varm": [
                    
                ],
                "obsp": [
                    
                ],
                "varp": [
                    
                ],
                "uns": [
                    
                ]
            }
        ],
        "timestamp": "2026-08-10T18:34:43.496314273",
        "meta": {
            "nf-test": "0.9.4",
            "nextflow": "26.04.6"
        }
    }
}