{
    "Should run without failures - with fragments": {
        "content": [
            [
                [
                    {
                        "id": "test"
                    },
                    "test.h5ad:md5,88250dce39d3ebc42b13639bb9a9bc81"
                ]
            ],
            [
                {
                    "FINALIZE:ADATA_EXTEND": {
                        "anndata": "0.12.10",
                        "numpy": "2.3.5",
                        "pandas": "2.3.3",
                        "python": "3.13.12"
                    }
                },
                {
                    "FINALIZE:ADATA_TORDS": {
                        "anndataR": "1.0.2"
                    }
                }
            ],
            {
                "n_obs": 23373,
                "n_vars": 9887,
                "obs": {
                    "index": "_index",
                    "columns": [
                        "batch",
                        "celltypist:Adult_Human_Skin",
                        "celltypist:Adult_Human_Skin:conf",
                        "label",
                        "n_counts",
                        "n_genes",
                        "n_genes_by_counts",
                        "pct_counts_mt",
                        "sample",
                        "sample_original",
                        "scvi-global-1.0_leiden",
                        "total_counts",
                        "total_counts_mt"
                    ]
                },
                "var": {
                    "index": "_index",
                    "columns": [
                        
                    ]
                },
                "layers": [
                    
                ],
                "obsm": [
                    "X_scvi"
                ],
                "varm": [
                    
                ],
                "obsp": [
                    
                ],
                "varp": [
                    
                ],
                "uns": [
                    "scvi-global-1.0_paga"
                ]
            }
        ],
        "timestamp": "2026-03-29T11:12:29.040402189",
        "meta": {
            "nf-test": "0.9.4",
            "nextflow": "25.10.2"
        }
    },
    "Should run without failures - with prep_cellxgene": {
        "content": [
            [
                [
                    {
                        "id": "test"
                    },
                    "test.h5ad:md5,f1586170686d73b8143e95aad0f331ce"
                ]
            ],
            [
                {
                    "FINALIZE:ADATA_PREPCELLXGENE": {
                        "anndata": "0.12.10",
                        "numpy": "2.3.5",
                        "python": "3.13.12",
                        "scipy": "1.17.1"
                    }
                },
                {
                    "FINALIZE:ADATA_EXTEND": {
                        "anndata": "0.12.10",
                        "numpy": "2.3.5",
                        "pandas": "2.3.3",
                        "python": "3.13.12"
                    }
                },
                {
                    "FINALIZE:ADATA_TORDS": {
                        "anndataR": "1.0.2"
                    }
                }
            ],
            {
                "n_obs": 23373,
                "n_vars": 9887,
                "obs": {
                    "index": "_index",
                    "columns": [
                        "batch",
                        "celltypist:Adult_Human_Skin",
                        "celltypist:Adult_Human_Skin:conf",
                        "label",
                        "n_counts",
                        "n_genes",
                        "n_genes_by_counts",
                        "pct_counts_mt",
                        "sample",
                        "sample_original",
                        "total_counts",
                        "total_counts_mt"
                    ]
                },
                "var": {
                    "index": "_index",
                    "columns": [
                        
                    ]
                },
                "layers": [
                    
                ],
                "obsm": [
                    
                ],
                "varm": [
                    
                ],
                "obsp": [
                    
                ],
                "varp": [
                    
                ],
                "uns": [
                    
                ]
            }
        ],
        "timestamp": "2026-03-29T11:13:56.762622049",
        "meta": {
            "nf-test": "0.9.4",
            "nextflow": "25.10.2"
        }
    },
    "Should run without failures - with fragments - stub": {
        "content": [
            {
                "0": [
                    [
                        {
                            "id": "test"
                        },
                        "test.h5ad:md5,d41d8cd98f00b204e9800998ecf8427e"
                    ]
                ],
                "1": [
                    "versions.yml:md5,d41d8cd98f00b204e9800998ecf8427e",
                    "versions.yml:md5,d41d8cd98f00b204e9800998ecf8427e"
                ],
                "h5ad": [
                    [
                        {
                            "id": "test"
                        },
                        "test.h5ad:md5,d41d8cd98f00b204e9800998ecf8427e"
                    ]
                ],
                "versions": [
                    "versions.yml:md5,d41d8cd98f00b204e9800998ecf8427e",
                    "versions.yml:md5,d41d8cd98f00b204e9800998ecf8427e"
                ]
            }
        ],
        "timestamp": "2026-03-28T18:21:21.411777638",
        "meta": {
            "nf-test": "0.9.4",
            "nextflow": "25.10.2"
        }
    },
    "Should run without failures - no fragments - stub": {
        "content": [
            {
                "0": [
                    [
                        {
                            "id": "test"
                        },
                        "test.h5ad:md5,d41d8cd98f00b204e9800998ecf8427e"
                    ]
                ],
                "1": [
                    "versions.yml:md5,d41d8cd98f00b204e9800998ecf8427e",
                    "versions.yml:md5,d41d8cd98f00b204e9800998ecf8427e"
                ],
                "h5ad": [
                    [
                        {
                            "id": "test"
                        },
                        "test.h5ad:md5,d41d8cd98f00b204e9800998ecf8427e"
                    ]
                ],
                "versions": [
                    "versions.yml:md5,d41d8cd98f00b204e9800998ecf8427e",
                    "versions.yml:md5,d41d8cd98f00b204e9800998ecf8427e"
                ]
            }
        ],
        "timestamp": "2026-03-28T18:22:08.331764694",
        "meta": {
            "nf-test": "0.9.4",
            "nextflow": "25.10.2"
        }
    },
    "Should run without failures - no fragments": {
        "content": [
            [
                [
                    {
                        "id": "test"
                    },
                    "test.h5ad:md5,f1586170686d73b8143e95aad0f331ce"
                ]
            ],
            [
                {
                    "FINALIZE:ADATA_EXTEND": {
                        "anndata": "0.12.10",
                        "numpy": "2.3.5",
                        "pandas": "2.3.3",
                        "python": "3.13.12"
                    }
                },
                {
                    "FINALIZE:ADATA_TORDS": {
                        "anndataR": "1.0.2"
                    }
                }
            ],
            {
                "n_obs": 23373,
                "n_vars": 9887,
                "obs": {
                    "index": "_index",
                    "columns": [
                        "batch",
                        "celltypist:Adult_Human_Skin",
                        "celltypist:Adult_Human_Skin:conf",
                        "label",
                        "n_counts",
                        "n_genes",
                        "n_genes_by_counts",
                        "pct_counts_mt",
                        "sample",
                        "sample_original",
                        "total_counts",
                        "total_counts_mt"
                    ]
                },
                "var": {
                    "index": "_index",
                    "columns": [
                        
                    ]
                },
                "layers": [
                    
                ],
                "obsm": [
                    
                ],
                "varm": [
                    
                ],
                "obsp": [
                    
                ],
                "varp": [
                    
                ],
                "uns": [
                    
                ]
            }
        ],
        "timestamp": "2026-03-29T11:13:12.249331199",
        "meta": {
            "nf-test": "0.9.4",
            "nextflow": "25.10.2"
        }
    }
}