{
    "Should run without failures - stub": {
        "content": [
            {
                "0": [
                    [
                        {
                            "id": "test"
                        },
                        "test.h5ad:md5,d41d8cd98f00b204e9800998ecf8427e"
                    ]
                ],
                "1": [
                    "versions.yml:md5,d41d8cd98f00b204e9800998ecf8427e"
                ],
                "h5ad": [
                    [
                        {
                            "id": "test"
                        },
                        "test.h5ad:md5,d41d8cd98f00b204e9800998ecf8427e"
                    ]
                ],
                "versions": [
                    "versions.yml:md5,d41d8cd98f00b204e9800998ecf8427e"
                ]
            }
        ],
        "timestamp": "2025-06-01T20:33:41.374900824",
        "meta": {
            "nf-test": "0.9.0",
            "nextflow": "25.04.2"
        }
    },
    "Should run without failures": {
        "content": [
            {
                "0": [
                    [
                        {
                            "id": "test"
                        },
                        "test.h5ad:md5,4a7b75d61df14a5bf3edc9bcfc84c905"
                    ]
                ],
                "1": [
                    "versions.yml:md5,e1d7ad6f60fb43f837182c845634fc3a"
                ],
                "h5ad": [
                    [
                        {
                            "id": "test"
                        },
                        "test.h5ad:md5,4a7b75d61df14a5bf3edc9bcfc84c905"
                    ]
                ],
                "versions": [
                    "versions.yml:md5,e1d7ad6f60fb43f837182c845634fc3a"
                ]
            },
            {
                "ADATA_MYGENE": {
                    "anndata": "0.13.2",
                    "mygene": "3.2.2",
                    "python": "3.14.6"
                }
            },
            {
                "n_obs": 7373,
                "n_vars": 9887,
                "obs": {
                    "index": "_index",
                    "columns": [
                        "sample"
                    ]
                },
                "var": {
                    "index": "_index",
                    "columns": [
                        "symbols"
                    ]
                },
                "layers": [
                    
                ],
                "obsm": [
                    
                ],
                "varm": [
                    
                ],
                "obsp": [
                    
                ],
                "varp": [
                    
                ],
                "uns": [
                    
                ]
            }
        ],
        "timestamp": "2026-08-03T18:42:04.232736",
        "meta": {
            "nf-test": "0.9.5",
            "nextflow": "26.04.4"
        }
    }
}