{
    "Should run without failures - stub": {
        "content": [
            {
                "0": [
                    [
                        {
                            "id": "test"
                        },
                        "test_hugounifier.h5ad:md5,d41d8cd98f00b204e9800998ecf8427e"
                    ]
                ],
                "1": [
                    [
                        "HUGOUNIFIER_APPLY",
                        "hugo-unifier",
                        "0.3.1"
                    ]
                ],
                "h5ad": [
                    [
                        {
                            "id": "test"
                        },
                        "test_hugounifier.h5ad:md5,d41d8cd98f00b204e9800998ecf8427e"
                    ]
                ],
                "versions_hugo_unifier": [
                    [
                        "HUGOUNIFIER_APPLY",
                        "hugo-unifier",
                        "0.3.1"
                    ]
                ]
            }
        ],
        "timestamp": "2026-04-01T21:30:55.233019",
        "meta": {
            "nf-test": "0.9.5",
            "nextflow": "25.10.4"
        }
    },
    "Should run without failures": {
        "content": [
            null,
            {
                "n_obs": 12940,
                "n_vars": 9887,
                "obs": {
                    "index": "_index",
                    "columns": [
                        "sample"
                    ]
                },
                "var": {
                    "index": "_index",
                    "columns": [
                        "symbols"
                    ]
                },
                "layers": [
                    "counts"
                ],
                "obsm": [
                    
                ],
                "varm": [
                    
                ],
                "obsp": [
                    
                ],
                "varp": [
                    
                ],
                "uns": [
                    
                ]
            }
        ],
        "timestamp": "2026-04-01T21:30:42.63053",
        "meta": {
            "nf-test": "0.9.5",
            "nextflow": "25.10.4"
        }
    }
}