{
    "Should run without failures - stub": {
        "content": [
            {
                "0": [
                    [
                        {
                            "id": "test"
                        },
                        "test.h5ad:md5,d41d8cd98f00b204e9800998ecf8427e"
                    ]
                ],
                "1": [
                    "test_annotate.pkl:md5,d41d8cd98f00b204e9800998ecf8427e"
                ],
                "2": [
                    "X_test.pkl:md5,d41d8cd98f00b204e9800998ecf8427e"
                ],
                "integrations": [
                    [
                        {
                            "id": "test"
                        },
                        "test.h5ad:md5,d41d8cd98f00b204e9800998ecf8427e"
                    ]
                ],
                "obs": [
                    "test_annotate.pkl:md5,d41d8cd98f00b204e9800998ecf8427e"
                ],
                "obsm": [
                    "X_test.pkl:md5,d41d8cd98f00b204e9800998ecf8427e"
                ]
            }
        ],
        "timestamp": "2026-05-20T21:19:52.076017106",
        "meta": {
            "nf-test": "0.9.4",
            "nextflow": "26.04.0"
        }
    },
    "Should run without failures - stub - uncompressed model": {
        "content": [
            {
                "0": [
                    [
                        {
                            "id": "test"
                        },
                        "test.h5ad:md5,d41d8cd98f00b204e9800998ecf8427e"
                    ]
                ],
                "1": [
                    "test_annotate.pkl:md5,d41d8cd98f00b204e9800998ecf8427e"
                ],
                "2": [
                    "X_test.pkl:md5,d41d8cd98f00b204e9800998ecf8427e"
                ],
                "integrations": [
                    [
                        {
                            "id": "test"
                        },
                        "test.h5ad:md5,d41d8cd98f00b204e9800998ecf8427e"
                    ]
                ],
                "obs": [
                    "test_annotate.pkl:md5,d41d8cd98f00b204e9800998ecf8427e"
                ],
                "obsm": [
                    "X_test.pkl:md5,d41d8cd98f00b204e9800998ecf8427e"
                ]
            }
        ],
        "timestamp": "2026-05-20T21:20:18.286795496",
        "meta": {
            "nf-test": "0.9.4",
            "nextflow": "26.04.0"
        }
    }
}