{
    "Should run without failures - stub": {
        "content": [
            {
                "0": [
                    [
                        {
                            "id": "test"
                        },
                        "test.rds:md5,d41d8cd98f00b204e9800998ecf8427e"
                    ]
                ],
                "1": [
                    "versions.yml:md5,d41d8cd98f00b204e9800998ecf8427e"
                ],
                "rds": [
                    [
                        {
                            "id": "test"
                        },
                        "test.rds:md5,d41d8cd98f00b204e9800998ecf8427e"
                    ]
                ],
                "versions": [
                    "versions.yml:md5,d41d8cd98f00b204e9800998ecf8427e"
                ]
            }
        ],
        "timestamp": "2025-06-01T21:20:06.728038404",
        "meta": {
            "nf-test": "0.9.0",
            "nextflow": "25.04.2"
        }
    },
    "Should run without failures": {
        "content": [
            {
                "0": [
                    [
                        {
                            "id": "test"
                        },
                        "test.rds:md5,35c6b2a9fbb398360ca7ac7397504f36"
                    ]
                ],
                "1": [
                    "versions.yml:md5,bf93dcd42995e7fa34eac37384568f9d"
                ],
                "rds": [
                    [
                        {
                            "id": "test"
                        },
                        "test.rds:md5,35c6b2a9fbb398360ca7ac7397504f36"
                    ]
                ],
                "versions": [
                    "versions.yml:md5,bf93dcd42995e7fa34eac37384568f9d"
                ]
            },
            {
                "ADATA_TORDS": {
                    "anndataR": "1.0.2"
                }
            }
        ],
        "timestamp": "2026-08-02T17:05:49.543266",
        "meta": {
            "nf-test": "0.9.5",
            "nextflow": "26.04.4"
        }
    }
}