{
    "Should call cells from an unfiltered matrix - stub": {
        "content": [
            {
                "0": [
                    [
                        {
                            "id": "test"
                        },
                        "test_barcodes.csv:md5,d41d8cd98f00b204e9800998ecf8427e"
                    ]
                ],
                "1": [
                    [
                        {
                            "id": "test"
                        },
                        "test_results.csv:md5,d41d8cd98f00b204e9800998ecf8427e"
                    ]
                ],
                "2": [
                    "versions.yml:md5,d41d8cd98f00b204e9800998ecf8427e"
                ],
                "barcodes": [
                    [
                        {
                            "id": "test"
                        },
                        "test_barcodes.csv:md5,d41d8cd98f00b204e9800998ecf8427e"
                    ]
                ],
                "results": [
                    [
                        {
                            "id": "test"
                        },
                        "test_results.csv:md5,d41d8cd98f00b204e9800998ecf8427e"
                    ]
                ],
                "versions": [
                    "versions.yml:md5,d41d8cd98f00b204e9800998ecf8427e"
                ]
            }
        ],
        "timestamp": "2026-09-27T16:35:25.582921869",
        "meta": {
            "nf-test": "0.9.4",
            "nextflow": "26.04.6"
        }
    },
    "Should call cells from an unfiltered matrix": {
        "content": [
            [
                [
                    {
                        "id": "test"
                    },
                    "test_barcodes.csv:md5,3101099c97dcf93db7021b3d5db8b7c4"
                ]
            ],
            "test_results.csv",
            300001,
            {
                "DROPLETUTILS_EMPTYDROPS": {
                    "r": "4.5.3",
                    "anndataR": "1.0.2",
                    "DropletUtils": "1.30.0"
                }
            }
        ],
        "timestamp": "2026-09-27T16:35:05.31898427",
        "meta": {
            "nf-test": "0.9.4",
            "nextflow": "26.04.6"
        }
    }
}