{
    "Should run without failures - PAGA only": {
        "content": [
            [
                {
                    "PER_GROUP:SCANPY_PAGA": {
                        "python": "3.13.12",
                        "scanpy": "1.12"
                    }
                }
            ]
        ],
        "timestamp": "2026-03-29T13:29:55.686223135",
        "meta": {
            "nf-test": "0.9.4",
            "nextflow": "25.10.2"
        }
    },
    "Should run without failures - PAGA only - stub": {
        "content": [
            {
                "0": [
                    "test_paga.pkl:md5,d41d8cd98f00b204e9800998ecf8427e"
                ],
                "1": [
                    "test_paga_mqc.json:md5,d41d8cd98f00b204e9800998ecf8427e"
                ],
                "2": [
                    "versions.yml:md5,d41d8cd98f00b204e9800998ecf8427e"
                ],
                "multiqc_files": [
                    "test_paga_mqc.json:md5,d41d8cd98f00b204e9800998ecf8427e"
                ],
                "uns": [
                    "test_paga.pkl:md5,d41d8cd98f00b204e9800998ecf8427e"
                ],
                "versions": [
                    "versions.yml:md5,d41d8cd98f00b204e9800998ecf8427e"
                ]
            }
        ],
        "timestamp": "2026-03-29T13:27:01.860499372",
        "meta": {
            "nf-test": "0.9.4",
            "nextflow": "25.10.2"
        }
    },
    "Should run without failures - full run": {
        "content": [
            [
                {
                    "PER_GROUP:DIFFERENTIAL_EXPRESSION:SCANPY_RANKGENESGROUPS": {
                        "pandas": "2.3.3",
                        "python": "3.13.12",
                        "scanpy": "1.12"
                    }
                },
                {
                    "PER_GROUP:DIFFERENTIAL_EXPRESSION:SCANPY_RANKGENESGROUPS": {
                        "pandas": "2.3.3",
                        "python": "3.13.12",
                        "scanpy": "1.12"
                    }
                },
                {
                    "PER_GROUP:DIFFERENTIAL_EXPRESSION:SCANPY_RANKGENESGROUPS": {
                        "pandas": "2.3.3",
                        "python": "3.13.12",
                        "scanpy": "1.12"
                    }
                },
                {
                    "PER_GROUP:DIFFERENTIAL_EXPRESSION:SCANPY_RANKGENESGROUPS": {
                        "pandas": "2.3.3",
                        "python": "3.13.12",
                        "scanpy": "1.12"
                    }
                },
                {
                    "PER_GROUP:DIFFERENTIAL_EXPRESSION:SCANPY_RANKGENESGROUPS": {
                        "pandas": "2.3.3",
                        "python": "3.13.12",
                        "scanpy": "1.12"
                    }
                },
                {
                    "PER_GROUP:DIFFERENTIAL_EXPRESSION:SCANPY_RANKGENESGROUPS": {
                        "pandas": "2.3.3",
                        "python": "3.13.12",
                        "scanpy": "1.12"
                    }
                },
                {
                    "PER_GROUP:DIFFERENTIAL_EXPRESSION:SCANPY_RANKGENESGROUPS": {
                        "pandas": "2.3.3",
                        "python": "3.13.12",
                        "scanpy": "1.12"
                    }
                },
                {
                    "PER_GROUP:DIFFERENTIAL_EXPRESSION:SCANPY_RANKGENESGROUPS": {
                        "pandas": "2.3.3",
                        "python": "3.13.12",
                        "scanpy": "1.12"
                    }
                },
                {
                    "PER_GROUP:DIFFERENTIAL_EXPRESSION:SCANPY_RANKGENESGROUPS": {
                        "pandas": "2.3.3",
                        "python": "3.13.12",
                        "scanpy": "1.12"
                    }
                },
                {
                    "PER_GROUP:DIFFERENTIAL_EXPRESSION:SCANPY_RANKGENESGROUPS": {
                        "pandas": "2.3.3",
                        "python": "3.13.12",
                        "scanpy": "1.12"
                    }
                },
                {
                    "PER_GROUP:DIFFERENTIAL_EXPRESSION:SCANPY_RANKGENESGROUPS": {
                        "pandas": "2.3.3",
                        "python": "3.13.12",
                        "scanpy": "1.12"
                    }
                },
                {
                    "PER_GROUP:DIFFERENTIAL_EXPRESSION:SCANPY_RANKGENESGROUPS": {
                        "pandas": "2.3.3",
                        "python": "3.13.12",
                        "scanpy": "1.12"
                    }
                },
                {
                    "PER_GROUP:DIFFERENTIAL_EXPRESSION:SCANPY_RANKGENESGROUPS": {
                        "pandas": "2.3.3",
                        "python": "3.13.12",
                        "scanpy": "1.12"
                    }
                },
                {
                    "PER_GROUP:DIFFERENTIAL_EXPRESSION:SCANPY_RANKGENESGROUPS": {
                        "pandas": "2.3.3",
                        "python": "3.13.12",
                        "scanpy": "1.12"
                    }
                },
                {
                    "PER_GROUP:DIFFERENTIAL_EXPRESSION:SCANPY_RANKGENESGROUPS": {
                        "pandas": "2.3.3",
                        "python": "3.13.12",
                        "scanpy": "1.12"
                    }
                },
                {
                    "PER_GROUP:DIFFERENTIAL_EXPRESSION:SCANPY_RANKGENESGROUPS": {
                        "pandas": "2.3.3",
                        "python": "3.13.12",
                        "scanpy": "1.12"
                    }
                },
                {
                    "liana": "1.6.1",
                    "python": "3.12.12",
                    "scanpy": "1.11.5"
                },
                {
                    "PER_GROUP:SCANPY_PAGA": {
                        "python": "3.13.12",
                        "scanpy": "1.12"
                    }
                }
            ]
        ],
        "timestamp": "2026-03-29T13:32:00.149772102",
        "meta": {
            "nf-test": "0.9.4",
            "nextflow": "25.10.2"
        }
    },
    "Should run without failures - full run - stub": {
        "content": [
            {
                "0": [
                    "condition:leiden:0_characteristic_genes.pkl:md5,d41d8cd98f00b204e9800998ecf8427e",
                    "condition:leiden:10_characteristic_genes.pkl:md5,d41d8cd98f00b204e9800998ecf8427e",
                    "condition:leiden:11_characteristic_genes.pkl:md5,d41d8cd98f00b204e9800998ecf8427e",
                    "condition:leiden:1_characteristic_genes.pkl:md5,d41d8cd98f00b204e9800998ecf8427e",
                    "condition:leiden:2_characteristic_genes.pkl:md5,d41d8cd98f00b204e9800998ecf8427e",
                    "condition:leiden:3_characteristic_genes.pkl:md5,d41d8cd98f00b204e9800998ecf8427e",
                    "condition:leiden:4_characteristic_genes.pkl:md5,d41d8cd98f00b204e9800998ecf8427e",
                    "condition:leiden:5_characteristic_genes.pkl:md5,d41d8cd98f00b204e9800998ecf8427e",
                    "condition:leiden:6_characteristic_genes.pkl:md5,d41d8cd98f00b204e9800998ecf8427e",
                    "condition:leiden:7_characteristic_genes.pkl:md5,d41d8cd98f00b204e9800998ecf8427e",
                    "condition:leiden:8_characteristic_genes.pkl:md5,d41d8cd98f00b204e9800998ecf8427e",
                    "condition:leiden:9_characteristic_genes.pkl:md5,d41d8cd98f00b204e9800998ecf8427e",
                    "leiden:condition:Disease_characteristic_genes.pkl:md5,d41d8cd98f00b204e9800998ecf8427e",
                    "leiden:condition:Healthy_characteristic_genes.pkl:md5,d41d8cd98f00b204e9800998ecf8427e",
                    "leiden:condition:Treated_characteristic_genes.pkl:md5,d41d8cd98f00b204e9800998ecf8427e",
                    "leiden_characteristic_genes.pkl:md5,d41d8cd98f00b204e9800998ecf8427e",
                    "test_liana.pkl:md5,d41d8cd98f00b204e9800998ecf8427e",
                    "test_paga.pkl:md5,d41d8cd98f00b204e9800998ecf8427e"
                ],
                "1": [
                    "condition:leiden:0_characteristic_genes_mqc.json:md5,d41d8cd98f00b204e9800998ecf8427e",
                    "condition:leiden:10_characteristic_genes_mqc.json:md5,d41d8cd98f00b204e9800998ecf8427e",
                    "condition:leiden:11_characteristic_genes_mqc.json:md5,d41d8cd98f00b204e9800998ecf8427e",
                    "condition:leiden:1_characteristic_genes_mqc.json:md5,d41d8cd98f00b204e9800998ecf8427e",
                    "condition:leiden:2_characteristic_genes_mqc.json:md5,d41d8cd98f00b204e9800998ecf8427e",
                    "condition:leiden:3_characteristic_genes_mqc.json:md5,d41d8cd98f00b204e9800998ecf8427e",
                    "condition:leiden:4_characteristic_genes_mqc.json:md5,d41d8cd98f00b204e9800998ecf8427e",
                    "condition:leiden:5_characteristic_genes_mqc.json:md5,d41d8cd98f00b204e9800998ecf8427e",
                    "condition:leiden:6_characteristic_genes_mqc.json:md5,d41d8cd98f00b204e9800998ecf8427e",
                    "condition:leiden:7_characteristic_genes_mqc.json:md5,d41d8cd98f00b204e9800998ecf8427e",
                    "condition:leiden:8_characteristic_genes_mqc.json:md5,d41d8cd98f00b204e9800998ecf8427e",
                    "condition:leiden:9_characteristic_genes_mqc.json:md5,d41d8cd98f00b204e9800998ecf8427e",
                    "leiden:condition:Disease_characteristic_genes_mqc.json:md5,d41d8cd98f00b204e9800998ecf8427e",
                    "leiden:condition:Healthy_characteristic_genes_mqc.json:md5,d41d8cd98f00b204e9800998ecf8427e",
                    "leiden:condition:Treated_characteristic_genes_mqc.json:md5,d41d8cd98f00b204e9800998ecf8427e",
                    "leiden_characteristic_genes_mqc.json:md5,d41d8cd98f00b204e9800998ecf8427e",
                    "test_paga_mqc.json:md5,d41d8cd98f00b204e9800998ecf8427e"
                ],
                "2": [
                    "versions.yml:md5,d41d8cd98f00b204e9800998ecf8427e",
                    "versions.yml:md5,d41d8cd98f00b204e9800998ecf8427e",
                    "versions.yml:md5,d41d8cd98f00b204e9800998ecf8427e",
                    "versions.yml:md5,d41d8cd98f00b204e9800998ecf8427e",
                    "versions.yml:md5,d41d8cd98f00b204e9800998ecf8427e",
                    "versions.yml:md5,d41d8cd98f00b204e9800998ecf8427e",
                    "versions.yml:md5,d41d8cd98f00b204e9800998ecf8427e",
                    "versions.yml:md5,d41d8cd98f00b204e9800998ecf8427e",
                    "versions.yml:md5,d41d8cd98f00b204e9800998ecf8427e",
                    "versions.yml:md5,d41d8cd98f00b204e9800998ecf8427e",
                    "versions.yml:md5,d41d8cd98f00b204e9800998ecf8427e",
                    "versions.yml:md5,d41d8cd98f00b204e9800998ecf8427e",
                    "versions.yml:md5,d41d8cd98f00b204e9800998ecf8427e",
                    "versions.yml:md5,d41d8cd98f00b204e9800998ecf8427e",
                    "versions.yml:md5,d41d8cd98f00b204e9800998ecf8427e",
                    "versions.yml:md5,d41d8cd98f00b204e9800998ecf8427e",
                    "versions.yml:md5,d41d8cd98f00b204e9800998ecf8427e",
                    "versions.yml:md5,d41d8cd98f00b204e9800998ecf8427e"
                ],
                "multiqc_files": [
                    "condition:leiden:0_characteristic_genes_mqc.json:md5,d41d8cd98f00b204e9800998ecf8427e",
                    "condition:leiden:10_characteristic_genes_mqc.json:md5,d41d8cd98f00b204e9800998ecf8427e",
                    "condition:leiden:11_characteristic_genes_mqc.json:md5,d41d8cd98f00b204e9800998ecf8427e",
                    "condition:leiden:1_characteristic_genes_mqc.json:md5,d41d8cd98f00b204e9800998ecf8427e",
                    "condition:leiden:2_characteristic_genes_mqc.json:md5,d41d8cd98f00b204e9800998ecf8427e",
                    "condition:leiden:3_characteristic_genes_mqc.json:md5,d41d8cd98f00b204e9800998ecf8427e",
                    "condition:leiden:4_characteristic_genes_mqc.json:md5,d41d8cd98f00b204e9800998ecf8427e",
                    "condition:leiden:5_characteristic_genes_mqc.json:md5,d41d8cd98f00b204e9800998ecf8427e",
                    "condition:leiden:6_characteristic_genes_mqc.json:md5,d41d8cd98f00b204e9800998ecf8427e",
                    "condition:leiden:7_characteristic_genes_mqc.json:md5,d41d8cd98f00b204e9800998ecf8427e",
                    "condition:leiden:8_characteristic_genes_mqc.json:md5,d41d8cd98f00b204e9800998ecf8427e",
                    "condition:leiden:9_characteristic_genes_mqc.json:md5,d41d8cd98f00b204e9800998ecf8427e",
                    "leiden:condition:Disease_characteristic_genes_mqc.json:md5,d41d8cd98f00b204e9800998ecf8427e",
                    "leiden:condition:Healthy_characteristic_genes_mqc.json:md5,d41d8cd98f00b204e9800998ecf8427e",
                    "leiden:condition:Treated_characteristic_genes_mqc.json:md5,d41d8cd98f00b204e9800998ecf8427e",
                    "leiden_characteristic_genes_mqc.json:md5,d41d8cd98f00b204e9800998ecf8427e",
                    "test_paga_mqc.json:md5,d41d8cd98f00b204e9800998ecf8427e"
                ],
                "uns": [
                    "condition:leiden:0_characteristic_genes.pkl:md5,d41d8cd98f00b204e9800998ecf8427e",
                    "condition:leiden:10_characteristic_genes.pkl:md5,d41d8cd98f00b204e9800998ecf8427e",
                    "condition:leiden:11_characteristic_genes.pkl:md5,d41d8cd98f00b204e9800998ecf8427e",
                    "condition:leiden:1_characteristic_genes.pkl:md5,d41d8cd98f00b204e9800998ecf8427e",
                    "condition:leiden:2_characteristic_genes.pkl:md5,d41d8cd98f00b204e9800998ecf8427e",
                    "condition:leiden:3_characteristic_genes.pkl:md5,d41d8cd98f00b204e9800998ecf8427e",
                    "condition:leiden:4_characteristic_genes.pkl:md5,d41d8cd98f00b204e9800998ecf8427e",
                    "condition:leiden:5_characteristic_genes.pkl:md5,d41d8cd98f00b204e9800998ecf8427e",
                    "condition:leiden:6_characteristic_genes.pkl:md5,d41d8cd98f00b204e9800998ecf8427e",
                    "condition:leiden:7_characteristic_genes.pkl:md5,d41d8cd98f00b204e9800998ecf8427e",
                    "condition:leiden:8_characteristic_genes.pkl:md5,d41d8cd98f00b204e9800998ecf8427e",
                    "condition:leiden:9_characteristic_genes.pkl:md5,d41d8cd98f00b204e9800998ecf8427e",
                    "leiden:condition:Disease_characteristic_genes.pkl:md5,d41d8cd98f00b204e9800998ecf8427e",
                    "leiden:condition:Healthy_characteristic_genes.pkl:md5,d41d8cd98f00b204e9800998ecf8427e",
                    "leiden:condition:Treated_characteristic_genes.pkl:md5,d41d8cd98f00b204e9800998ecf8427e",
                    "leiden_characteristic_genes.pkl:md5,d41d8cd98f00b204e9800998ecf8427e",
                    "test_liana.pkl:md5,d41d8cd98f00b204e9800998ecf8427e",
                    "test_paga.pkl:md5,d41d8cd98f00b204e9800998ecf8427e"
                ],
                "versions": [
                    "versions.yml:md5,d41d8cd98f00b204e9800998ecf8427e",
                    "versions.yml:md5,d41d8cd98f00b204e9800998ecf8427e",
                    "versions.yml:md5,d41d8cd98f00b204e9800998ecf8427e",
                    "versions.yml:md5,d41d8cd98f00b204e9800998ecf8427e",
                    "versions.yml:md5,d41d8cd98f00b204e9800998ecf8427e",
                    "versions.yml:md5,d41d8cd98f00b204e9800998ecf8427e",
                    "versions.yml:md5,d41d8cd98f00b204e9800998ecf8427e",
                    "versions.yml:md5,d41d8cd98f00b204e9800998ecf8427e",
                    "versions.yml:md5,d41d8cd98f00b204e9800998ecf8427e",
                    "versions.yml:md5,d41d8cd98f00b204e9800998ecf8427e",
                    "versions.yml:md5,d41d8cd98f00b204e9800998ecf8427e",
                    "versions.yml:md5,d41d8cd98f00b204e9800998ecf8427e",
                    "versions.yml:md5,d41d8cd98f00b204e9800998ecf8427e",
                    "versions.yml:md5,d41d8cd98f00b204e9800998ecf8427e",
                    "versions.yml:md5,d41d8cd98f00b204e9800998ecf8427e",
                    "versions.yml:md5,d41d8cd98f00b204e9800998ecf8427e",
                    "versions.yml:md5,d41d8cd98f00b204e9800998ecf8427e",
                    "versions.yml:md5,d41d8cd98f00b204e9800998ecf8427e"
                ]
            }
        ],
        "timestamp": "2026-03-29T13:30:19.935000889",
        "meta": {
            "nf-test": "0.9.4",
            "nextflow": "25.10.2"
        }
    }
}