{
    "Should run pearson_residuals_hvgs feature selection - stub": {
        "content": [
            {
                "0": [
                    [
                        {
                            "id": "test"
                        },
                        "test_filtered.h5ad:md5,d41d8cd98f00b204e9800998ecf8427e"
                    ]
                ],
                "1": [
                    "test_pearson_residuals_hvgs.pkl:md5,d41d8cd98f00b204e9800998ecf8427e"
                ],
                "h5ad": [
                    [
                        {
                            "id": "test"
                        },
                        "test_filtered.h5ad:md5,d41d8cd98f00b204e9800998ecf8427e"
                    ]
                ],
                "var": [
                    "test_pearson_residuals_hvgs.pkl:md5,d41d8cd98f00b204e9800998ecf8427e"
                ]
            }
        ],
        "timestamp": "2026-07-11T10:37:08.646377",
        "meta": {
            "nf-test": "0.9.5",
            "nextflow": "26.04.4"
        }
    },
    "Should run hvgs feature selection": {
        "content": [
            {
                "0": [
                    [
                        {
                            "id": "test"
                        },
                        "test_filtered.h5ad:md5,2e8ed637f1d9be916a42c95b5051f396"
                    ]
                ],
                "1": [
                    "test_hvg.pkl:md5,f8971729e268a9d33ab4e5e5b8655e1d"
                ],
                "h5ad": [
                    [
                        {
                            "id": "test"
                        },
                        "test_filtered.h5ad:md5,2e8ed637f1d9be916a42c95b5051f396"
                    ]
                ],
                "var": [
                    "test_hvg.pkl:md5,f8971729e268a9d33ab4e5e5b8655e1d"
                ]
            }
        ],
        "timestamp": "2026-07-23T16:00:32.1039273",
        "meta": {
            "nf-test": "0.9.4",
            "nextflow": "26.04.6"
        }
    }
}