{
    "Should run without failures - symbol_col none, unify_gene_symbols false - stub": {
        "content": [
            {
                "0": [
                    [
                        {
                            "id": "test",
                            "symbol_col": "index",
                            "batch_col": "batch",
                            "label_col": "label",
                            "condition_col": "condition",
                            "unknown_label": "unknown",
                            "counts_layer": "X"
                        },
                        "test_unified.h5ad:md5,d41d8cd98f00b204e9800998ecf8427e"
                    ]
                ],
                "1": [
                    "upset_mqc.json:md5,d41d8cd98f00b204e9800998ecf8427e"
                ],
                "2": [
                    "versions.yml:md5,d41d8cd98f00b204e9800998ecf8427e",
                    "versions.yml:md5,d41d8cd98f00b204e9800998ecf8427e",
                    "versions.yml:md5,d41d8cd98f00b204e9800998ecf8427e"
                ],
                "h5ad": [
                    [
                        {
                            "id": "test",
                            "symbol_col": "index",
                            "batch_col": "batch",
                            "label_col": "label",
                            "condition_col": "condition",
                            "unknown_label": "unknown",
                            "counts_layer": "X"
                        },
                        "test_unified.h5ad:md5,d41d8cd98f00b204e9800998ecf8427e"
                    ]
                ],
                "multiqc_files": [
                    "upset_mqc.json:md5,d41d8cd98f00b204e9800998ecf8427e"
                ],
                "versions": [
                    "versions.yml:md5,d41d8cd98f00b204e9800998ecf8427e",
                    "versions.yml:md5,d41d8cd98f00b204e9800998ecf8427e",
                    "versions.yml:md5,d41d8cd98f00b204e9800998ecf8427e"
                ]
            }
        ],
        "timestamp": "2026-01-18T17:39:58.741250963",
        "meta": {
            "nf-test": "0.9.2",
            "nextflow": "25.04.6"
        }
    },
    "Should run without failures - symbol_col index, unify_gene_symbols false": {
        "content": [
            {
                "0": [
                    [
                        {
                            "id": "test",
                            "symbol_col": "index",
                            "batch_col": "batch",
                            "label_col": "label",
                            "condition_col": "condition",
                            "unknown_label": "unknown",
                            "counts_layer": "X"
                        },
                        "test_unified.h5ad:md5,634cda43f3cc2ce7ffeddcd8cb0a1e76"
                    ]
                ],
                "1": [
                    
                ],
                "2": [
                    "versions.yml:md5,28f13636db3e448a09677ac7d2de39dc",
                    "versions.yml:md5,b080fe0c3ed4678d71941f74947dc2e4"
                ],
                "h5ad": [
                    [
                        {
                            "id": "test",
                            "symbol_col": "index",
                            "batch_col": "batch",
                            "label_col": "label",
                            "condition_col": "condition",
                            "unknown_label": "unknown",
                            "counts_layer": "X"
                        },
                        "test_unified.h5ad:md5,634cda43f3cc2ce7ffeddcd8cb0a1e76"
                    ]
                ],
                "multiqc_files": [
                    
                ],
                "versions": [
                    "versions.yml:md5,28f13636db3e448a09677ac7d2de39dc",
                    "versions.yml:md5,b080fe0c3ed4678d71941f74947dc2e4"
                ]
            }
        ],
        "timestamp": "2026-01-18T21:22:29.899006309",
        "meta": {
            "nf-test": "0.9.2",
            "nextflow": "25.10.2"
        }
    },
    "Should run without failures - symbol_col index, unify_gene_symbols false, snapshot stability": {
        "content": [
            {
                "0": [
                    [
                        {
                            "id": "test",
                            "symbol_col": "index",
                            "batch_col": "batch",
                            "label_col": "label",
                            "condition_col": "condition",
                            "unknown_label": "unknown",
                            "counts_layer": "X"
                        },
                        "test_unified.h5ad:md5,634cda43f3cc2ce7ffeddcd8cb0a1e76"
                    ]
                ],
                "1": [
                    
                ],
                "2": [
                    "versions.yml:md5,28f13636db3e448a09677ac7d2de39dc",
                    "versions.yml:md5,b080fe0c3ed4678d71941f74947dc2e4"
                ],
                "h5ad": [
                    [
                        {
                            "id": "test",
                            "symbol_col": "index",
                            "batch_col": "batch",
                            "label_col": "label",
                            "condition_col": "condition",
                            "unknown_label": "unknown",
                            "counts_layer": "X"
                        },
                        "test_unified.h5ad:md5,634cda43f3cc2ce7ffeddcd8cb0a1e76"
                    ]
                ],
                "multiqc_files": [
                    
                ],
                "versions": [
                    "versions.yml:md5,28f13636db3e448a09677ac7d2de39dc",
                    "versions.yml:md5,b080fe0c3ed4678d71941f74947dc2e4"
                ]
            }
        ],
        "timestamp": "2026-03-12T19:00:45.019297969",
        "meta": {
            "nf-test": "0.9.4",
            "nextflow": "25.10.4"
        }
    },
    "Should run without failures - symbol_col index, unify_gene_symbols false - stub": {
        "content": [
            {
                "0": [
                    [
                        {
                            "id": "test",
                            "symbol_col": "index",
                            "batch_col": "batch",
                            "label_col": "label",
                            "condition_col": "condition",
                            "unknown_label": "unknown",
                            "counts_layer": "X"
                        },
                        "test_unified.h5ad:md5,d41d8cd98f00b204e9800998ecf8427e"
                    ]
                ],
                "1": [
                    "upset_mqc.json:md5,d41d8cd98f00b204e9800998ecf8427e"
                ],
                "2": [
                    "versions.yml:md5,d41d8cd98f00b204e9800998ecf8427e",
                    "versions.yml:md5,d41d8cd98f00b204e9800998ecf8427e"
                ],
                "h5ad": [
                    [
                        {
                            "id": "test",
                            "symbol_col": "index",
                            "batch_col": "batch",
                            "label_col": "label",
                            "condition_col": "condition",
                            "unknown_label": "unknown",
                            "counts_layer": "X"
                        },
                        "test_unified.h5ad:md5,d41d8cd98f00b204e9800998ecf8427e"
                    ]
                ],
                "multiqc_files": [
                    "upset_mqc.json:md5,d41d8cd98f00b204e9800998ecf8427e"
                ],
                "versions": [
                    "versions.yml:md5,d41d8cd98f00b204e9800998ecf8427e",
                    "versions.yml:md5,d41d8cd98f00b204e9800998ecf8427e"
                ]
            }
        ],
        "timestamp": "2026-01-18T17:39:11.758025979",
        "meta": {
            "nf-test": "0.9.2",
            "nextflow": "25.04.6"
        }
    },
    "Should run without failures - symbol_col index, unify_gene_symbols true - stub": {
        "content": [
            {
                "0": [
                    [
                        {
                            "id": "test",
                            "symbol_col": "index",
                            "batch_col": "batch",
                            "label_col": "label",
                            "condition_col": "condition",
                            "unknown_label": "unknown",
                            "counts_layer": "X"
                        },
                        "test_unified.h5ad:md5,d41d8cd98f00b204e9800998ecf8427e"
                    ]
                ],
                "1": [
                    "upset_mqc.json:md5,d41d8cd98f00b204e9800998ecf8427e",
                    "upset_raw_mqc.json:md5,d41d8cd98f00b204e9800998ecf8427e"
                ],
                "2": [
                    "versions.yml:md5,d41d8cd98f00b204e9800998ecf8427e",
                    "versions.yml:md5,d41d8cd98f00b204e9800998ecf8427e",
                    "versions.yml:md5,d41d8cd98f00b204e9800998ecf8427e",
                    "versions.yml:md5,d41d8cd98f00b204e9800998ecf8427e",
                    "versions.yml:md5,d41d8cd98f00b204e9800998ecf8427e"
                ],
                "h5ad": [
                    [
                        {
                            "id": "test",
                            "symbol_col": "index",
                            "batch_col": "batch",
                            "label_col": "label",
                            "condition_col": "condition",
                            "unknown_label": "unknown",
                            "counts_layer": "X"
                        },
                        "test_unified.h5ad:md5,d41d8cd98f00b204e9800998ecf8427e"
                    ]
                ],
                "multiqc_files": [
                    "upset_mqc.json:md5,d41d8cd98f00b204e9800998ecf8427e",
                    "upset_raw_mqc.json:md5,d41d8cd98f00b204e9800998ecf8427e"
                ],
                "versions": [
                    "versions.yml:md5,d41d8cd98f00b204e9800998ecf8427e",
                    "versions.yml:md5,d41d8cd98f00b204e9800998ecf8427e",
                    "versions.yml:md5,d41d8cd98f00b204e9800998ecf8427e",
                    "versions.yml:md5,d41d8cd98f00b204e9800998ecf8427e",
                    "versions.yml:md5,d41d8cd98f00b204e9800998ecf8427e"
                ]
            }
        ],
        "timestamp": "2026-01-18T17:41:17.198064779",
        "meta": {
            "nf-test": "0.9.2",
            "nextflow": "25.04.6"
        }
    },
    "Should run without failures - symbol_col none, unify_gene_symbols false": {
        "content": [
            {
                "0": [
                    [
                        {
                            "id": "test",
                            "symbol_col": "index",
                            "batch_col": "batch",
                            "label_col": "label",
                            "condition_col": "condition",
                            "unknown_label": "unknown",
                            "counts_layer": "X"
                        },
                        "test_unified.h5ad:md5,c8f361ead8a279fe83ed22aae65ad769"
                    ]
                ],
                "1": [
                    
                ],
                "2": [
                    "versions.yml:md5,28f13636db3e448a09677ac7d2de39dc",
                    "versions.yml:md5,b080fe0c3ed4678d71941f74947dc2e4",
                    "versions.yml:md5,d206caf8bf0d007a1c248652300a3834"
                ],
                "h5ad": [
                    [
                        {
                            "id": "test",
                            "symbol_col": "index",
                            "batch_col": "batch",
                            "label_col": "label",
                            "condition_col": "condition",
                            "unknown_label": "unknown",
                            "counts_layer": "X"
                        },
                        "test_unified.h5ad:md5,c8f361ead8a279fe83ed22aae65ad769"
                    ]
                ],
                "multiqc_files": [
                    
                ],
                "versions": [
                    "versions.yml:md5,28f13636db3e448a09677ac7d2de39dc",
                    "versions.yml:md5,b080fe0c3ed4678d71941f74947dc2e4",
                    "versions.yml:md5,d206caf8bf0d007a1c248652300a3834"
                ]
            }
        ],
        "timestamp": "2026-01-18T21:23:44.819165812",
        "meta": {
            "nf-test": "0.9.2",
            "nextflow": "25.10.2"
        }
    }
}