{
    "Should run without failures - symbol_col none, unify_gene_symbols false - stub": {
        "content": [
            {
                "0": [
                    [
                        {
                            "id": "test",
                            "symbol_col": "index",
                            "batch_col": "batch",
                            "label_col": "label",
                            "condition_col": "condition",
                            "donor_col": "donor",
                            "unknown_label": "unknown",
                            "counts_layer": "X"
                        },
                        "test_unified.h5ad:md5,d41d8cd98f00b204e9800998ecf8427e"
                    ]
                ],
                "1": [
                    "upset_mqc.json:md5,d41d8cd98f00b204e9800998ecf8427e"
                ],
                "h5ad": [
                    [
                        {
                            "id": "test",
                            "symbol_col": "index",
                            "batch_col": "batch",
                            "label_col": "label",
                            "condition_col": "condition",
                            "donor_col": "donor",
                            "unknown_label": "unknown",
                            "counts_layer": "X"
                        },
                        "test_unified.h5ad:md5,d41d8cd98f00b204e9800998ecf8427e"
                    ]
                ],
                "multiqc_files": [
                    "upset_mqc.json:md5,d41d8cd98f00b204e9800998ecf8427e"
                ]
            }
        ],
        "timestamp": "2026-07-09T10:39:37.952393",
        "meta": {
            "nf-test": "0.9.5",
            "nextflow": "26.04.4"
        }
    },
    "Should run without failures - symbol_col index, unify_gene_symbols false": {
        "content": [
            {
                "0": [
                    [
                        {
                            "id": "test",
                            "symbol_col": "index",
                            "batch_col": "batch",
                            "label_col": "label",
                            "condition_col": "condition",
                            "donor_col": "donor",
                            "unknown_label": "unknown",
                            "counts_layer": "X"
                        },
                        "test_unified.h5ad:md5,2729e8f4e1a89b6a700fd8771efc9117"
                    ]
                ],
                "1": [
                    
                ],
                "h5ad": [
                    [
                        {
                            "id": "test",
                            "symbol_col": "index",
                            "batch_col": "batch",
                            "label_col": "label",
                            "condition_col": "condition",
                            "donor_col": "donor",
                            "unknown_label": "unknown",
                            "counts_layer": "X"
                        },
                        "test_unified.h5ad:md5,2729e8f4e1a89b6a700fd8771efc9117"
                    ]
                ],
                "multiqc_files": [
                    
                ]
            },
            {
                "n_obs": 12940,
                "n_vars": 9887,
                "obs": {
                    "index": "_index",
                    "columns": [
                        "batch",
                        "condition",
                        "donor",
                        "label",
                        "sample",
                        "sample_original"
                    ]
                },
                "var": {
                    "index": "_index",
                    "columns": [
                        
                    ]
                },
                "layers": [
                    
                ],
                "obsm": [
                    
                ],
                "varm": [
                    
                ],
                "obsp": [
                    
                ],
                "varp": [
                    
                ],
                "uns": [
                    
                ]
            }
        ],
        "timestamp": "2026-07-09T12:30:49.266895",
        "meta": {
            "nf-test": "0.9.5",
            "nextflow": "26.04.4"
        }
    },
    "Should run without failures - symbol_col index, unify_gene_symbols true": {
        "content": [
            [
                
            ],
            {
                "n_obs": 12940,
                "n_vars": 9887,
                "obs": {
                    "index": "_index",
                    "columns": [
                        "batch",
                        "condition",
                        "donor",
                        "label",
                        "sample",
                        "sample_original"
                    ]
                },
                "var": {
                    "index": "_index",
                    "columns": [
                        
                    ]
                },
                "layers": [
                    
                ],
                "obsm": [
                    
                ],
                "varm": [
                    
                ],
                "obsp": [
                    
                ],
                "varp": [
                    
                ],
                "uns": [
                    
                ]
            }
        ],
        "timestamp": "2026-07-09T12:32:25.096169",
        "meta": {
            "nf-test": "0.9.5",
            "nextflow": "26.04.4"
        }
    },
    "Should run without failures - symbol_col index, unify_gene_symbols false - stub": {
        "content": [
            {
                "0": [
                    [
                        {
                            "id": "test",
                            "symbol_col": "index",
                            "batch_col": "batch",
                            "label_col": "label",
                            "condition_col": "condition",
                            "donor_col": "donor",
                            "unknown_label": "unknown",
                            "counts_layer": "X"
                        },
                        "test_unified.h5ad:md5,d41d8cd98f00b204e9800998ecf8427e"
                    ]
                ],
                "1": [
                    "upset_mqc.json:md5,d41d8cd98f00b204e9800998ecf8427e"
                ],
                "h5ad": [
                    [
                        {
                            "id": "test",
                            "symbol_col": "index",
                            "batch_col": "batch",
                            "label_col": "label",
                            "condition_col": "condition",
                            "donor_col": "donor",
                            "unknown_label": "unknown",
                            "counts_layer": "X"
                        },
                        "test_unified.h5ad:md5,d41d8cd98f00b204e9800998ecf8427e"
                    ]
                ],
                "multiqc_files": [
                    "upset_mqc.json:md5,d41d8cd98f00b204e9800998ecf8427e"
                ]
            }
        ],
        "timestamp": "2026-07-09T10:38:39.592725",
        "meta": {
            "nf-test": "0.9.5",
            "nextflow": "26.04.4"
        }
    },
    "Should run without failures - symbol_col index, unify_gene_symbols true - stub": {
        "content": [
            {
                "0": [
                    [
                        {
                            "id": "test",
                            "symbol_col": "index",
                            "batch_col": "batch",
                            "label_col": "label",
                            "condition_col": "condition",
                            "donor_col": "donor",
                            "unknown_label": "unknown",
                            "counts_layer": "X"
                        },
                        "test_unified.h5ad:md5,d41d8cd98f00b204e9800998ecf8427e"
                    ]
                ],
                "1": [
                    "upset_mqc.json:md5,d41d8cd98f00b204e9800998ecf8427e",
                    "upset_raw_mqc.json:md5,d41d8cd98f00b204e9800998ecf8427e"
                ],
                "h5ad": [
                    [
                        {
                            "id": "test",
                            "symbol_col": "index",
                            "batch_col": "batch",
                            "label_col": "label",
                            "condition_col": "condition",
                            "donor_col": "donor",
                            "unknown_label": "unknown",
                            "counts_layer": "X"
                        },
                        "test_unified.h5ad:md5,d41d8cd98f00b204e9800998ecf8427e"
                    ]
                ],
                "multiqc_files": [
                    "upset_mqc.json:md5,d41d8cd98f00b204e9800998ecf8427e",
                    "upset_raw_mqc.json:md5,d41d8cd98f00b204e9800998ecf8427e"
                ]
            }
        ],
        "timestamp": "2026-07-09T10:41:28.274485",
        "meta": {
            "nf-test": "0.9.5",
            "nextflow": "26.04.4"
        }
    },
    "Should run without failures - symbol_col none, unify_gene_symbols false": {
        "content": [
            [
                
            ],
            {
                "n_obs": 12940,
                "n_vars": 9887,
                "obs": {
                    "index": "_index",
                    "columns": [
                        "batch",
                        "condition",
                        "donor",
                        "label",
                        "sample"
                    ]
                },
                "var": {
                    "index": "_index",
                    "columns": [
                        "original_index",
                        "symbols"
                    ]
                },
                "layers": [
                    
                ],
                "obsm": [
                    
                ],
                "varm": [
                    
                ],
                "obsp": [
                    
                ],
                "varp": [
                    
                ],
                "uns": [
                    
                ]
            }
        ],
        "timestamp": "2026-07-09T12:31:53.675675",
        "meta": {
            "nf-test": "0.9.5",
            "nextflow": "26.04.4"
        }
    }
}