{
    "Should run without failures - stub": {
        "content": [
            {
                "0": [
                    [
                        {
                            "id": "test"
                        },
                        "test_entropy.h5ad:md5,d41d8cd98f00b204e9800998ecf8427e"
                    ]
                ],
                "1": [
                    "test_entropy.pkl:md5,d41d8cd98f00b204e9800998ecf8427e"
                ],
                "2": [
                    "test_entropy.png:md5,d41d8cd98f00b204e9800998ecf8427e"
                ],
                "3": [
                    "test_entropy_mqc.json:md5,d41d8cd98f00b204e9800998ecf8427e"
                ],
                "4": [
                    "versions.yml:md5,d41d8cd98f00b204e9800998ecf8427e"
                ],
                "h5ad": [
                    [
                        {
                            "id": "test"
                        },
                        "test_entropy.h5ad:md5,d41d8cd98f00b204e9800998ecf8427e"
                    ]
                ],
                "multiqc_files": [
                    "test_entropy_mqc.json:md5,d41d8cd98f00b204e9800998ecf8427e"
                ],
                "obs": [
                    "test_entropy.pkl:md5,d41d8cd98f00b204e9800998ecf8427e"
                ],
                "plots": [
                    "test_entropy.png:md5,d41d8cd98f00b204e9800998ecf8427e"
                ],
                "versions": [
                    "versions.yml:md5,d41d8cd98f00b204e9800998ecf8427e"
                ]
            }
        ],
        "timestamp": "2025-06-22T15:55:46.390569411",
        "meta": {
            "nf-test": "0.9.2",
            "nextflow": "25.04.3"
        }
    },
    "Should run without failures": {
        "content": [
            {
                "0": [
                    [
                        {
                            "id": "test"
                        },
                        "test_entropy.h5ad:md5,f874063c56014bfe710f56e18e52b74f"
                    ]
                ],
                "1": [
                    "test_entropy.pkl:md5,43f99ffbaf5232c2a0841c2b3888bfd9"
                ],
                "2": [

                ],
                "3": [

                ],
                "4": [
                    "versions.yml:md5,06c3be8b97dfd251b6aef3221b56d5fc"
                ],
                "h5ad": [
                    [
                        {
                            "id": "test"
                        },
                        "test_entropy.h5ad:md5,f874063c56014bfe710f56e18e52b74f"
                    ]
                ],
                "multiqc_files": [

                ],
                "obs": [
                    "test_entropy.pkl:md5,43f99ffbaf5232c2a0841c2b3888bfd9"
                ],
                "plots": [

                ],
                "versions": [
                    "versions.yml:md5,06c3be8b97dfd251b6aef3221b56d5fc"
                ]
            },
            {
                "ADATA_ENTROPY": {
                    "python": "3.13.12",
                    "scanpy": "1.12",
                    "scipy": "1.17.1"
                }
            },
            {
                "n_obs": 38234,
                "n_vars": 9887,
                "obs": {
                    "index": "_index",
                    "columns": [
                        "leiden",
                        "sample",
                        "test:entropy"
                    ]
                },
                "var": {
                    "index": "_index",
                    "columns": [
                        
                    ]
                },
                "layers": [
                    
                ],
                "obsm": [
                    "X_pca"
                ],
                "varm": [
                    "PCs"
                ],
                "obsp": [
                    "connectivities",
                    "distances"
                ],
                "varp": [
                    
                ],
                "uns": [
                    "leiden",
                    "neighbors",
                    "pca"
                ]
            }
        ],
        "timestamp": "2026-03-29T12:57:45.425691493",
        "meta": {
            "nf-test": "0.9.4",
            "nextflow": "25.10.2"
        }
    }
}
