{
    "Should run when batch_col is missing": {
        "content": [
            {
                "0": [
                    [
                        {
                            "id": "test"
                        },
                        "test_scdblfinder.h5ad:md5,aceb7a693837302c0a02738c9b3383fb"
                    ]
                ],
                "1": [
                    [
                        {
                            "id": "test"
                        },
                        "test_scdblfinder.csv:md5,952d4e965d8f373b2eacf2d92183a71a"
                    ]
                ],
                "2": [
                    "versions.yml:md5,ce056c78586769ad5433f5fbb86f70c7"
                ],
                "h5ad": [
                    [
                        {
                            "id": "test"
                        },
                        "test_scdblfinder.h5ad:md5,aceb7a693837302c0a02738c9b3383fb"
                    ]
                ],
                "predictions": [
                    [
                        {
                            "id": "test"
                        },
                        "test_scdblfinder.csv:md5,952d4e965d8f373b2eacf2d92183a71a"
                    ]
                ],
                "versions": [
                    "versions.yml:md5,ce056c78586769ad5433f5fbb86f70c7"
                ]
            },
            {
                "SCDBLFINDER": {
                    "R": "4.5.3",
                    "scDblFinder": "1.24.0"
                }
            },
            {
                "n_obs": 7373,
                "n_vars": 9887,
                "obs": {
                    "index": "_index",
                    "columns": [
                        "scdblfinder_class",
                        "scdblfinder_score",
                        "scdblfinder_weighted",
                        "scdblfinder_cxds_score"
                    ]
                },
                "var": {
                    "index": "_index",
                    "columns": [
                        "scDblFinder.selected"
                    ]
                },
                "layers": [
                    "counts"
                ],
                "obsm": [
                    
                ],
                "varm": [
                    
                ],
                "obsp": [
                    
                ],
                "varp": [
                    
                ],
                "uns": [
                    "scDblFinder.threshold"
                ]
            }
        ],
        "timestamp": "2026-08-02T17:24:48.086301",
        "meta": {
            "nf-test": "0.9.5",
            "nextflow": "26.04.4"
        }
    },
    "Should run without failures - stub": {
        "content": [
            {
                "0": [
                    [
                        {
                            "id": "test"
                        },
                        "test_scdblfinder.h5ad:md5,d41d8cd98f00b204e9800998ecf8427e"
                    ]
                ],
                "1": [
                    [
                        {
                            "id": "test"
                        },
                        "test_scdblfinder.csv:md5,d41d8cd98f00b204e9800998ecf8427e"
                    ]
                ],
                "2": [
                    "versions.yml:md5,d41d8cd98f00b204e9800998ecf8427e"
                ],
                "h5ad": [
                    [
                        {
                            "id": "test"
                        },
                        "test_scdblfinder.h5ad:md5,d41d8cd98f00b204e9800998ecf8427e"
                    ]
                ],
                "predictions": [
                    [
                        {
                            "id": "test"
                        },
                        "test_scdblfinder.csv:md5,d41d8cd98f00b204e9800998ecf8427e"
                    ]
                ],
                "versions": [
                    "versions.yml:md5,d41d8cd98f00b204e9800998ecf8427e"
                ]
            }
        ],
        "timestamp": "2026-03-12T12:34:23.397301125",
        "meta": {
            "nf-test": "0.9.4",
            "nextflow": "25.10.4"
        }
    },
    "Should run with valid batch_col": {
        "content": [
            {
                "0": [
                    [
                        {
                            "id": "test"
                        },
                        "test_scdblfinder.h5ad:md5,fff65a92f6fa46f5fcde5e5ac9470ec9"
                    ]
                ],
                "1": [
                    [
                        {
                            "id": "test"
                        },
                        "test_scdblfinder.csv:md5,3cc289f173e01da7b6bed4be35ccd506"
                    ]
                ],
                "2": [
                    "versions.yml:md5,ce056c78586769ad5433f5fbb86f70c7"
                ],
                "h5ad": [
                    [
                        {
                            "id": "test"
                        },
                        "test_scdblfinder.h5ad:md5,fff65a92f6fa46f5fcde5e5ac9470ec9"
                    ]
                ],
                "predictions": [
                    [
                        {
                            "id": "test"
                        },
                        "test_scdblfinder.csv:md5,3cc289f173e01da7b6bed4be35ccd506"
                    ]
                ],
                "versions": [
                    "versions.yml:md5,ce056c78586769ad5433f5fbb86f70c7"
                ]
            },
            {
                "SCDBLFINDER": {
                    "R": "4.5.3",
                    "scDblFinder": "1.24.0"
                }
            },
            {
                "n_obs": 7373,
                "n_vars": 9887,
                "obs": {
                    "index": "_index",
                    "columns": [
                        "scdblfinder_sample",
                        "scdblfinder_class",
                        "scdblfinder_score",
                        "scdblfinder_weighted",
                        "scdblfinder_cxds_score"
                    ]
                },
                "var": {
                    "index": "_index",
                    "columns": [
                        
                    ]
                },
                "layers": [
                    "counts"
                ],
                "obsm": [
                    
                ],
                "varm": [
                    
                ],
                "obsp": [
                    
                ],
                "varp": [
                    
                ],
                "uns": [
                    "scDblFinder.threshold"
                ]
            }
        ],
        "timestamp": "2026-08-02T17:23:56.046095",
        "meta": {
            "nf-test": "0.9.5",
            "nextflow": "26.04.4"
        }
    },
    "Should run without failures": {
        "content": [
            {
                "0": [
                    [
                        {
                            "id": "test"
                        },
                        "test_scdblfinder.h5ad:md5,aceb7a693837302c0a02738c9b3383fb"
                    ]
                ],
                "1": [
                    [
                        {
                            "id": "test"
                        },
                        "test_scdblfinder.csv:md5,952d4e965d8f373b2eacf2d92183a71a"
                    ]
                ],
                "2": [
                    "versions.yml:md5,ce056c78586769ad5433f5fbb86f70c7"
                ],
                "h5ad": [
                    [
                        {
                            "id": "test"
                        },
                        "test_scdblfinder.h5ad:md5,aceb7a693837302c0a02738c9b3383fb"
                    ]
                ],
                "predictions": [
                    [
                        {
                            "id": "test"
                        },
                        "test_scdblfinder.csv:md5,952d4e965d8f373b2eacf2d92183a71a"
                    ]
                ],
                "versions": [
                    "versions.yml:md5,ce056c78586769ad5433f5fbb86f70c7"
                ]
            },
            {
                "SCDBLFINDER": {
                    "R": "4.5.3",
                    "scDblFinder": "1.24.0"
                }
            },
            {
                "n_obs": 7373,
                "n_vars": 9887,
                "obs": {
                    "index": "_index",
                    "columns": [
                        "scdblfinder_class",
                        "scdblfinder_score",
                        "scdblfinder_weighted",
                        "scdblfinder_cxds_score"
                    ]
                },
                "var": {
                    "index": "_index",
                    "columns": [
                        "scDblFinder.selected"
                    ]
                },
                "layers": [
                    "counts"
                ],
                "obsm": [
                    
                ],
                "varm": [
                    
                ],
                "obsp": [
                    
                ],
                "varp": [
                    
                ],
                "uns": [
                    "scDblFinder.threshold"
                ]
            }
        ],
        "timestamp": "2026-08-02T17:21:26.697483",
        "meta": {
            "nf-test": "0.9.5",
            "nextflow": "26.04.4"
        }
    },
    "Should run with provided doublet_rate": {
        "content": [
            {
                "0": [
                    [
                        {
                            "id": "test"
                        },
                        "test_scdblfinder.h5ad:md5,551d7eea0883199b879805c9ba794e2d"
                    ]
                ],
                "1": [
                    [
                        {
                            "id": "test"
                        },
                        "test_scdblfinder.csv:md5,f62482b86e0c61b933ee5c1f4f2d36a8"
                    ]
                ],
                "2": [
                    "versions.yml:md5,ce056c78586769ad5433f5fbb86f70c7"
                ],
                "h5ad": [
                    [
                        {
                            "id": "test"
                        },
                        "test_scdblfinder.h5ad:md5,551d7eea0883199b879805c9ba794e2d"
                    ]
                ],
                "predictions": [
                    [
                        {
                            "id": "test"
                        },
                        "test_scdblfinder.csv:md5,f62482b86e0c61b933ee5c1f4f2d36a8"
                    ]
                ],
                "versions": [
                    "versions.yml:md5,ce056c78586769ad5433f5fbb86f70c7"
                ]
            },
            {
                "SCDBLFINDER": {
                    "R": "4.5.3",
                    "scDblFinder": "1.24.0"
                }
            },
            {
                "n_obs": 7373,
                "n_vars": 9887,
                "obs": {
                    "index": "_index",
                    "columns": [
                        "scdblfinder_class",
                        "scdblfinder_score",
                        "scdblfinder_weighted",
                        "scdblfinder_cxds_score"
                    ]
                },
                "var": {
                    "index": "_index",
                    "columns": [
                        "scDblFinder.selected"
                    ]
                },
                "layers": [
                    "counts"
                ],
                "obsm": [
                    
                ],
                "varm": [
                    
                ],
                "obsp": [
                    
                ],
                "varp": [
                    
                ],
                "uns": [
                    "scDblFinder.threshold"
                ]
            }
        ],
        "timestamp": "2026-08-02T17:22:51.826274",
        "meta": {
            "nf-test": "0.9.5",
            "nextflow": "26.04.4"
        }
    }
}