{
    "Should run without ambient RNA removal and doublet detection": {
        "content": [
            [
                "sizes_mqc.json:md5,756ad6aae0f322aadfac95c2b38fcef2",
                "test_filtered_log1p_n_genes_by_counts_mqc.json:md5,9e4a8df543465f08b067eabfe192f044",
                "test_filtered_log1p_total_counts_mqc.json:md5,dde6358ad189d3ddea6ae4af38af3b89",
                "test_filtered_n_genes_by_counts_mqc.json:md5,642949843ac1a14cc625d50648bac7e9",
                "test_filtered_pct_counts_hb_mqc.json:md5,669461e1c08cbc2a1627f5b22ab0fcf6",
                "test_filtered_pct_counts_in_top_20_genes_mqc.json:md5,0895829da000b4027fec1d3375dc6f0c",
                "test_filtered_pct_counts_mt_mqc.json:md5,42ec9f8d4768de7365c7b667858d850f",
                "test_filtered_pct_counts_ribo_mqc.json:md5,ba42b15cd542b824d2fcf3c7630db46c",
                "test_filtered_total_counts_mqc.json:md5,4ce57370b905174020fa3a1eace9827e",
                "test_preprocessed_mqc.json:md5,f9b60b49d10d7f9f0fa0608b18ce3d84",
                "test_raw_mqc.json:md5,1892d1a9408417050623e6bc2c2480a3"
            ],
            [
                
            ]
        ],
        "timestamp": "2026-07-16T17:52:12.76392",
        "meta": {
            "nf-test": "0.9.5",
            "nextflow": "26.04.4"
        }
    },
    "Should run without ambient RNA removal and doublet detection, but with custom mito genes": {
        "content": [
            [
                "sizes_mqc.json:md5,756ad6aae0f322aadfac95c2b38fcef2",
                "test_filtered_log1p_n_genes_by_counts_mqc.json:md5,9e4a8df543465f08b067eabfe192f044",
                "test_filtered_log1p_total_counts_mqc.json:md5,dde6358ad189d3ddea6ae4af38af3b89",
                "test_filtered_n_genes_by_counts_mqc.json:md5,642949843ac1a14cc625d50648bac7e9",
                "test_filtered_pct_counts_hb_mqc.json:md5,669461e1c08cbc2a1627f5b22ab0fcf6",
                "test_filtered_pct_counts_in_top_20_genes_mqc.json:md5,0895829da000b4027fec1d3375dc6f0c",
                "test_filtered_pct_counts_mt_mqc.json:md5,42ec9f8d4768de7365c7b667858d850f",
                "test_filtered_pct_counts_ribo_mqc.json:md5,ba42b15cd542b824d2fcf3c7630db46c",
                "test_filtered_total_counts_mqc.json:md5,4ce57370b905174020fa3a1eace9827e",
                "test_preprocessed_mqc.json:md5,f9b60b49d10d7f9f0fa0608b18ce3d84",
                "test_raw_mqc.json:md5,1892d1a9408417050623e6bc2c2480a3"
            ],
            [
                
            ]
        ],
        "timestamp": "2026-07-16T17:52:47.841083",
        "meta": {
            "nf-test": "0.9.5",
            "nextflow": "26.04.4"
        }
    },
    "Should run with ambient RNA removal and doublet detection - stub": {
        "content": [
            {
                "0": [
                    [
                        {
                            "id": "test",
                            "batch_col": "batch",
                            "counts_layer": "X",
                            "label_col": "label",
                            "condition_col": "condition",
                            "donor_col": "donor",
                            "unknown_label": "unknown",
                            "symbol_col": "index"
                        },
                        "test.h5ad:md5,d41d8cd98f00b204e9800998ecf8427e"
                    ]
                ],
                "1": [
                    [
                        {
                            "id": "sizes"
                        },
                        "size_list.tsv:md5,92a87eabbcb39809ebd3c0e1a06851bd"
                    ]
                ],
                "2": [
                    
                ],
                "3": [
                    "sizes_mqc.json:md5,d41d8cd98f00b204e9800998ecf8427e",
                    "test_filtered_log1p_n_genes_by_counts_mqc.json:md5,d41d8cd98f00b204e9800998ecf8427e",
                    "test_filtered_log1p_total_counts_mqc.json:md5,d41d8cd98f00b204e9800998ecf8427e",
                    "test_filtered_n_genes_by_counts_mqc.json:md5,d41d8cd98f00b204e9800998ecf8427e",
                    "test_filtered_pct_counts_hb_mqc.json:md5,d41d8cd98f00b204e9800998ecf8427e",
                    "test_filtered_pct_counts_in_top_20_genes_mqc.json:md5,d41d8cd98f00b204e9800998ecf8427e",
                    "test_filtered_pct_counts_mt_mqc.json:md5,d41d8cd98f00b204e9800998ecf8427e",
                    "test_filtered_pct_counts_ribo_mqc.json:md5,d41d8cd98f00b204e9800998ecf8427e",
                    "test_filtered_total_counts_mqc.json:md5,d41d8cd98f00b204e9800998ecf8427e",
                    "test_mqc.json:md5,d41d8cd98f00b204e9800998ecf8427e",
                    "test_preprocessed_mqc.json:md5,d41d8cd98f00b204e9800998ecf8427e",
                    "test_raw_mqc.json:md5,d41d8cd98f00b204e9800998ecf8427e",
                    "upset_mqc.json:md5,d41d8cd98f00b204e9800998ecf8427e"
                ],
                "h5ad": [
                    [
                        {
                            "id": "test",
                            "batch_col": "batch",
                            "counts_layer": "X",
                            "label_col": "label",
                            "condition_col": "condition",
                            "donor_col": "donor",
                            "unknown_label": "unknown",
                            "symbol_col": "index"
                        },
                        "test.h5ad:md5,d41d8cd98f00b204e9800998ecf8427e"
                    ]
                ],
                "multiqc_files": [
                    "sizes_mqc.json:md5,d41d8cd98f00b204e9800998ecf8427e",
                    "test_filtered_log1p_n_genes_by_counts_mqc.json:md5,d41d8cd98f00b204e9800998ecf8427e",
                    "test_filtered_log1p_total_counts_mqc.json:md5,d41d8cd98f00b204e9800998ecf8427e",
                    "test_filtered_n_genes_by_counts_mqc.json:md5,d41d8cd98f00b204e9800998ecf8427e",
                    "test_filtered_pct_counts_hb_mqc.json:md5,d41d8cd98f00b204e9800998ecf8427e",
                    "test_filtered_pct_counts_in_top_20_genes_mqc.json:md5,d41d8cd98f00b204e9800998ecf8427e",
                    "test_filtered_pct_counts_mt_mqc.json:md5,d41d8cd98f00b204e9800998ecf8427e",
                    "test_filtered_pct_counts_ribo_mqc.json:md5,d41d8cd98f00b204e9800998ecf8427e",
                    "test_filtered_total_counts_mqc.json:md5,d41d8cd98f00b204e9800998ecf8427e",
                    "test_mqc.json:md5,d41d8cd98f00b204e9800998ecf8427e",
                    "test_preprocessed_mqc.json:md5,d41d8cd98f00b204e9800998ecf8427e",
                    "test_raw_mqc.json:md5,d41d8cd98f00b204e9800998ecf8427e",
                    "upset_mqc.json:md5,d41d8cd98f00b204e9800998ecf8427e"
                ],
                "obs": [
                    
                ],
                "sizes": [
                    [
                        {
                            "id": "sizes"
                        },
                        "size_list.tsv:md5,92a87eabbcb39809ebd3c0e1a06851bd"
                    ]
                ]
            }
        ],
        "timestamp": "2026-07-16T17:55:25.854648",
        "meta": {
            "nf-test": "0.9.5",
            "nextflow": "26.04.4"
        }
    },
    "Should run without ambient RNA removal and doublet detection - with MAD filtering": {
        "content": [
            [
                "sizes_mqc.json:md5,ac78d5f442533ecb26886d95d03925ac",
                "test_filtered_log1p_n_genes_by_counts_mqc.json:md5,19a40a309128e18c34d5934135309adb",
                "test_filtered_log1p_total_counts_mqc.json:md5,5b3570383303251115f85f7572ecfdc1",
                "test_filtered_n_genes_by_counts_mqc.json:md5,642949843ac1a14cc625d50648bac7e9",
                "test_filtered_pct_counts_hb_mqc.json:md5,669461e1c08cbc2a1627f5b22ab0fcf6",
                "test_filtered_pct_counts_in_top_20_genes_mqc.json:md5,226688e36def06451c9c99406f9cc2e8",
                "test_filtered_pct_counts_mt_mqc.json:md5,57f10ff8178e169cc9cfa5cd40bd8fc6",
                "test_filtered_pct_counts_ribo_mqc.json:md5,ba42b15cd542b824d2fcf3c7630db46c",
                "test_filtered_total_counts_mqc.json:md5,4ce57370b905174020fa3a1eace9827e",
                "test_preprocessed_mqc.json:md5,f5a84fc4f0304fb3231de01deeb6c53d",
                "test_raw_mqc.json:md5,1892d1a9408417050623e6bc2c2480a3"
            ],
            [
                
            ],
            12663,
            9887,
            {
                "n_obs": 12663,
                "n_vars": 9887,
                "obs": {
                    "index": "_index",
                    "columns": [
                        "batch",
                        "condition",
                        "donor",
                        "label",
                        "log1p_n_genes_by_counts",
                        "log1p_total_counts",
                        "log1p_total_counts_hb",
                        "log1p_total_counts_mt",
                        "log1p_total_counts_ribo",
                        "n_genes_by_counts",
                        "pct_counts_hb",
                        "pct_counts_in_top_20_genes",
                        "pct_counts_mt",
                        "pct_counts_ribo",
                        "sample",
                        "sample_original",
                        "total_counts",
                        "total_counts_hb",
                        "total_counts_mt",
                        "total_counts_ribo"
                    ]
                },
                "var": {
                    "index": "_index",
                    "columns": [
                        "hb",
                        "log1p_mean_counts",
                        "log1p_total_counts",
                        "mean_counts",
                        "mt",
                        "n_cells_by_counts",
                        "pct_dropout_by_counts",
                        "ribo",
                        "symbols",
                        "total_counts"
                    ]
                },
                "layers": [
                    
                ],
                "obsm": [
                    
                ],
                "varm": [
                    
                ],
                "obsp": [
                    
                ],
                "varp": [
                    
                ],
                "uns": [
                    
                ]
            }
        ],
        "timestamp": "2026-07-16T17:55:59.536818",
        "meta": {
            "nf-test": "0.9.5",
            "nextflow": "26.04.4"
        }
    },
    "Should run without ambient RNA removal and doublet detection - with partial MAD filtering": {
        "content": [
            [
                "sizes_mqc.json:md5,756ad6aae0f322aadfac95c2b38fcef2",
                "test_filtered_log1p_n_genes_by_counts_mqc.json:md5,9e4a8df543465f08b067eabfe192f044",
                "test_filtered_log1p_total_counts_mqc.json:md5,dde6358ad189d3ddea6ae4af38af3b89",
                "test_filtered_n_genes_by_counts_mqc.json:md5,642949843ac1a14cc625d50648bac7e9",
                "test_filtered_pct_counts_hb_mqc.json:md5,669461e1c08cbc2a1627f5b22ab0fcf6",
                "test_filtered_pct_counts_in_top_20_genes_mqc.json:md5,0895829da000b4027fec1d3375dc6f0c",
                "test_filtered_pct_counts_mt_mqc.json:md5,89cd5ba2d119a9c4437ee78c70498f99",
                "test_filtered_pct_counts_ribo_mqc.json:md5,ba42b15cd542b824d2fcf3c7630db46c",
                "test_filtered_total_counts_mqc.json:md5,4ce57370b905174020fa3a1eace9827e",
                "test_preprocessed_mqc.json:md5,f9b60b49d10d7f9f0fa0608b18ce3d84",
                "test_raw_mqc.json:md5,1892d1a9408417050623e6bc2c2480a3"
            ],
            [
                
            ],
            12940,
            9887,
            {
                "n_obs": 12940,
                "n_vars": 9887,
                "obs": {
                    "index": "_index",
                    "columns": [
                        "batch",
                        "condition",
                        "donor",
                        "label",
                        "log1p_n_genes_by_counts",
                        "log1p_total_counts",
                        "log1p_total_counts_hb",
                        "log1p_total_counts_mt",
                        "log1p_total_counts_ribo",
                        "n_genes_by_counts",
                        "pct_counts_hb",
                        "pct_counts_in_top_20_genes",
                        "pct_counts_mt",
                        "pct_counts_ribo",
                        "sample",
                        "sample_original",
                        "total_counts",
                        "total_counts_hb",
                        "total_counts_mt",
                        "total_counts_ribo"
                    ]
                },
                "var": {
                    "index": "_index",
                    "columns": [
                        "hb",
                        "log1p_mean_counts",
                        "log1p_total_counts",
                        "mean_counts",
                        "mt",
                        "n_cells",
                        "n_cells_by_counts",
                        "pct_dropout_by_counts",
                        "ribo",
                        "symbols",
                        "total_counts"
                    ]
                },
                "layers": [
                    
                ],
                "obsm": [
                    
                ],
                "varm": [
                    
                ],
                "obsp": [
                    
                ],
                "varp": [
                    
                ],
                "uns": [
                    
                ]
            }
        ],
        "timestamp": "2026-07-16T17:57:05.681233",
        "meta": {
            "nf-test": "0.9.5",
            "nextflow": "26.04.4"
        }
    },
    "Should run with ambient RNA removal and doublet detection": {
        "content": [
            [
                "sizes_mqc.json:md5,1793ebee5833403df06e38d4c73f25c5",
                "test_filtered_log1p_n_genes_by_counts_mqc.json:md5,9e4a8df543465f08b067eabfe192f044",
                "test_filtered_log1p_total_counts_mqc.json:md5,dde6358ad189d3ddea6ae4af38af3b89",
                "test_filtered_n_genes_by_counts_mqc.json:md5,642949843ac1a14cc625d50648bac7e9",
                "test_filtered_pct_counts_hb_mqc.json:md5,669461e1c08cbc2a1627f5b22ab0fcf6",
                "test_filtered_pct_counts_in_top_20_genes_mqc.json:md5,0895829da000b4027fec1d3375dc6f0c",
                "test_filtered_pct_counts_mt_mqc.json:md5,42ec9f8d4768de7365c7b667858d850f",
                "test_filtered_pct_counts_ribo_mqc.json:md5,ba42b15cd542b824d2fcf3c7630db46c",
                "test_filtered_total_counts_mqc.json:md5,4ce57370b905174020fa3a1eace9827e",
                "test_preprocessed_mqc.json:md5,1a7a9ee44915cbdcb7905e55def48d5c",
                "test_raw_mqc.json:md5,1892d1a9408417050623e6bc2c2480a3"
            ],
            [
                
            ],
            12939,
            9887,
            {
                "n_obs": 12939,
                "n_vars": 9887,
                "obs": {
                    "index": "_index",
                    "columns": [
                        "batch",
                        "condition",
                        "donor",
                        "label",
                        "log1p_n_genes_by_counts",
                        "log1p_total_counts",
                        "log1p_total_counts_hb",
                        "log1p_total_counts_mt",
                        "log1p_total_counts_ribo",
                        "n_genes_by_counts",
                        "pct_counts_hb",
                        "pct_counts_in_top_20_genes",
                        "pct_counts_mt",
                        "pct_counts_ribo",
                        "sample",
                        "sample_original",
                        "test_scrublet",
                        "total_counts",
                        "total_counts_hb",
                        "total_counts_mt",
                        "total_counts_ribo"
                    ]
                },
                "var": {
                    "index": "_index",
                    "columns": [
                        "hb",
                        "log1p_mean_counts",
                        "log1p_total_counts",
                        "mean_counts",
                        "mt",
                        "n_cells",
                        "n_cells_by_counts",
                        "pct_dropout_by_counts",
                        "ribo",
                        "symbols",
                        "total_counts"
                    ]
                },
                "layers": [
                    
                ],
                "obsm": [
                    
                ],
                "varm": [
                    
                ],
                "obsp": [
                    
                ],
                "varp": [
                    
                ],
                "uns": [
                    
                ]
            }
        ],
        "timestamp": "2026-07-16T17:54:59.55999",
        "meta": {
            "nf-test": "0.9.5",
            "nextflow": "26.04.4"
        }
    },
    "Should run with cell cycle scoring": {
        "content": [
            [
                "sizes_mqc.json:md5,756ad6aae0f322aadfac95c2b38fcef2",
                "test_cellcycle_mqc.json:md5,aa10c138547a9edbe40a9676fefd75d9",
                "test_filtered_log1p_n_genes_by_counts_mqc.json:md5,9e4a8df543465f08b067eabfe192f044",
                "test_filtered_log1p_total_counts_mqc.json:md5,dde6358ad189d3ddea6ae4af38af3b89",
                "test_filtered_n_genes_by_counts_mqc.json:md5,642949843ac1a14cc625d50648bac7e9",
                "test_filtered_pct_counts_hb_mqc.json:md5,669461e1c08cbc2a1627f5b22ab0fcf6",
                "test_filtered_pct_counts_in_top_20_genes_mqc.json:md5,0895829da000b4027fec1d3375dc6f0c",
                "test_filtered_pct_counts_mt_mqc.json:md5,42ec9f8d4768de7365c7b667858d850f",
                "test_filtered_pct_counts_ribo_mqc.json:md5,ba42b15cd542b824d2fcf3c7630db46c",
                "test_filtered_total_counts_mqc.json:md5,4ce57370b905174020fa3a1eace9827e",
                "test_preprocessed_mqc.json:md5,f9b60b49d10d7f9f0fa0608b18ce3d84",
                "test_raw_mqc.json:md5,1892d1a9408417050623e6bc2c2480a3"
            ],
            [
                
            ]
        ],
        "timestamp": "2026-07-16T17:57:41.527192",
        "meta": {
            "nf-test": "0.9.5",
            "nextflow": "26.04.4"
        }
    }
}