{
    "Should run fail with a symbol column that does not exist": {
        "content": [
            {
                "0": [
                    
                ],
                "1": [
                    
                ],
                "2": [
                    
                ],
                "3": [
                    
                ],
                "h5ad": [
                    
                ],
                "multiqc_files": [
                    
                ],
                "plots": [
                    
                ],
                "versions": [
                    
                ]
            }
        ],
        "timestamp": "2026-07-16T17:43:51.550475",
        "meta": {
            "nf-test": "0.9.5",
            "nextflow": "26.04.4"
        }
    },
    "Should run without failures - with MAD filtering": {
        "content": [
            {
                "0": [
                    [
                        {
                            "id": "test"
                        },
                        "test_filtered.h5ad:md5,f1ae2b4680bfb9bde8e7c96ab9ae50ae"
                    ]
                ],
                "1": [
                    
                ],
                "2": [
                    
                ],
                "3": [
                    "versions.yml:md5,76495f734c2fb9c5768d9887dfa1c600"
                ],
                "h5ad": [
                    [
                        {
                            "id": "test"
                        },
                        "test_filtered.h5ad:md5,f1ae2b4680bfb9bde8e7c96ab9ae50ae"
                    ]
                ],
                "multiqc_files": [
                    
                ],
                "plots": [
                    
                ],
                "versions": [
                    "versions.yml:md5,76495f734c2fb9c5768d9887dfa1c600"
                ]
            },
            {
                "SCANPY_FILTER": {
                    "python": "3.13.14",
                    "scanpy": "1.12.3"
                }
            },
            {
                "n_obs": 12663,
                "n_vars": 9887,
                "obs": {
                    "index": "_index",
                    "columns": [
                        "sample",
                        "n_genes_by_counts",
                        "log1p_n_genes_by_counts",
                        "total_counts",
                        "log1p_total_counts",
                        "pct_counts_in_top_20_genes",
                        "total_counts_mt",
                        "log1p_total_counts_mt",
                        "pct_counts_mt",
                        "total_counts_ribo",
                        "log1p_total_counts_ribo",
                        "pct_counts_ribo",
                        "total_counts_hb",
                        "log1p_total_counts_hb",
                        "pct_counts_hb",
                        "n_counts",
                        "n_genes"
                    ]
                },
                "var": {
                    "index": "_index",
                    "columns": [
                        "symbols",
                        "mt",
                        "ribo",
                        "hb",
                        "n_cells_by_counts",
                        "mean_counts",
                        "log1p_mean_counts",
                        "pct_dropout_by_counts",
                        "total_counts",
                        "log1p_total_counts",
                        "n_counts",
                        "n_cells"
                    ]
                },
                "layers": [
                    "counts"
                ],
                "obsm": [
                    
                ],
                "varm": [
                    
                ],
                "obsp": [
                    
                ],
                "varp": [
                    
                ],
                "uns": [
                    
                ]
            }
        ],
        "timestamp": "2026-08-03T16:37:55.121304",
        "meta": {
            "nf-test": "0.9.5",
            "nextflow": "26.04.4"
        }
    },
    "Should run without failures - with partial MAD filtering": {
        "content": [
            {
                "0": [
                    [
                        {
                            "id": "test"
                        },
                        "test_filtered.h5ad:md5,1a6cbcddceefb0cb1aab74ffd28679d4"
                    ]
                ],
                "1": [
                    
                ],
                "2": [
                    
                ],
                "3": [
                    "versions.yml:md5,76495f734c2fb9c5768d9887dfa1c600"
                ],
                "h5ad": [
                    [
                        {
                            "id": "test"
                        },
                        "test_filtered.h5ad:md5,1a6cbcddceefb0cb1aab74ffd28679d4"
                    ]
                ],
                "multiqc_files": [
                    
                ],
                "plots": [
                    
                ],
                "versions": [
                    "versions.yml:md5,76495f734c2fb9c5768d9887dfa1c600"
                ]
            },
            {
                "SCANPY_FILTER": {
                    "python": "3.13.14",
                    "scanpy": "1.12.3"
                }
            },
            {
                "n_obs": 12940,
                "n_vars": 9887,
                "obs": {
                    "index": "_index",
                    "columns": [
                        "sample",
                        "n_genes_by_counts",
                        "log1p_n_genes_by_counts",
                        "total_counts",
                        "log1p_total_counts",
                        "pct_counts_in_top_20_genes",
                        "total_counts_mt",
                        "log1p_total_counts_mt",
                        "pct_counts_mt",
                        "total_counts_ribo",
                        "log1p_total_counts_ribo",
                        "pct_counts_ribo",
                        "total_counts_hb",
                        "log1p_total_counts_hb",
                        "pct_counts_hb",
                        "n_counts",
                        "n_genes"
                    ]
                },
                "var": {
                    "index": "_index",
                    "columns": [
                        "symbols",
                        "mt",
                        "ribo",
                        "hb",
                        "n_cells_by_counts",
                        "mean_counts",
                        "log1p_mean_counts",
                        "pct_dropout_by_counts",
                        "total_counts",
                        "log1p_total_counts",
                        "n_counts",
                        "n_cells"
                    ]
                },
                "layers": [
                    "counts"
                ],
                "obsm": [
                    
                ],
                "varm": [
                    
                ],
                "obsp": [
                    
                ],
                "varp": [
                    
                ],
                "uns": [
                    
                ]
            }
        ],
        "timestamp": "2026-08-03T16:36:22.119437",
        "meta": {
            "nf-test": "0.9.5",
            "nextflow": "26.04.4"
        }
    },
    "Should run without failures - with QC histogram plots": {
        "content": [
            {
                "0": [
                    [
                        {
                            "id": "test"
                        },
                        "test_filtered.h5ad:md5,7725d43826d88ae7b112397f0112fdd3"
                    ]
                ],
                "1": [
                    "test_filtered_qc_histograms.png:md5,9db249da5cc88e721f13aef845011321"
                ],
                "2": [
                    "test_filtered_qc_histograms_mqc.json:md5,f87d4a70b2a11e45c4c511a5e090804d"
                ],
                "3": [
                    "versions.yml:md5,6aec911c232d4c23261b2dde48c21d6b"
                ],
                "h5ad": [
                    [
                        {
                            "id": "test"
                        },
                        "test_filtered.h5ad:md5,7725d43826d88ae7b112397f0112fdd3"
                    ]
                ],
                "multiqc_files": [
                    "test_filtered_qc_histograms_mqc.json:md5,f87d4a70b2a11e45c4c511a5e090804d"
                ],
                "plots": [
                    "test_filtered_qc_histograms.png:md5,9db249da5cc88e721f13aef845011321"
                ],
                "versions": [
                    "versions.yml:md5,6aec911c232d4c23261b2dde48c21d6b"
                ]
            },
            {
                "SCANPY_FILTER": {
                    "matplotlib": "3.11.1",
                    "python": "3.13.14",
                    "scanpy": "1.12.3"
                }
            },
            {
                "n_obs": 5502,
                "n_vars": 926,
                "obs": {
                    "index": "_index",
                    "columns": [
                        "sample",
                        "n_genes_by_counts",
                        "log1p_n_genes_by_counts",
                        "total_counts",
                        "log1p_total_counts",
                        "pct_counts_in_top_20_genes",
                        "total_counts_mt",
                        "log1p_total_counts_mt",
                        "pct_counts_mt",
                        "total_counts_ribo",
                        "log1p_total_counts_ribo",
                        "pct_counts_ribo",
                        "total_counts_hb",
                        "log1p_total_counts_hb",
                        "pct_counts_hb",
                        "n_counts",
                        "n_genes"
                    ]
                },
                "var": {
                    "index": "_index",
                    "columns": [
                        "symbols",
                        "mt",
                        "ribo",
                        "hb",
                        "n_cells_by_counts",
                        "mean_counts",
                        "log1p_mean_counts",
                        "pct_dropout_by_counts",
                        "total_counts",
                        "log1p_total_counts",
                        "n_counts",
                        "n_cells"
                    ]
                },
                "layers": [
                    "counts"
                ],
                "obsm": [
                    
                ],
                "varm": [
                    
                ],
                "obsp": [
                    
                ],
                "varp": [
                    
                ],
                "uns": [
                    
                ]
            }
        ],
        "timestamp": "2026-08-03T16:39:18.568768",
        "meta": {
            "nf-test": "0.9.5",
            "nextflow": "26.04.4"
        }
    },
    "Should run without failures - with custom symbol column": {
        "content": [
            {
                "0": [
                    [
                        {
                            "id": "test"
                        },
                        "test_filtered.h5ad:md5,edc21bce49c0e1ad24a8f3743120d77e"
                    ]
                ],
                "1": [
                    
                ],
                "2": [
                    
                ],
                "3": [
                    "versions.yml:md5,76495f734c2fb9c5768d9887dfa1c600"
                ],
                "h5ad": [
                    [
                        {
                            "id": "test"
                        },
                        "test_filtered.h5ad:md5,edc21bce49c0e1ad24a8f3743120d77e"
                    ]
                ],
                "multiqc_files": [
                    
                ],
                "plots": [
                    
                ],
                "versions": [
                    "versions.yml:md5,76495f734c2fb9c5768d9887dfa1c600"
                ]
            },
            {
                "SCANPY_FILTER": {
                    "python": "3.13.14",
                    "scanpy": "1.12.3"
                }
            },
            {
                "n_obs": 5719,
                "n_vars": 992,
                "obs": {
                    "index": "_index",
                    "columns": [
                        "sample",
                        "n_genes_by_counts",
                        "log1p_n_genes_by_counts",
                        "total_counts",
                        "log1p_total_counts",
                        "pct_counts_in_top_20_genes",
                        "total_counts_mt",
                        "log1p_total_counts_mt",
                        "pct_counts_mt",
                        "total_counts_ribo",
                        "log1p_total_counts_ribo",
                        "pct_counts_ribo",
                        "total_counts_hb",
                        "log1p_total_counts_hb",
                        "pct_counts_hb",
                        "n_counts",
                        "n_genes"
                    ]
                },
                "var": {
                    "index": "_index",
                    "columns": [
                        "symbols",
                        "mt",
                        "ribo",
                        "hb",
                        "n_cells_by_counts",
                        "mean_counts",
                        "log1p_mean_counts",
                        "pct_dropout_by_counts",
                        "total_counts",
                        "log1p_total_counts",
                        "n_counts",
                        "n_cells"
                    ]
                },
                "layers": [
                    "counts"
                ],
                "obsm": [
                    
                ],
                "varm": [
                    
                ],
                "obsp": [
                    
                ],
                "varp": [
                    
                ],
                "uns": [
                    
                ]
            }
        ],
        "timestamp": "2026-08-03T16:30:32.687795",
        "meta": {
            "nf-test": "0.9.5",
            "nextflow": "26.04.4"
        }
    },
    "Should run without failures - stub": {
        "content": [
            {
                "0": [
                    [
                        {
                            "id": "test"
                        },
                        "test_filtered.h5ad:md5,d41d8cd98f00b204e9800998ecf8427e"
                    ]
                ],
                "1": [
                    "test_filtered_qc_histograms.png:md5,d41d8cd98f00b204e9800998ecf8427e"
                ],
                "2": [
                    "test_filtered_qc_histograms_mqc.json:md5,d41d8cd98f00b204e9800998ecf8427e"
                ],
                "3": [
                    "versions.yml:md5,d41d8cd98f00b204e9800998ecf8427e"
                ],
                "h5ad": [
                    [
                        {
                            "id": "test"
                        },
                        "test_filtered.h5ad:md5,d41d8cd98f00b204e9800998ecf8427e"
                    ]
                ],
                "multiqc_files": [
                    "test_filtered_qc_histograms_mqc.json:md5,d41d8cd98f00b204e9800998ecf8427e"
                ],
                "plots": [
                    "test_filtered_qc_histograms.png:md5,d41d8cd98f00b204e9800998ecf8427e"
                ],
                "versions": [
                    "versions.yml:md5,d41d8cd98f00b204e9800998ecf8427e"
                ]
            }
        ],
        "timestamp": "2026-07-16T20:41:41.30549",
        "meta": {
            "nf-test": "0.9.5",
            "nextflow": "26.04.4"
        }
    },
    "Should run without failures": {
        "content": [
            {
                "0": [
                    [
                        {
                            "id": "test"
                        },
                        "test_filtered.h5ad:md5,edc21bce49c0e1ad24a8f3743120d77e"
                    ]
                ],
                "1": [
                    
                ],
                "2": [
                    
                ],
                "3": [
                    "versions.yml:md5,76495f734c2fb9c5768d9887dfa1c600"
                ],
                "h5ad": [
                    [
                        {
                            "id": "test"
                        },
                        "test_filtered.h5ad:md5,edc21bce49c0e1ad24a8f3743120d77e"
                    ]
                ],
                "multiqc_files": [
                    
                ],
                "plots": [
                    
                ],
                "versions": [
                    "versions.yml:md5,76495f734c2fb9c5768d9887dfa1c600"
                ]
            },
            {
                "SCANPY_FILTER": {
                    "python": "3.13.14",
                    "scanpy": "1.12.3"
                }
            },
            {
                "n_obs": 5719,
                "n_vars": 992,
                "obs": {
                    "index": "_index",
                    "columns": [
                        "sample",
                        "n_genes_by_counts",
                        "log1p_n_genes_by_counts",
                        "total_counts",
                        "log1p_total_counts",
                        "pct_counts_in_top_20_genes",
                        "total_counts_mt",
                        "log1p_total_counts_mt",
                        "pct_counts_mt",
                        "total_counts_ribo",
                        "log1p_total_counts_ribo",
                        "pct_counts_ribo",
                        "total_counts_hb",
                        "log1p_total_counts_hb",
                        "pct_counts_hb",
                        "n_counts",
                        "n_genes"
                    ]
                },
                "var": {
                    "index": "_index",
                    "columns": [
                        "symbols",
                        "mt",
                        "ribo",
                        "hb",
                        "n_cells_by_counts",
                        "mean_counts",
                        "log1p_mean_counts",
                        "pct_dropout_by_counts",
                        "total_counts",
                        "log1p_total_counts",
                        "n_counts",
                        "n_cells"
                    ]
                },
                "layers": [
                    "counts"
                ],
                "obsm": [
                    
                ],
                "varm": [
                    
                ],
                "obsp": [
                    
                ],
                "varp": [
                    
                ],
                "uns": [
                    
                ]
            }
        ],
        "timestamp": "2026-08-03T16:27:32.562921",
        "meta": {
            "nf-test": "0.9.5",
            "nextflow": "26.04.4"
        }
    },
    "Should run without failures - with custom mito genes": {
        "content": [
            {
                "0": [
                    [
                        {
                            "id": "test"
                        },
                        "test_filtered.h5ad:md5,edc21bce49c0e1ad24a8f3743120d77e"
                    ]
                ],
                "1": [
                    
                ],
                "2": [
                    
                ],
                "3": [
                    "versions.yml:md5,76495f734c2fb9c5768d9887dfa1c600"
                ],
                "h5ad": [
                    [
                        {
                            "id": "test"
                        },
                        "test_filtered.h5ad:md5,edc21bce49c0e1ad24a8f3743120d77e"
                    ]
                ],
                "multiqc_files": [
                    
                ],
                "plots": [
                    
                ],
                "versions": [
                    "versions.yml:md5,76495f734c2fb9c5768d9887dfa1c600"
                ]
            },
            {
                "SCANPY_FILTER": {
                    "python": "3.13.14",
                    "scanpy": "1.12.3"
                }
            },
            {
                "n_obs": 5719,
                "n_vars": 992,
                "obs": {
                    "index": "_index",
                    "columns": [
                        "sample",
                        "n_genes_by_counts",
                        "log1p_n_genes_by_counts",
                        "total_counts",
                        "log1p_total_counts",
                        "pct_counts_in_top_20_genes",
                        "total_counts_mt",
                        "log1p_total_counts_mt",
                        "pct_counts_mt",
                        "total_counts_ribo",
                        "log1p_total_counts_ribo",
                        "pct_counts_ribo",
                        "total_counts_hb",
                        "log1p_total_counts_hb",
                        "pct_counts_hb",
                        "n_counts",
                        "n_genes"
                    ]
                },
                "var": {
                    "index": "_index",
                    "columns": [
                        "symbols",
                        "mt",
                        "ribo",
                        "hb",
                        "n_cells_by_counts",
                        "mean_counts",
                        "log1p_mean_counts",
                        "pct_dropout_by_counts",
                        "total_counts",
                        "log1p_total_counts",
                        "n_counts",
                        "n_cells"
                    ]
                },
                "layers": [
                    "counts"
                ],
                "obsm": [
                    
                ],
                "varm": [
                    
                ],
                "obsp": [
                    
                ],
                "varp": [
                    
                ],
                "uns": [
                    
                ]
            }
        ],
        "timestamp": "2026-08-03T16:34:25.250336",
        "meta": {
            "nf-test": "0.9.5",
            "nextflow": "26.04.4"
        }
    }
}