{
    "Should run fail with a symbol column that does not exist": {
        "content": [
            {
                "0": [
                    
                ],
                "1": [
                    
                ],
                "2": [
                    
                ],
                "3": [
                    
                ],
                "h5ad": [
                    
                ],
                "multiqc_files": [
                    
                ],
                "plots": [
                    
                ],
                "versions": [
                    
                ]
            }
        ],
        "timestamp": "2026-07-16T17:43:51.550475",
        "meta": {
            "nf-test": "0.9.5",
            "nextflow": "26.04.4"
        }
    },
    "Should run without failures - with MAD filtering": {
        "content": [
            {
                "0": [
                    [
                        {
                            "id": "test"
                        },
                        "test_filtered.h5ad:md5,0bb79b086ffd7b792eef3e31acea2c93"
                    ]
                ],
                "1": [
                    
                ],
                "2": [
                    
                ],
                "3": [
                    "versions.yml:md5,b522587d103606ffd4959a6297fb9476"
                ],
                "h5ad": [
                    [
                        {
                            "id": "test"
                        },
                        "test_filtered.h5ad:md5,0bb79b086ffd7b792eef3e31acea2c93"
                    ]
                ],
                "multiqc_files": [
                    
                ],
                "plots": [
                    
                ],
                "versions": [
                    "versions.yml:md5,b522587d103606ffd4959a6297fb9476"
                ]
            },
            {
                "SCANPY_FILTER": {
                    "python": "3.13.12",
                    "scanpy": "1.12"
                }
            },
            {
                "n_obs": 12663,
                "n_vars": 9887,
                "obs": {
                    "index": "_index",
                    "columns": [
                        "sample",
                        "n_genes_by_counts",
                        "log1p_n_genes_by_counts",
                        "total_counts",
                        "log1p_total_counts",
                        "pct_counts_in_top_20_genes",
                        "total_counts_mt",
                        "log1p_total_counts_mt",
                        "pct_counts_mt",
                        "total_counts_ribo",
                        "log1p_total_counts_ribo",
                        "pct_counts_ribo",
                        "total_counts_hb",
                        "log1p_total_counts_hb",
                        "pct_counts_hb",
                        "n_counts",
                        "n_genes"
                    ]
                },
                "var": {
                    "index": "_index",
                    "columns": [
                        "symbols",
                        "mt",
                        "ribo",
                        "hb",
                        "n_cells_by_counts",
                        "mean_counts",
                        "log1p_mean_counts",
                        "pct_dropout_by_counts",
                        "total_counts",
                        "log1p_total_counts",
                        "n_counts",
                        "n_cells"
                    ]
                },
                "layers": [
                    "counts"
                ],
                "obsm": [
                    
                ],
                "varm": [
                    
                ],
                "obsp": [
                    
                ],
                "varp": [
                    
                ],
                "uns": [
                    
                ]
            }
        ],
        "timestamp": "2026-08-10T10:55:26.203297076",
        "meta": {
            "nf-test": "0.9.4",
            "nextflow": "26.04.6"
        }
    },
    "Should run without failures - with partial MAD filtering": {
        "content": [
            {
                "0": [
                    [
                        {
                            "id": "test"
                        },
                        "test_filtered.h5ad:md5,bb479f5a7c0c25ded86c39d59ff83765"
                    ]
                ],
                "1": [
                    
                ],
                "2": [
                    
                ],
                "3": [
                    "versions.yml:md5,b522587d103606ffd4959a6297fb9476"
                ],
                "h5ad": [
                    [
                        {
                            "id": "test"
                        },
                        "test_filtered.h5ad:md5,bb479f5a7c0c25ded86c39d59ff83765"
                    ]
                ],
                "multiqc_files": [
                    
                ],
                "plots": [
                    
                ],
                "versions": [
                    "versions.yml:md5,b522587d103606ffd4959a6297fb9476"
                ]
            },
            {
                "SCANPY_FILTER": {
                    "python": "3.13.12",
                    "scanpy": "1.12"
                }
            },
            {
                "n_obs": 12940,
                "n_vars": 9887,
                "obs": {
                    "index": "_index",
                    "columns": [
                        "sample",
                        "n_genes_by_counts",
                        "log1p_n_genes_by_counts",
                        "total_counts",
                        "log1p_total_counts",
                        "pct_counts_in_top_20_genes",
                        "total_counts_mt",
                        "log1p_total_counts_mt",
                        "pct_counts_mt",
                        "total_counts_ribo",
                        "log1p_total_counts_ribo",
                        "pct_counts_ribo",
                        "total_counts_hb",
                        "log1p_total_counts_hb",
                        "pct_counts_hb",
                        "n_counts",
                        "n_genes"
                    ]
                },
                "var": {
                    "index": "_index",
                    "columns": [
                        "symbols",
                        "mt",
                        "ribo",
                        "hb",
                        "n_cells_by_counts",
                        "mean_counts",
                        "log1p_mean_counts",
                        "pct_dropout_by_counts",
                        "total_counts",
                        "log1p_total_counts",
                        "n_counts",
                        "n_cells"
                    ]
                },
                "layers": [
                    "counts"
                ],
                "obsm": [
                    
                ],
                "varm": [
                    
                ],
                "obsp": [
                    
                ],
                "varp": [
                    
                ],
                "uns": [
                    
                ]
            }
        ],
        "timestamp": "2026-08-10T10:54:36.884779354",
        "meta": {
            "nf-test": "0.9.4",
            "nextflow": "26.04.6"
        }
    },
    "Should run without failures - with QC histogram plots": {
        "content": [
            {
                "0": [
                    [
                        {
                            "id": "test"
                        },
                        "test_filtered.h5ad:md5,f0b35a01c921f9227d7549ef3b9c00fd"
                    ]
                ],
                "1": [
                    "test_filtered_qc_histograms.png:md5,bc0c5f5c533ca1ef85baa051b7cb3db0"
                ],
                "2": [
                    "test_filtered_qc_histograms_mqc.json:md5,560eb1ab23e2d4ce69ed702abbc7db78"
                ],
                "3": [
                    "versions.yml:md5,82a91fd9c84c64d42d561314e95191a5"
                ],
                "h5ad": [
                    [
                        {
                            "id": "test"
                        },
                        "test_filtered.h5ad:md5,f0b35a01c921f9227d7549ef3b9c00fd"
                    ]
                ],
                "multiqc_files": [
                    "test_filtered_qc_histograms_mqc.json:md5,560eb1ab23e2d4ce69ed702abbc7db78"
                ],
                "plots": [
                    "test_filtered_qc_histograms.png:md5,bc0c5f5c533ca1ef85baa051b7cb3db0"
                ],
                "versions": [
                    "versions.yml:md5,82a91fd9c84c64d42d561314e95191a5"
                ]
            },
            {
                "SCANPY_FILTER": {
                    "matplotlib": "3.10.8",
                    "python": "3.13.12",
                    "scanpy": "1.12"
                }
            },
            {
                "n_obs": 5502,
                "n_vars": 926,
                "obs": {
                    "index": "_index",
                    "columns": [
                        "sample",
                        "n_genes_by_counts",
                        "log1p_n_genes_by_counts",
                        "total_counts",
                        "log1p_total_counts",
                        "pct_counts_in_top_20_genes",
                        "total_counts_mt",
                        "log1p_total_counts_mt",
                        "pct_counts_mt",
                        "total_counts_ribo",
                        "log1p_total_counts_ribo",
                        "pct_counts_ribo",
                        "total_counts_hb",
                        "log1p_total_counts_hb",
                        "pct_counts_hb",
                        "n_counts",
                        "n_genes"
                    ]
                },
                "var": {
                    "index": "_index",
                    "columns": [
                        "symbols",
                        "mt",
                        "ribo",
                        "hb",
                        "n_cells_by_counts",
                        "mean_counts",
                        "log1p_mean_counts",
                        "pct_dropout_by_counts",
                        "total_counts",
                        "log1p_total_counts",
                        "n_counts",
                        "n_cells"
                    ]
                },
                "layers": [
                    "counts"
                ],
                "obsm": [
                    
                ],
                "varm": [
                    
                ],
                "obsp": [
                    
                ],
                "varp": [
                    
                ],
                "uns": [
                    
                ]
            }
        ],
        "timestamp": "2026-08-10T10:56:15.315279392",
        "meta": {
            "nf-test": "0.9.4",
            "nextflow": "26.04.6"
        }
    },
    "Should run without failures - with custom symbol column": {
        "content": [
            {
                "0": [
                    [
                        {
                            "id": "test"
                        },
                        "test_filtered.h5ad:md5,217c248660e9df84238c94f3e48387f7"
                    ]
                ],
                "1": [
                    
                ],
                "2": [
                    
                ],
                "3": [
                    "versions.yml:md5,b522587d103606ffd4959a6297fb9476"
                ],
                "h5ad": [
                    [
                        {
                            "id": "test"
                        },
                        "test_filtered.h5ad:md5,217c248660e9df84238c94f3e48387f7"
                    ]
                ],
                "multiqc_files": [
                    
                ],
                "plots": [
                    
                ],
                "versions": [
                    "versions.yml:md5,b522587d103606ffd4959a6297fb9476"
                ]
            },
            {
                "SCANPY_FILTER": {
                    "python": "3.13.12",
                    "scanpy": "1.12"
                }
            },
            {
                "n_obs": 5719,
                "n_vars": 992,
                "obs": {
                    "index": "_index",
                    "columns": [
                        "sample",
                        "n_genes_by_counts",
                        "log1p_n_genes_by_counts",
                        "total_counts",
                        "log1p_total_counts",
                        "pct_counts_in_top_20_genes",
                        "total_counts_mt",
                        "log1p_total_counts_mt",
                        "pct_counts_mt",
                        "total_counts_ribo",
                        "log1p_total_counts_ribo",
                        "pct_counts_ribo",
                        "total_counts_hb",
                        "log1p_total_counts_hb",
                        "pct_counts_hb",
                        "n_counts",
                        "n_genes"
                    ]
                },
                "var": {
                    "index": "_index",
                    "columns": [
                        "symbols",
                        "mt",
                        "ribo",
                        "hb",
                        "n_cells_by_counts",
                        "mean_counts",
                        "log1p_mean_counts",
                        "pct_dropout_by_counts",
                        "total_counts",
                        "log1p_total_counts",
                        "n_counts",
                        "n_cells"
                    ]
                },
                "layers": [
                    "counts"
                ],
                "obsm": [
                    
                ],
                "varm": [
                    
                ],
                "obsp": [
                    
                ],
                "varp": [
                    
                ],
                "uns": [
                    
                ]
            }
        ],
        "timestamp": "2026-08-10T10:52:15.495646433",
        "meta": {
            "nf-test": "0.9.4",
            "nextflow": "26.04.6"
        }
    },
    "Should run without failures - stub": {
        "content": [
            {
                "0": [
                    [
                        {
                            "id": "test"
                        },
                        "test_filtered.h5ad:md5,d41d8cd98f00b204e9800998ecf8427e"
                    ]
                ],
                "1": [
                    "test_filtered_qc_histograms.png:md5,d41d8cd98f00b204e9800998ecf8427e"
                ],
                "2": [
                    "test_filtered_qc_histograms_mqc.json:md5,d41d8cd98f00b204e9800998ecf8427e"
                ],
                "3": [
                    "versions.yml:md5,d41d8cd98f00b204e9800998ecf8427e"
                ],
                "h5ad": [
                    [
                        {
                            "id": "test"
                        },
                        "test_filtered.h5ad:md5,d41d8cd98f00b204e9800998ecf8427e"
                    ]
                ],
                "multiqc_files": [
                    "test_filtered_qc_histograms_mqc.json:md5,d41d8cd98f00b204e9800998ecf8427e"
                ],
                "plots": [
                    "test_filtered_qc_histograms.png:md5,d41d8cd98f00b204e9800998ecf8427e"
                ],
                "versions": [
                    "versions.yml:md5,d41d8cd98f00b204e9800998ecf8427e"
                ]
            }
        ],
        "timestamp": "2026-07-16T20:41:41.30549",
        "meta": {
            "nf-test": "0.9.5",
            "nextflow": "26.04.4"
        }
    },
    "Should run without failures": {
        "content": [
            {
                "0": [
                    [
                        {
                            "id": "test"
                        },
                        "test_filtered.h5ad:md5,217c248660e9df84238c94f3e48387f7"
                    ]
                ],
                "1": [
                    
                ],
                "2": [
                    
                ],
                "3": [
                    "versions.yml:md5,b522587d103606ffd4959a6297fb9476"
                ],
                "h5ad": [
                    [
                        {
                            "id": "test"
                        },
                        "test_filtered.h5ad:md5,217c248660e9df84238c94f3e48387f7"
                    ]
                ],
                "multiqc_files": [
                    
                ],
                "plots": [
                    
                ],
                "versions": [
                    "versions.yml:md5,b522587d103606ffd4959a6297fb9476"
                ]
            },
            {
                "SCANPY_FILTER": {
                    "python": "3.13.12",
                    "scanpy": "1.12"
                }
            },
            {
                "n_obs": 5719,
                "n_vars": 992,
                "obs": {
                    "index": "_index",
                    "columns": [
                        "sample",
                        "n_genes_by_counts",
                        "log1p_n_genes_by_counts",
                        "total_counts",
                        "log1p_total_counts",
                        "pct_counts_in_top_20_genes",
                        "total_counts_mt",
                        "log1p_total_counts_mt",
                        "pct_counts_mt",
                        "total_counts_ribo",
                        "log1p_total_counts_ribo",
                        "pct_counts_ribo",
                        "total_counts_hb",
                        "log1p_total_counts_hb",
                        "pct_counts_hb",
                        "n_counts",
                        "n_genes"
                    ]
                },
                "var": {
                    "index": "_index",
                    "columns": [
                        "symbols",
                        "mt",
                        "ribo",
                        "hb",
                        "n_cells_by_counts",
                        "mean_counts",
                        "log1p_mean_counts",
                        "pct_dropout_by_counts",
                        "total_counts",
                        "log1p_total_counts",
                        "n_counts",
                        "n_cells"
                    ]
                },
                "layers": [
                    "counts"
                ],
                "obsm": [
                    
                ],
                "varm": [
                    
                ],
                "obsp": [
                    
                ],
                "varp": [
                    
                ],
                "uns": [
                    
                ]
            }
        ],
        "timestamp": "2026-08-10T10:51:27.378678724",
        "meta": {
            "nf-test": "0.9.4",
            "nextflow": "26.04.6"
        }
    },
    "Should run without failures - with custom mito genes": {
        "content": [
            {
                "0": [
                    [
                        {
                            "id": "test"
                        },
                        "test_filtered.h5ad:md5,217c248660e9df84238c94f3e48387f7"
                    ]
                ],
                "1": [
                    
                ],
                "2": [
                    
                ],
                "3": [
                    "versions.yml:md5,b522587d103606ffd4959a6297fb9476"
                ],
                "h5ad": [
                    [
                        {
                            "id": "test"
                        },
                        "test_filtered.h5ad:md5,217c248660e9df84238c94f3e48387f7"
                    ]
                ],
                "multiqc_files": [
                    
                ],
                "plots": [
                    
                ],
                "versions": [
                    "versions.yml:md5,b522587d103606ffd4959a6297fb9476"
                ]
            },
            {
                "SCANPY_FILTER": {
                    "python": "3.13.12",
                    "scanpy": "1.12"
                }
            },
            {
                "n_obs": 5719,
                "n_vars": 992,
                "obs": {
                    "index": "_index",
                    "columns": [
                        "sample",
                        "n_genes_by_counts",
                        "log1p_n_genes_by_counts",
                        "total_counts",
                        "log1p_total_counts",
                        "pct_counts_in_top_20_genes",
                        "total_counts_mt",
                        "log1p_total_counts_mt",
                        "pct_counts_mt",
                        "total_counts_ribo",
                        "log1p_total_counts_ribo",
                        "pct_counts_ribo",
                        "total_counts_hb",
                        "log1p_total_counts_hb",
                        "pct_counts_hb",
                        "n_counts",
                        "n_genes"
                    ]
                },
                "var": {
                    "index": "_index",
                    "columns": [
                        "symbols",
                        "mt",
                        "ribo",
                        "hb",
                        "n_cells_by_counts",
                        "mean_counts",
                        "log1p_mean_counts",
                        "pct_dropout_by_counts",
                        "total_counts",
                        "log1p_total_counts",
                        "n_counts",
                        "n_cells"
                    ]
                },
                "layers": [
                    "counts"
                ],
                "obsm": [
                    
                ],
                "varm": [
                    
                ],
                "obsp": [
                    
                ],
                "varp": [
                    
                ],
                "uns": [
                    
                ]
            }
        ],
        "timestamp": "2026-08-10T10:53:48.069643044",
        "meta": {
            "nf-test": "0.9.4",
            "nextflow": "26.04.6"
        }
    }
}