{
    "Should run fail with a symbol column that does not exist": {
        "content": [
            {
                "0": [
                    
                ],
                "1": [
                    
                ],
                "2": [
                    
                ],
                "3": [
                    
                ],
                "h5ad": [
                    
                ],
                "multiqc_files": [
                    
                ],
                "plots": [
                    
                ],
                "versions": [
                    
                ]
            }
        ],
        "timestamp": "2026-07-16T17:43:51.550475",
        "meta": {
            "nf-test": "0.9.5",
            "nextflow": "26.04.4"
        }
    },
    "Should run without failures - with MAD filtering": {
        "content": [
            {
                "0": [
                    [
                        {
                            "id": "test"
                        },
                        "test_filtered.h5ad:md5,198b358fbbfa7ae221939617f4758f6e"
                    ]
                ],
                "1": [
                    
                ],
                "2": [
                    
                ],
                "3": [
                    "versions.yml:md5,b522587d103606ffd4959a6297fb9476"
                ],
                "h5ad": [
                    [
                        {
                            "id": "test"
                        },
                        "test_filtered.h5ad:md5,198b358fbbfa7ae221939617f4758f6e"
                    ]
                ],
                "multiqc_files": [
                    
                ],
                "plots": [
                    
                ],
                "versions": [
                    "versions.yml:md5,b522587d103606ffd4959a6297fb9476"
                ]
            },
            {
                "SCANPY_FILTER": {
                    "python": "3.13.12",
                    "scanpy": "1.12"
                }
            },
            {
                "n_obs": 12663,
                "n_vars": 9887,
                "obs": {
                    "index": "_index",
                    "columns": [
                        "log1p_n_genes_by_counts",
                        "log1p_total_counts",
                        "log1p_total_counts_hb",
                        "log1p_total_counts_mt",
                        "log1p_total_counts_ribo",
                        "n_counts",
                        "n_genes",
                        "n_genes_by_counts",
                        "pct_counts_hb",
                        "pct_counts_in_top_20_genes",
                        "pct_counts_mt",
                        "pct_counts_ribo",
                        "sample",
                        "total_counts",
                        "total_counts_hb",
                        "total_counts_mt",
                        "total_counts_ribo"
                    ]
                },
                "var": {
                    "index": "_index",
                    "columns": [
                        "hb",
                        "log1p_mean_counts",
                        "log1p_total_counts",
                        "mean_counts",
                        "mt",
                        "n_cells",
                        "n_cells_by_counts",
                        "n_counts",
                        "pct_dropout_by_counts",
                        "ribo",
                        "symbols",
                        "total_counts"
                    ]
                },
                "layers": [
                    "counts"
                ],
                "obsm": [
                    
                ],
                "varm": [
                    
                ],
                "obsp": [
                    
                ],
                "varp": [
                    
                ],
                "uns": [
                    
                ]
            }
        ],
        "timestamp": "2026-07-16T17:44:52.516815",
        "meta": {
            "nf-test": "0.9.5",
            "nextflow": "26.04.4"
        }
    },
    "Should run without failures - with partial MAD filtering": {
        "content": [
            {
                "0": [
                    [
                        {
                            "id": "test"
                        },
                        "test_filtered.h5ad:md5,8760f179fed1991966e79c84567bbb3f"
                    ]
                ],
                "1": [
                    
                ],
                "2": [
                    
                ],
                "3": [
                    "versions.yml:md5,b522587d103606ffd4959a6297fb9476"
                ],
                "h5ad": [
                    [
                        {
                            "id": "test"
                        },
                        "test_filtered.h5ad:md5,8760f179fed1991966e79c84567bbb3f"
                    ]
                ],
                "multiqc_files": [
                    
                ],
                "plots": [
                    
                ],
                "versions": [
                    "versions.yml:md5,b522587d103606ffd4959a6297fb9476"
                ]
            },
            {
                "SCANPY_FILTER": {
                    "python": "3.13.12",
                    "scanpy": "1.12"
                }
            },
            {
                "n_obs": 12940,
                "n_vars": 9887,
                "obs": {
                    "index": "_index",
                    "columns": [
                        "log1p_n_genes_by_counts",
                        "log1p_total_counts",
                        "log1p_total_counts_hb",
                        "log1p_total_counts_mt",
                        "log1p_total_counts_ribo",
                        "n_counts",
                        "n_genes",
                        "n_genes_by_counts",
                        "pct_counts_hb",
                        "pct_counts_in_top_20_genes",
                        "pct_counts_mt",
                        "pct_counts_ribo",
                        "sample",
                        "total_counts",
                        "total_counts_hb",
                        "total_counts_mt",
                        "total_counts_ribo"
                    ]
                },
                "var": {
                    "index": "_index",
                    "columns": [
                        "hb",
                        "log1p_mean_counts",
                        "log1p_total_counts",
                        "mean_counts",
                        "mt",
                        "n_cells",
                        "n_cells_by_counts",
                        "n_counts",
                        "pct_dropout_by_counts",
                        "ribo",
                        "symbols",
                        "total_counts"
                    ]
                },
                "layers": [
                    "counts"
                ],
                "obsm": [
                    
                ],
                "varm": [
                    
                ],
                "obsp": [
                    
                ],
                "varp": [
                    
                ],
                "uns": [
                    
                ]
            }
        ],
        "timestamp": "2026-07-16T17:44:32.666776",
        "meta": {
            "nf-test": "0.9.5",
            "nextflow": "26.04.4"
        }
    },
    "Should run without failures - with QC histogram plots": {
        "content": [
            {
                "0": [
                    [
                        {
                            "id": "test"
                        },
                        "test_filtered.h5ad:md5,20a7c0b00540b2ac790a935e71c45f8d"
                    ]
                ],
                "1": [
                    [
                        "test_filtered_log1p_n_genes_by_counts.png:md5,40f1c1528d75c3d70d9e1d241aa14f87",
                        "test_filtered_log1p_total_counts.png:md5,432e2d2287eed6bde2ef1cbe002183d6",
                        "test_filtered_n_genes_by_counts.png:md5,ee7e5c7df388fff6f75ecdbec88931f9",
                        "test_filtered_pct_counts_hb.png:md5,5729b662bb07b75ecc90b9bae1df354b",
                        "test_filtered_pct_counts_in_top_20_genes.png:md5,37416ecab7fb92487031231b1280ae18",
                        "test_filtered_pct_counts_mt.png:md5,960008fd99ae265fb8027ee7bd13e9ca",
                        "test_filtered_pct_counts_ribo.png:md5,2fe0d965309edda084fee9f3467c5063",
                        "test_filtered_total_counts.png:md5,8b3faa37dbaf4a80a9947d660f46514e"
                    ]
                ],
                "2": [
                    [
                        "test_filtered_log1p_n_genes_by_counts_mqc.json:md5,549626c6c04a931278402231d9de0584",
                        "test_filtered_log1p_total_counts_mqc.json:md5,d7a3d23a16fbe22ee894bc0137cab0a3",
                        "test_filtered_n_genes_by_counts_mqc.json:md5,682e5a977e175ccb2f0becf74c6f6966",
                        "test_filtered_pct_counts_hb_mqc.json:md5,83ae501e1d91c4d9b50748d8c35b459c",
                        "test_filtered_pct_counts_in_top_20_genes_mqc.json:md5,c6c7ce2a27d7d7f5a9187747556de368",
                        "test_filtered_pct_counts_mt_mqc.json:md5,94568adec034b6b8728bfbc78e099637",
                        "test_filtered_pct_counts_ribo_mqc.json:md5,b1c47ae0cfdd9118006a5e88245d19f7",
                        "test_filtered_total_counts_mqc.json:md5,9bc02ed463571b17dffb7776de4b7a07"
                    ]
                ],
                "3": [
                    "versions.yml:md5,82a91fd9c84c64d42d561314e95191a5"
                ],
                "h5ad": [
                    [
                        {
                            "id": "test"
                        },
                        "test_filtered.h5ad:md5,20a7c0b00540b2ac790a935e71c45f8d"
                    ]
                ],
                "multiqc_files": [
                    [
                        "test_filtered_log1p_n_genes_by_counts_mqc.json:md5,549626c6c04a931278402231d9de0584",
                        "test_filtered_log1p_total_counts_mqc.json:md5,d7a3d23a16fbe22ee894bc0137cab0a3",
                        "test_filtered_n_genes_by_counts_mqc.json:md5,682e5a977e175ccb2f0becf74c6f6966",
                        "test_filtered_pct_counts_hb_mqc.json:md5,83ae501e1d91c4d9b50748d8c35b459c",
                        "test_filtered_pct_counts_in_top_20_genes_mqc.json:md5,c6c7ce2a27d7d7f5a9187747556de368",
                        "test_filtered_pct_counts_mt_mqc.json:md5,94568adec034b6b8728bfbc78e099637",
                        "test_filtered_pct_counts_ribo_mqc.json:md5,b1c47ae0cfdd9118006a5e88245d19f7",
                        "test_filtered_total_counts_mqc.json:md5,9bc02ed463571b17dffb7776de4b7a07"
                    ]
                ],
                "plots": [
                    [
                        "test_filtered_log1p_n_genes_by_counts.png:md5,40f1c1528d75c3d70d9e1d241aa14f87",
                        "test_filtered_log1p_total_counts.png:md5,432e2d2287eed6bde2ef1cbe002183d6",
                        "test_filtered_n_genes_by_counts.png:md5,ee7e5c7df388fff6f75ecdbec88931f9",
                        "test_filtered_pct_counts_hb.png:md5,5729b662bb07b75ecc90b9bae1df354b",
                        "test_filtered_pct_counts_in_top_20_genes.png:md5,37416ecab7fb92487031231b1280ae18",
                        "test_filtered_pct_counts_mt.png:md5,960008fd99ae265fb8027ee7bd13e9ca",
                        "test_filtered_pct_counts_ribo.png:md5,2fe0d965309edda084fee9f3467c5063",
                        "test_filtered_total_counts.png:md5,8b3faa37dbaf4a80a9947d660f46514e"
                    ]
                ],
                "versions": [
                    "versions.yml:md5,82a91fd9c84c64d42d561314e95191a5"
                ]
            },
            {
                "SCANPY_FILTER": {
                    "matplotlib": "3.10.8",
                    "python": "3.13.12",
                    "scanpy": "1.12"
                }
            },
            {
                "n_obs": 5502,
                "n_vars": 926,
                "obs": {
                    "index": "_index",
                    "columns": [
                        "log1p_n_genes_by_counts",
                        "log1p_total_counts",
                        "log1p_total_counts_hb",
                        "log1p_total_counts_mt",
                        "log1p_total_counts_ribo",
                        "n_counts",
                        "n_genes",
                        "n_genes_by_counts",
                        "pct_counts_hb",
                        "pct_counts_in_top_20_genes",
                        "pct_counts_mt",
                        "pct_counts_ribo",
                        "sample",
                        "total_counts",
                        "total_counts_hb",
                        "total_counts_mt",
                        "total_counts_ribo"
                    ]
                },
                "var": {
                    "index": "_index",
                    "columns": [
                        "hb",
                        "log1p_mean_counts",
                        "log1p_total_counts",
                        "mean_counts",
                        "mt",
                        "n_cells",
                        "n_cells_by_counts",
                        "n_counts",
                        "pct_dropout_by_counts",
                        "ribo",
                        "symbols",
                        "total_counts"
                    ]
                },
                "layers": [
                    "counts"
                ],
                "obsm": [
                    
                ],
                "varm": [
                    
                ],
                "obsp": [
                    
                ],
                "varp": [
                    
                ],
                "uns": [
                    
                ]
            }
        ],
        "timestamp": "2026-07-16T18:50:32.251776",
        "meta": {
            "nf-test": "0.9.5",
            "nextflow": "26.04.4"
        }
    },
    "Should run without failures - with custom symbol column": {
        "content": [
            {
                "0": [
                    [
                        {
                            "id": "test"
                        },
                        "test_filtered.h5ad:md5,e379c6e48871e2765c6c952e015528a0"
                    ]
                ],
                "1": [
                    
                ],
                "2": [
                    
                ],
                "3": [
                    "versions.yml:md5,b522587d103606ffd4959a6297fb9476"
                ],
                "h5ad": [
                    [
                        {
                            "id": "test"
                        },
                        "test_filtered.h5ad:md5,e379c6e48871e2765c6c952e015528a0"
                    ]
                ],
                "multiqc_files": [
                    
                ],
                "plots": [
                    
                ],
                "versions": [
                    "versions.yml:md5,b522587d103606ffd4959a6297fb9476"
                ]
            },
            {
                "SCANPY_FILTER": {
                    "python": "3.13.12",
                    "scanpy": "1.12"
                }
            },
            {
                "n_obs": 5719,
                "n_vars": 992,
                "obs": {
                    "index": "_index",
                    "columns": [
                        "log1p_n_genes_by_counts",
                        "log1p_total_counts",
                        "log1p_total_counts_hb",
                        "log1p_total_counts_mt",
                        "log1p_total_counts_ribo",
                        "n_counts",
                        "n_genes",
                        "n_genes_by_counts",
                        "pct_counts_hb",
                        "pct_counts_in_top_20_genes",
                        "pct_counts_mt",
                        "pct_counts_ribo",
                        "sample",
                        "total_counts",
                        "total_counts_hb",
                        "total_counts_mt",
                        "total_counts_ribo"
                    ]
                },
                "var": {
                    "index": "_index",
                    "columns": [
                        "hb",
                        "log1p_mean_counts",
                        "log1p_total_counts",
                        "mean_counts",
                        "mt",
                        "n_cells",
                        "n_cells_by_counts",
                        "n_counts",
                        "pct_dropout_by_counts",
                        "ribo",
                        "symbols",
                        "total_counts"
                    ]
                },
                "layers": [
                    "counts"
                ],
                "obsm": [
                    
                ],
                "varm": [
                    
                ],
                "obsp": [
                    
                ],
                "varp": [
                    
                ],
                "uns": [
                    
                ]
            }
        ],
        "timestamp": "2026-07-16T17:43:42.819353",
        "meta": {
            "nf-test": "0.9.5",
            "nextflow": "26.04.4"
        }
    },
    "Should run without failures - stub": {
        "content": [
            {
                "0": [
                    [
                        {
                            "id": "test"
                        },
                        "test_filtered.h5ad:md5,d41d8cd98f00b204e9800998ecf8427e"
                    ]
                ],
                "1": [
                    [
                        "test_filtered_log1p_n_genes_by_counts.png:md5,d41d8cd98f00b204e9800998ecf8427e",
                        "test_filtered_log1p_total_counts.png:md5,d41d8cd98f00b204e9800998ecf8427e",
                        "test_filtered_n_genes_by_counts.png:md5,d41d8cd98f00b204e9800998ecf8427e",
                        "test_filtered_pct_counts_hb.png:md5,d41d8cd98f00b204e9800998ecf8427e",
                        "test_filtered_pct_counts_in_top_20_genes.png:md5,d41d8cd98f00b204e9800998ecf8427e",
                        "test_filtered_pct_counts_mt.png:md5,d41d8cd98f00b204e9800998ecf8427e",
                        "test_filtered_pct_counts_ribo.png:md5,d41d8cd98f00b204e9800998ecf8427e",
                        "test_filtered_total_counts.png:md5,d41d8cd98f00b204e9800998ecf8427e"
                    ]
                ],
                "2": [
                    [
                        "test_filtered_log1p_n_genes_by_counts_mqc.json:md5,d41d8cd98f00b204e9800998ecf8427e",
                        "test_filtered_log1p_total_counts_mqc.json:md5,d41d8cd98f00b204e9800998ecf8427e",
                        "test_filtered_n_genes_by_counts_mqc.json:md5,d41d8cd98f00b204e9800998ecf8427e",
                        "test_filtered_pct_counts_hb_mqc.json:md5,d41d8cd98f00b204e9800998ecf8427e",
                        "test_filtered_pct_counts_in_top_20_genes_mqc.json:md5,d41d8cd98f00b204e9800998ecf8427e",
                        "test_filtered_pct_counts_mt_mqc.json:md5,d41d8cd98f00b204e9800998ecf8427e",
                        "test_filtered_pct_counts_ribo_mqc.json:md5,d41d8cd98f00b204e9800998ecf8427e",
                        "test_filtered_total_counts_mqc.json:md5,d41d8cd98f00b204e9800998ecf8427e"
                    ]
                ],
                "3": [
                    "versions.yml:md5,d41d8cd98f00b204e9800998ecf8427e"
                ],
                "h5ad": [
                    [
                        {
                            "id": "test"
                        },
                        "test_filtered.h5ad:md5,d41d8cd98f00b204e9800998ecf8427e"
                    ]
                ],
                "multiqc_files": [
                    [
                        "test_filtered_log1p_n_genes_by_counts_mqc.json:md5,d41d8cd98f00b204e9800998ecf8427e",
                        "test_filtered_log1p_total_counts_mqc.json:md5,d41d8cd98f00b204e9800998ecf8427e",
                        "test_filtered_n_genes_by_counts_mqc.json:md5,d41d8cd98f00b204e9800998ecf8427e",
                        "test_filtered_pct_counts_hb_mqc.json:md5,d41d8cd98f00b204e9800998ecf8427e",
                        "test_filtered_pct_counts_in_top_20_genes_mqc.json:md5,d41d8cd98f00b204e9800998ecf8427e",
                        "test_filtered_pct_counts_mt_mqc.json:md5,d41d8cd98f00b204e9800998ecf8427e",
                        "test_filtered_pct_counts_ribo_mqc.json:md5,d41d8cd98f00b204e9800998ecf8427e",
                        "test_filtered_total_counts_mqc.json:md5,d41d8cd98f00b204e9800998ecf8427e"
                    ]
                ],
                "plots": [
                    [
                        "test_filtered_log1p_n_genes_by_counts.png:md5,d41d8cd98f00b204e9800998ecf8427e",
                        "test_filtered_log1p_total_counts.png:md5,d41d8cd98f00b204e9800998ecf8427e",
                        "test_filtered_n_genes_by_counts.png:md5,d41d8cd98f00b204e9800998ecf8427e",
                        "test_filtered_pct_counts_hb.png:md5,d41d8cd98f00b204e9800998ecf8427e",
                        "test_filtered_pct_counts_in_top_20_genes.png:md5,d41d8cd98f00b204e9800998ecf8427e",
                        "test_filtered_pct_counts_mt.png:md5,d41d8cd98f00b204e9800998ecf8427e",
                        "test_filtered_pct_counts_ribo.png:md5,d41d8cd98f00b204e9800998ecf8427e",
                        "test_filtered_total_counts.png:md5,d41d8cd98f00b204e9800998ecf8427e"
                    ]
                ],
                "versions": [
                    "versions.yml:md5,d41d8cd98f00b204e9800998ecf8427e"
                ]
            }
        ],
        "timestamp": "2026-07-16T17:45:21.243474",
        "meta": {
            "nf-test": "0.9.5",
            "nextflow": "26.04.4"
        }
    },
    "Should run without failures": {
        "content": [
            {
                "0": [
                    [
                        {
                            "id": "test"
                        },
                        "test_filtered.h5ad:md5,e379c6e48871e2765c6c952e015528a0"
                    ]
                ],
                "1": [
                    
                ],
                "2": [
                    
                ],
                "3": [
                    "versions.yml:md5,b522587d103606ffd4959a6297fb9476"
                ],
                "h5ad": [
                    [
                        {
                            "id": "test"
                        },
                        "test_filtered.h5ad:md5,e379c6e48871e2765c6c952e015528a0"
                    ]
                ],
                "multiqc_files": [
                    
                ],
                "plots": [
                    
                ],
                "versions": [
                    "versions.yml:md5,b522587d103606ffd4959a6297fb9476"
                ]
            },
            {
                "SCANPY_FILTER": {
                    "python": "3.13.12",
                    "scanpy": "1.12"
                }
            },
            {
                "n_obs": 5719,
                "n_vars": 992,
                "obs": {
                    "index": "_index",
                    "columns": [
                        "log1p_n_genes_by_counts",
                        "log1p_total_counts",
                        "log1p_total_counts_hb",
                        "log1p_total_counts_mt",
                        "log1p_total_counts_ribo",
                        "n_counts",
                        "n_genes",
                        "n_genes_by_counts",
                        "pct_counts_hb",
                        "pct_counts_in_top_20_genes",
                        "pct_counts_mt",
                        "pct_counts_ribo",
                        "sample",
                        "total_counts",
                        "total_counts_hb",
                        "total_counts_mt",
                        "total_counts_ribo"
                    ]
                },
                "var": {
                    "index": "_index",
                    "columns": [
                        "hb",
                        "log1p_mean_counts",
                        "log1p_total_counts",
                        "mean_counts",
                        "mt",
                        "n_cells",
                        "n_cells_by_counts",
                        "n_counts",
                        "pct_dropout_by_counts",
                        "ribo",
                        "symbols",
                        "total_counts"
                    ]
                },
                "layers": [
                    "counts"
                ],
                "obsm": [
                    
                ],
                "varm": [
                    
                ],
                "obsp": [
                    
                ],
                "varp": [
                    
                ],
                "uns": [
                    
                ]
            }
        ],
        "timestamp": "2026-07-16T17:43:25.186684",
        "meta": {
            "nf-test": "0.9.5",
            "nextflow": "26.04.4"
        }
    },
    "Should run without failures - with custom mito genes": {
        "content": [
            {
                "0": [
                    [
                        {
                            "id": "test"
                        },
                        "test_filtered.h5ad:md5,e379c6e48871e2765c6c952e015528a0"
                    ]
                ],
                "1": [
                    
                ],
                "2": [
                    
                ],
                "3": [
                    "versions.yml:md5,b522587d103606ffd4959a6297fb9476"
                ],
                "h5ad": [
                    [
                        {
                            "id": "test"
                        },
                        "test_filtered.h5ad:md5,e379c6e48871e2765c6c952e015528a0"
                    ]
                ],
                "multiqc_files": [
                    
                ],
                "plots": [
                    
                ],
                "versions": [
                    "versions.yml:md5,b522587d103606ffd4959a6297fb9476"
                ]
            },
            {
                "SCANPY_FILTER": {
                    "python": "3.13.12",
                    "scanpy": "1.12"
                }
            },
            {
                "n_obs": 5719,
                "n_vars": 992,
                "obs": {
                    "index": "_index",
                    "columns": [
                        "log1p_n_genes_by_counts",
                        "log1p_total_counts",
                        "log1p_total_counts_hb",
                        "log1p_total_counts_mt",
                        "log1p_total_counts_ribo",
                        "n_counts",
                        "n_genes",
                        "n_genes_by_counts",
                        "pct_counts_hb",
                        "pct_counts_in_top_20_genes",
                        "pct_counts_mt",
                        "pct_counts_ribo",
                        "sample",
                        "total_counts",
                        "total_counts_hb",
                        "total_counts_mt",
                        "total_counts_ribo"
                    ]
                },
                "var": {
                    "index": "_index",
                    "columns": [
                        "hb",
                        "log1p_mean_counts",
                        "log1p_total_counts",
                        "mean_counts",
                        "mt",
                        "n_cells",
                        "n_cells_by_counts",
                        "n_counts",
                        "pct_dropout_by_counts",
                        "ribo",
                        "symbols",
                        "total_counts"
                    ]
                },
                "layers": [
                    "counts"
                ],
                "obsm": [
                    
                ],
                "varm": [
                    
                ],
                "obsp": [
                    
                ],
                "varp": [
                    
                ],
                "uns": [
                    
                ]
            }
        ],
        "timestamp": "2026-07-16T17:44:10.151982",
        "meta": {
            "nf-test": "0.9.5",
            "nextflow": "26.04.4"
        }
    }
}