{
    "Should run without failures - stub": {
        "content": [
            {
                "0": [
                    [
                        {
                            "id": "SRR28679756"
                        },
                        "/nf-core/test-datasets/modules/data/genomics/homo_sapiens/scrnaseq/h5ad/SRR28679756_filtered_matrix.h5ad",
                        "/nf-core/test-datasets/modules/data/genomics/homo_sapiens/scrnaseq/h5ad/SRR28679756_raw_matrix.h5ad"
                    ],
                    [
                        {
                            "id": "SRR28679757"
                        },
                        "SRR28679757.h5ad:md5,d41d8cd98f00b204e9800998ecf8427e",
                        "SRR28679757.h5ad:md5,d41d8cd98f00b204e9800998ecf8427e"
                    ],
                    [
                        {
                            "id": "SRR28679758"
                        },
                        "SRR28679758.h5ad:md5,d41d8cd98f00b204e9800998ecf8427e",
                        "SRR28679758.h5ad:md5,d41d8cd98f00b204e9800998ecf8427e"
                    ],
                    [
                        {
                            "id": "csv"
                        },
                        "csv.h5ad:md5,d41d8cd98f00b204e9800998ecf8427e",
                        [
                            
                        ]
                    ],
                    [
                        {
                            "id": "h5"
                        },
                        "h5.h5ad:md5,d41d8cd98f00b204e9800998ecf8427e",
                        [
                            
                        ]
                    ]
                ],
                "1": [
                    "versions.yml:md5,d41d8cd98f00b204e9800998ecf8427e",
                    "versions.yml:md5,d41d8cd98f00b204e9800998ecf8427e",
                    "versions.yml:md5,d41d8cd98f00b204e9800998ecf8427e",
                    "versions.yml:md5,d41d8cd98f00b204e9800998ecf8427e",
                    "versions.yml:md5,d41d8cd98f00b204e9800998ecf8427e",
                    "versions.yml:md5,d41d8cd98f00b204e9800998ecf8427e"
                ],
                "h5ad": [
                    [
                        {
                            "id": "SRR28679756"
                        },
                        "/nf-core/test-datasets/modules/data/genomics/homo_sapiens/scrnaseq/h5ad/SRR28679756_filtered_matrix.h5ad",
                        "/nf-core/test-datasets/modules/data/genomics/homo_sapiens/scrnaseq/h5ad/SRR28679756_raw_matrix.h5ad"
                    ],
                    [
                        {
                            "id": "SRR28679757"
                        },
                        "SRR28679757.h5ad:md5,d41d8cd98f00b204e9800998ecf8427e",
                        "SRR28679757.h5ad:md5,d41d8cd98f00b204e9800998ecf8427e"
                    ],
                    [
                        {
                            "id": "SRR28679758"
                        },
                        "SRR28679758.h5ad:md5,d41d8cd98f00b204e9800998ecf8427e",
                        "SRR28679758.h5ad:md5,d41d8cd98f00b204e9800998ecf8427e"
                    ],
                    [
                        {
                            "id": "csv"
                        },
                        "csv.h5ad:md5,d41d8cd98f00b204e9800998ecf8427e",
                        [
                            
                        ]
                    ],
                    [
                        {
                            "id": "h5"
                        },
                        "h5.h5ad:md5,d41d8cd98f00b204e9800998ecf8427e",
                        [
                            
                        ]
                    ]
                ],
                "versions": [
                    "versions.yml:md5,d41d8cd98f00b204e9800998ecf8427e",
                    "versions.yml:md5,d41d8cd98f00b204e9800998ecf8427e",
                    "versions.yml:md5,d41d8cd98f00b204e9800998ecf8427e",
                    "versions.yml:md5,d41d8cd98f00b204e9800998ecf8427e",
                    "versions.yml:md5,d41d8cd98f00b204e9800998ecf8427e",
                    "versions.yml:md5,d41d8cd98f00b204e9800998ecf8427e"
                ]
            }
        ],
        "timestamp": "2025-06-04T16:58:37.629573415",
        "meta": {
            "nf-test": "0.9.0",
            "nextflow": "25.04.2"
        }
    },
    "Should run without failures": {
        "content": [
            {
                "0": [
                    [
                        {
                            "id": "SRR28679756"
                        },
                        "/nf-core/test-datasets/modules/data/genomics/homo_sapiens/scrnaseq/h5ad/SRR28679756_filtered_matrix.h5ad",
                        "/nf-core/test-datasets/modules/data/genomics/homo_sapiens/scrnaseq/h5ad/SRR28679756_raw_matrix.h5ad"
                    ],
                    [
                        {
                            "id": "SRR28679757"
                        },
                        "SRR28679757.h5ad:md5,e74b26e72ce47aeb35be0b2e03124bdf",
                        "SRR28679757.h5ad:md5,6a43913880e011e04485cbceb02cd2f1"
                    ],
                    [
                        {
                            "id": "SRR28679758"
                        },
                        "SRR28679758.h5ad:md5,13ea94bfc83afdd3a33035a441ad999b",
                        "SRR28679758.h5ad:md5,f229efbaca1bc2920bca6f2015ac8ede"
                    ],
                    [
                        {
                            "id": "csv"
                        },
                        "csv.h5ad:md5,e28b88c987fde8c847fbece9c4c4d06f",
                        [
                            
                        ]
                    ],
                    [
                        {
                            "id": "h5"
                        },
                        "h5.h5ad:md5,21c4adb5fe4d572d55059833c8c8cb60",
                        [
                            
                        ]
                    ]
                ],
                "1": [
                    "versions.yml:md5,5b260ea1255030014b0fb69427ed7818",
                    "versions.yml:md5,5b260ea1255030014b0fb69427ed7818",
                    "versions.yml:md5,5b260ea1255030014b0fb69427ed7818",
                    "versions.yml:md5,5b260ea1255030014b0fb69427ed7818",
                    "versions.yml:md5,cbb16e315643722c0fdfd64a1a4db7e2",
                    "versions.yml:md5,cbe9857a19eca6ae73b908ae0d40da58"
                ],
                "h5ad": [
                    [
                        {
                            "id": "SRR28679756"
                        },
                        "/nf-core/test-datasets/modules/data/genomics/homo_sapiens/scrnaseq/h5ad/SRR28679756_filtered_matrix.h5ad",
                        "/nf-core/test-datasets/modules/data/genomics/homo_sapiens/scrnaseq/h5ad/SRR28679756_raw_matrix.h5ad"
                    ],
                    [
                        {
                            "id": "SRR28679757"
                        },
                        "SRR28679757.h5ad:md5,e74b26e72ce47aeb35be0b2e03124bdf",
                        "SRR28679757.h5ad:md5,6a43913880e011e04485cbceb02cd2f1"
                    ],
                    [
                        {
                            "id": "SRR28679758"
                        },
                        "SRR28679758.h5ad:md5,13ea94bfc83afdd3a33035a441ad999b",
                        "SRR28679758.h5ad:md5,f229efbaca1bc2920bca6f2015ac8ede"
                    ],
                    [
                        {
                            "id": "csv"
                        },
                        "csv.h5ad:md5,e28b88c987fde8c847fbece9c4c4d06f",
                        [
                            
                        ]
                    ],
                    [
                        {
                            "id": "h5"
                        },
                        "h5.h5ad:md5,21c4adb5fe4d572d55059833c8c8cb60",
                        [
                            
                        ]
                    ]
                ],
                "versions": [
                    "versions.yml:md5,5b260ea1255030014b0fb69427ed7818",
                    "versions.yml:md5,5b260ea1255030014b0fb69427ed7818",
                    "versions.yml:md5,5b260ea1255030014b0fb69427ed7818",
                    "versions.yml:md5,5b260ea1255030014b0fb69427ed7818",
                    "versions.yml:md5,cbb16e315643722c0fdfd64a1a4db7e2",
                    "versions.yml:md5,cbe9857a19eca6ae73b908ae0d40da58"
                ]
            }
        ],
        "timestamp": "2026-03-17T22:22:26.118844652",
        "meta": {
            "nf-test": "0.9.4",
            "nextflow": "25.10.2"
        }
    }
}