{
    "Should run without failures - stub": {
        "content": [
            {
                "0": [
                    [
                        {
                            "id": "test"
                        },
                        "test_singler.csv:md5,d41d8cd98f00b204e9800998ecf8427e"
                    ]
                ],
                "obs": [
                    [
                        {
                            "id": "test"
                        },
                        "test_singler.csv:md5,d41d8cd98f00b204e9800998ecf8427e"
                    ]
                ]
            }
        ],
        "timestamp": "2026-05-20T20:51:29.447576768",
        "meta": {
            "nf-test": "0.9.4",
            "nextflow": "26.04.0"
        }
    },
    "Should run without failures": {
        "content": [
            [
                [
                    {
                        "id": "test"
                    },
                    "test_singler_predictions.csv:md5,dae3881eb387e231fccb6c4302d93077"
                ]
            ],
            [
                
            ]
        ],
        "timestamp": "2026-05-20T20:51:06.949506215",
        "meta": {
            "nf-test": "0.9.4",
            "nextflow": "26.04.0"
        }
    }
}