{
    "Should run log1p normalization": {
        "content": [
            {
                "0": [
                    [
                        {
                            "id": "test"
                        },
                        "test_log1pnorm.h5ad:md5,84524aa4932d77405a17173874dc25fe"
                    ]
                ],
                "h5ad": [
                    [
                        {
                            "id": "test"
                        },
                        "test_log1pnorm.h5ad:md5,84524aa4932d77405a17173874dc25fe"
                    ]
                ]
            }
        ],
        "timestamp": "2026-07-13T13:08:01.602581831",
        "meta": {
            "nf-test": "0.9.4",
            "nextflow": "26.04.3"
        }
    },
    "Should run scran normalization - stub": {
        "content": [
            {
                "0": [
                    [
                        {
                            "id": "test"
                        },
                        "test_scran.h5ad:md5,d41d8cd98f00b204e9800998ecf8427e"
                    ]
                ],
                "h5ad": [
                    [
                        {
                            "id": "test"
                        },
                        "test_scran.h5ad:md5,d41d8cd98f00b204e9800998ecf8427e"
                    ]
                ]
            }
        ],
        "timestamp": "2026-07-13T13:08:21.058929751",
        "meta": {
            "nf-test": "0.9.4",
            "nextflow": "26.04.3"
        }
    }
}