{
    "Should run log1p normalization": {
        "content": [
            [
                
            ],
            {
                "n_obs": 38234,
                "n_vars": 9887,
                "obs": {
                    "index": "_index",
                    "columns": [
                        "sample"
                    ]
                },
                "var": {
                    "index": "_index",
                    "columns": [
                        
                    ]
                },
                "layers": [
                    "counts",
                    "log1p"
                ],
                "obsm": [
                    
                ],
                "varm": [
                    
                ],
                "obsp": [
                    
                ],
                "varp": [
                    
                ],
                "uns": [
                    
                ]
            }
        ],
        "timestamp": "2026-07-13T19:33:00.616216084",
        "meta": {
            "nf-test": "0.9.4",
            "nextflow": "26.04.3"
        }
    },
    "Should run scran normalization - stub": {
        "content": [
            {
                "0": [
                    [
                        {
                            "id": "test"
                        },
                        "test_scran.h5ad:md5,d41d8cd98f00b204e9800998ecf8427e"
                    ]
                ],
                "h5ad": [
                    [
                        {
                            "id": "test"
                        },
                        "test_scran.h5ad:md5,d41d8cd98f00b204e9800998ecf8427e"
                    ]
                ]
            }
        ],
        "timestamp": "2026-07-13T13:08:21.058929751",
        "meta": {
            "nf-test": "0.9.4",
            "nextflow": "26.04.3"
        }
    }
}