{
    "Should run differential expression with leiden clustering": {
        "content": [
            [
                {
                    "DIFFERENTIAL_EXPRESSION:SCANPY_RANKGENESGROUPS": {
                        "pandas": "2.3.3",
                        "python": "3.13.12",
                        "scanpy": "1.12"
                    }
                },
                {
                    "DIFFERENTIAL_EXPRESSION:SCANPY_RANKGENESGROUPS": {
                        "pandas": "2.3.3",
                        "python": "3.13.12",
                        "scanpy": "1.12"
                    }
                },
                {
                    "DIFFERENTIAL_EXPRESSION:SCANPY_RANKGENESGROUPS": {
                        "pandas": "2.3.3",
                        "python": "3.13.12",
                        "scanpy": "1.12"
                    }
                },
                {
                    "DIFFERENTIAL_EXPRESSION:SCANPY_RANKGENESGROUPS": {
                        "pandas": "2.3.3",
                        "python": "3.13.12",
                        "scanpy": "1.12"
                    }
                },
                {
                    "DIFFERENTIAL_EXPRESSION:SCANPY_RANKGENESGROUPS": {
                        "pandas": "2.3.3",
                        "python": "3.13.12",
                        "scanpy": "1.12"
                    }
                },
                {
                    "DIFFERENTIAL_EXPRESSION:SCANPY_RANKGENESGROUPS": {
                        "pandas": "2.3.3",
                        "python": "3.13.12",
                        "scanpy": "1.12"
                    }
                },
                {
                    "DIFFERENTIAL_EXPRESSION:SCANPY_RANKGENESGROUPS": {
                        "pandas": "2.3.3",
                        "python": "3.13.12",
                        "scanpy": "1.12"
                    }
                },
                {
                    "DIFFERENTIAL_EXPRESSION:SCANPY_RANKGENESGROUPS": {
                        "pandas": "2.3.3",
                        "python": "3.13.12",
                        "scanpy": "1.12"
                    }
                },
                {
                    "DIFFERENTIAL_EXPRESSION:SCANPY_RANKGENESGROUPS": {
                        "pandas": "2.3.3",
                        "python": "3.13.12",
                        "scanpy": "1.12"
                    }
                },
                {
                    "DIFFERENTIAL_EXPRESSION:SCANPY_RANKGENESGROUPS": {
                        "pandas": "2.3.3",
                        "python": "3.13.12",
                        "scanpy": "1.12"
                    }
                },
                {
                    "DIFFERENTIAL_EXPRESSION:SCANPY_RANKGENESGROUPS": {
                        "pandas": "2.3.3",
                        "python": "3.13.12",
                        "scanpy": "1.12"
                    }
                },
                {
                    "DIFFERENTIAL_EXPRESSION:SCANPY_RANKGENESGROUPS": {
                        "pandas": "2.3.3",
                        "python": "3.13.12",
                        "scanpy": "1.12"
                    }
                },
                {
                    "DIFFERENTIAL_EXPRESSION:SCANPY_RANKGENESGROUPS": {
                        "pandas": "2.3.3",
                        "python": "3.13.12",
                        "scanpy": "1.12"
                    }
                },
                {
                    "DIFFERENTIAL_EXPRESSION:SCANPY_RANKGENESGROUPS": {
                        "pandas": "2.3.3",
                        "python": "3.13.12",
                        "scanpy": "1.12"
                    }
                },
                {
                    "DIFFERENTIAL_EXPRESSION:SCANPY_RANKGENESGROUPS": {
                        "pandas": "2.3.3",
                        "python": "3.13.12",
                        "scanpy": "1.12"
                    }
                },
                {
                    "DIFFERENTIAL_EXPRESSION:SCANPY_RANKGENESGROUPS": {
                        "pandas": "2.3.3",
                        "python": "3.13.12",
                        "scanpy": "1.12"
                    }
                }
            ]
        ],
        "timestamp": "2026-03-29T13:30:15.199583154",
        "meta": {
            "nf-test": "0.9.4",
            "nextflow": "25.10.2"
        }
    },
    "Should run differential expression with label column": {
        "content": [
            [
                {
                    "DIFFERENTIAL_EXPRESSION:SCANPY_RANKGENESGROUPS": {
                        "pandas": "2.3.3",
                        "python": "3.13.12",
                        "scanpy": "1.12"
                    }
                },
                {
                    "DIFFERENTIAL_EXPRESSION:SCANPY_RANKGENESGROUPS": {
                        "pandas": "2.3.3",
                        "python": "3.13.12",
                        "scanpy": "1.12"
                    }
                },
                {
                    "DIFFERENTIAL_EXPRESSION:SCANPY_RANKGENESGROUPS": {
                        "pandas": "2.3.3",
                        "python": "3.13.12",
                        "scanpy": "1.12"
                    }
                },
                {
                    "DIFFERENTIAL_EXPRESSION:SCANPY_RANKGENESGROUPS": {
                        "pandas": "2.3.3",
                        "python": "3.13.12",
                        "scanpy": "1.12"
                    }
                },
                {
                    "DIFFERENTIAL_EXPRESSION:SCANPY_RANKGENESGROUPS": {
                        "pandas": "2.3.3",
                        "python": "3.13.12",
                        "scanpy": "1.12"
                    }
                },
                {
                    "DIFFERENTIAL_EXPRESSION:SCANPY_RANKGENESGROUPS": {
                        "pandas": "2.3.3",
                        "python": "3.13.12",
                        "scanpy": "1.12"
                    }
                },
                {
                    "DIFFERENTIAL_EXPRESSION:SCANPY_RANKGENESGROUPS": {
                        "pandas": "2.3.3",
                        "python": "3.13.12",
                        "scanpy": "1.12"
                    }
                },
                {
                    "DIFFERENTIAL_EXPRESSION:SCANPY_RANKGENESGROUPS": {
                        "pandas": "2.3.3",
                        "python": "3.13.12",
                        "scanpy": "1.12"
                    }
                },
                {
                    "DIFFERENTIAL_EXPRESSION:SCANPY_RANKGENESGROUPS": {
                        "pandas": "2.3.3",
                        "python": "3.13.12",
                        "scanpy": "1.12"
                    }
                },
                {
                    "DIFFERENTIAL_EXPRESSION:SCANPY_RANKGENESGROUPS": {
                        "pandas": "2.3.3",
                        "python": "3.13.12",
                        "scanpy": "1.12"
                    }
                }
            ]
        ],
        "timestamp": "2026-03-29T13:31:13.926825588",
        "meta": {
            "nf-test": "0.9.4",
            "nextflow": "25.10.2"
        }
    }
}