{
    "Should merge scanvi embeddings with labels": {
        "content": [
            {
                "0": [
                    [
                        {
                            "id": "scanvi"
                        },
                        "scanvi.h5ad:md5,9edb8d432da2032f1638d29915eb959a"
                    ]
                ],
                "1": [
                    "scanvi.parquet:md5,730bf54dc7c111678063e1b41b0c649d"
                ],
                "2": [
                    "X_scanvi.parquet:md5,cbb28d097e79f64c8dced6aa2dcc78cf"
                ],
                "3": [
                    "versions.yml:md5,380623347a43a4ae8340cabd86d8597c"
                ],
                "h5ad": [
                    [
                        {
                            "id": "scanvi"
                        },
                        "scanvi.h5ad:md5,9edb8d432da2032f1638d29915eb959a"
                    ]
                ],
                "obs": [
                    "scanvi.parquet:md5,730bf54dc7c111678063e1b41b0c649d"
                ],
                "obsm": [
                    "X_scanvi.parquet:md5,cbb28d097e79f64c8dced6aa2dcc78cf"
                ],
                "versions": [
                    "versions.yml:md5,380623347a43a4ae8340cabd86d8597c"
                ]
            },
            {
                "ADATA_MERGEEMBEDDINGS": {
                    "anndata": "0.13.2",
                    "python": "3.13.14"
                }
            },
            {
                "n_obs": 80,
                "n_vars": 100,
                "obs": {
                    "index": "_index",
                    "columns": [
                        "label:scANVI"
                    ]
                },
                "var": {
                    "index": "_index",
                    "columns": [
                        
                    ]
                },
                "layers": [
                    
                ],
                "obsm": [
                    "X_emb"
                ],
                "varm": [
                    
                ],
                "obsp": [
                    
                ],
                "varp": [
                    
                ],
                "uns": [
                    
                ]
            }
        ],
        "timestamp": "2026-08-05T10:17:55.219201",
        "meta": {
            "nf-test": "0.9.5",
            "nextflow": "26.04.6"
        }
    },
    "Should run without failures - stub": {
        "content": [
            {
                "0": [
                    [
                        {
                            "id": "scvi"
                        },
                        "scvi.h5ad:md5,d41d8cd98f00b204e9800998ecf8427e"
                    ]
                ],
                "1": [
                    "scvi.parquet:md5,d41d8cd98f00b204e9800998ecf8427e"
                ],
                "2": [
                    "X_scvi.parquet:md5,d41d8cd98f00b204e9800998ecf8427e"
                ],
                "3": [
                    "versions.yml:md5,d41d8cd98f00b204e9800998ecf8427e"
                ],
                "h5ad": [
                    [
                        {
                            "id": "scvi"
                        },
                        "scvi.h5ad:md5,d41d8cd98f00b204e9800998ecf8427e"
                    ]
                ],
                "obs": [
                    "scvi.parquet:md5,d41d8cd98f00b204e9800998ecf8427e"
                ],
                "obsm": [
                    "X_scvi.parquet:md5,d41d8cd98f00b204e9800998ecf8427e"
                ],
                "versions": [
                    "versions.yml:md5,d41d8cd98f00b204e9800998ecf8427e"
                ]
            }
        ],
        "timestamp": "2026-08-05T10:07:32.787521",
        "meta": {
            "nf-test": "0.9.5",
            "nextflow": "26.04.6"
        }
    },
    "Should merge scvi embeddings": {
        "content": [
            {
                "0": [
                    [
                        {
                            "id": "scvi"
                        },
                        "scvi.h5ad:md5,9530621dd54ce95a0dddd0886fa8f9dc"
                    ]
                ],
                "1": [
                    
                ],
                "2": [
                    "X_scvi.parquet:md5,cb99643f26fcdad2ee983cc93295a9d3"
                ],
                "3": [
                    "versions.yml:md5,380623347a43a4ae8340cabd86d8597c"
                ],
                "h5ad": [
                    [
                        {
                            "id": "scvi"
                        },
                        "scvi.h5ad:md5,9530621dd54ce95a0dddd0886fa8f9dc"
                    ]
                ],
                "obs": [
                    
                ],
                "obsm": [
                    "X_scvi.parquet:md5,cb99643f26fcdad2ee983cc93295a9d3"
                ],
                "versions": [
                    "versions.yml:md5,380623347a43a4ae8340cabd86d8597c"
                ]
            },
            {
                "ADATA_MERGEEMBEDDINGS": {
                    "anndata": "0.13.2",
                    "python": "3.13.14"
                }
            },
            {
                "n_obs": 80,
                "n_vars": 100,
                "obs": {
                    "index": "_index",
                    "columns": [
                        
                    ]
                },
                "var": {
                    "index": "_index",
                    "columns": [
                        
                    ]
                },
                "layers": [
                    
                ],
                "obsm": [
                    "X_emb"
                ],
                "varm": [
                    
                ],
                "obsp": [
                    
                ],
                "varp": [
                    
                ],
                "uns": [
                    
                ]
            }
        ],
        "timestamp": "2026-08-05T10:17:29.764318",
        "meta": {
            "nf-test": "0.9.5",
            "nextflow": "26.04.6"
        }
    }
}