{
    "Should run without a specified number of deviant genes": {
        "content": [
            {
                "0": [
                    [
                        {
                            "id": "test"
                        },
                        "test_deviance.h5ad:md5,2b2a35e1407b019cc385ede867c6648d"
                    ]
                ],
                "1": [
                    "test_deviance_features.csv:md5,950a02cd2d32169f09f1f519794d9937"
                ],
                "2": [
                    "versions.yml:md5,4a3f9cbeeb0fb3f69921bb3d8a2b6c43"
                ],
                "h5ad": [
                    [
                        {
                            "id": "test"
                        },
                        "test_deviance.h5ad:md5,2b2a35e1407b019cc385ede867c6648d"
                    ]
                ],
                "var": [
                    "test_deviance_features.csv:md5,950a02cd2d32169f09f1f519794d9937"
                ],
                "versions": [
                    "versions.yml:md5,4a3f9cbeeb0fb3f69921bb3d8a2b6c43"
                ]
            },
            {
                "SCRY_DEVIANCE": {
                    "R": "4.5.3",
                    "scry": "1.22.0"
                }
            },
            {
                "n_obs": 38234,
                "n_vars": 4000,
                "obs": {
                    "index": "_index",
                    "columns": [
                        "sample"
                    ]
                },
                "var": {
                    "index": "_index",
                    "columns": [
                        "binomial_deviance",
                        "highly_deviant"
                    ]
                },
                "layers": [
                    "counts"
                ],
                "obsm": [
                    
                ],
                "varm": [
                    
                ],
                "obsp": [
                    
                ],
                "varp": [
                    
                ],
                "uns": [
                    
                ]
            }
        ],
        "timestamp": "2026-07-12T12:01:21.215134715",
        "meta": {
            "nf-test": "0.9.4",
            "nextflow": "26.04.3"
        }
    },
    "Should run without failures - stub": {
        "content": [
            {
                "0": [
                    [
                        {
                            "id": "test"
                        },
                        "test_deviance.h5ad:md5,d41d8cd98f00b204e9800998ecf8427e"
                    ]
                ],
                "1": [
                    "test_deviance_features.csv:md5,d41d8cd98f00b204e9800998ecf8427e"
                ],
                "2": [
                    "versions.yml:md5,d41d8cd98f00b204e9800998ecf8427e"
                ],
                "h5ad": [
                    [
                        {
                            "id": "test"
                        },
                        "test_deviance.h5ad:md5,d41d8cd98f00b204e9800998ecf8427e"
                    ]
                ],
                "var": [
                    "test_deviance_features.csv:md5,d41d8cd98f00b204e9800998ecf8427e"
                ],
                "versions": [
                    "versions.yml:md5,d41d8cd98f00b204e9800998ecf8427e"
                ]
            }
        ],
        "timestamp": "2026-07-08T11:16:29.90613",
        "meta": {
            "nf-test": "0.9.4",
            "nextflow": "26.04.4"
        }
    },
    "Should run with a specified number of deviant genes": {
        "content": [
            {
                "0": [
                    [
                        {
                            "id": "test"
                        },
                        "test_deviance.h5ad:md5,8aa1481da6311ed1f4fb7b313bd935b8"
                    ]
                ],
                "1": [
                    "test_deviance_features.csv:md5,edc464aacdaa8e7ec8c0083d264e9bfd"
                ],
                "2": [
                    "versions.yml:md5,4a3f9cbeeb0fb3f69921bb3d8a2b6c43"
                ],
                "h5ad": [
                    [
                        {
                            "id": "test"
                        },
                        "test_deviance.h5ad:md5,8aa1481da6311ed1f4fb7b313bd935b8"
                    ]
                ],
                "var": [
                    "test_deviance_features.csv:md5,edc464aacdaa8e7ec8c0083d264e9bfd"
                ],
                "versions": [
                    "versions.yml:md5,4a3f9cbeeb0fb3f69921bb3d8a2b6c43"
                ]
            },
            {
                "SCRY_DEVIANCE": {
                    "R": "4.5.3",
                    "scry": "1.22.0"
                }
            },
            {
                "n_obs": 38234,
                "n_vars": 100,
                "obs": {
                    "index": "_index",
                    "columns": [
                        "sample"
                    ]
                },
                "var": {
                    "index": "_index",
                    "columns": [
                        "binomial_deviance",
                        "highly_deviant"
                    ]
                },
                "layers": [
                    "counts"
                ],
                "obsm": [
                    
                ],
                "varm": [
                    
                ],
                "obsp": [
                    
                ],
                "varp": [
                    
                ],
                "uns": [
                    
                ]
            }
        ],
        "timestamp": "2026-07-12T12:02:09.885376478",
        "meta": {
            "nf-test": "0.9.4",
            "nextflow": "26.04.3"
        }
    },
    "Should run with a list of genes excluded from integration": {
        "content": [
            {
                "0": [
                    [
                        {
                            "id": "test"
                        },
                        "test_deviance.h5ad:md5,db30864cbbdeca74c2dde623fae3baf6"
                    ]
                ],
                "1": [
                    "test_deviance_features.csv:md5,78aba7fd5aee0fb9ebca3cb493cfff92"
                ],
                "2": [
                    "versions.yml:md5,4a3f9cbeeb0fb3f69921bb3d8a2b6c43"
                ],
                "h5ad": [
                    [
                        {
                            "id": "test"
                        },
                        "test_deviance.h5ad:md5,db30864cbbdeca74c2dde623fae3baf6"
                    ]
                ],
                "var": [
                    "test_deviance_features.csv:md5,78aba7fd5aee0fb9ebca3cb493cfff92"
                ],
                "versions": [
                    "versions.yml:md5,4a3f9cbeeb0fb3f69921bb3d8a2b6c43"
                ]
            },
            {
                "SCRY_DEVIANCE": {
                    "R": "4.5.3",
                    "scry": "1.22.0"
                }
            },
            {
                "n_obs": 38234,
                "n_vars": 100,
                "obs": {
                    "index": "_index",
                    "columns": [
                        "sample"
                    ]
                },
                "var": {
                    "index": "_index",
                    "columns": [
                        "binomial_deviance",
                        "highly_deviant"
                    ]
                },
                "layers": [
                    "counts"
                ],
                "obsm": [
                    
                ],
                "varm": [
                    
                ],
                "obsp": [
                    
                ],
                "varp": [
                    
                ],
                "uns": [
                    
                ]
            }
        ],
        "timestamp": "2026-07-12T12:02:59.454997259",
        "meta": {
            "nf-test": "0.9.4",
            "nextflow": "26.04.3"
        }
    }
}