{
    "Should run with both celltypist and singler": {
        "content": [
            null,
            2
        ],
        "timestamp": "2026-05-20T20:52:29.697460613",
        "meta": {
            "nf-test": "0.9.4",
            "nextflow": "26.04.0"
        }
    },
    "Should run without failures - stub": {
        "content": [
            {
                "0": [
                    [
                        {
                            "id": "test"
                        },
                        "test_celltypist.pkl:md5,d41d8cd98f00b204e9800998ecf8427e"
                    ],
                    [
                        {
                            "id": "test"
                        },
                        "test_singler.csv:md5,d41d8cd98f00b204e9800998ecf8427e"
                    ]
                ],
                "obs": [
                    [
                        {
                            "id": "test"
                        },
                        "test_celltypist.pkl:md5,d41d8cd98f00b204e9800998ecf8427e"
                    ],
                    [
                        {
                            "id": "test"
                        },
                        "test_singler.csv:md5,d41d8cd98f00b204e9800998ecf8427e"
                    ]
                ]
            }
        ],
        "timestamp": "2026-05-20T20:52:51.247251471",
        "meta": {
            "nf-test": "0.9.4",
            "nextflow": "26.04.0"
        }
    }
}