{
    "Should handle label column already named label": {
        "content": [
            {
                "0": [
                    [
                        {
                            "id": "test"
                        },
                        "test_unified.h5ad:md5,dafef99c3ae6bb081fc8da0f50513cfb"
                    ]
                ],
                "1": [
                    "versions.yml:md5,38f68a59242c8455c63c13e9eae99a4e"
                ],
                "h5ad": [
                    [
                        {
                            "id": "test"
                        },
                        "test_unified.h5ad:md5,dafef99c3ae6bb081fc8da0f50513cfb"
                    ]
                ],
                "versions": [
                    "versions.yml:md5,38f68a59242c8455c63c13e9eae99a4e"
                ]
            },
            {
                "ADATA_UNIFY": {
                    "anndata": "0.13.2",
                    "numpy": "2.5.3",
                    "python": "3.13.12",
                    "scipy": "1.18.1"
                }
            },
            {
                "n_obs": 12940,
                "n_vars": 9887,
                "obs": {
                    "index": "_index",
                    "columns": [
                        "sample",
                        "label",
                        "batch",
                        "condition",
                        "donor",
                        "sample_original"
                    ]
                },
                "var": {
                    "index": "_index",
                    "columns": [
                        "symbols"
                    ]
                },
                "layers": [
                    
                ],
                "obsm": [
                    
                ],
                "varm": [
                    
                ],
                "obsp": [
                    
                ],
                "varp": [
                    
                ],
                "uns": [
                    
                ]
            }
        ],
        "timestamp": "2026-09-26T10:25:17.681866358",
        "meta": {
            "nf-test": "0.9.4",
            "nextflow": "26.04.6"
        }
    },
    "Should handle sample column with different value": {
        "content": [
            {
                "0": [
                    [
                        {
                            "id": "test"
                        },
                        "test_unified.h5ad:md5,d9722c1ba56aa30554500104bc8b624f"
                    ]
                ],
                "1": [
                    "versions.yml:md5,38f68a59242c8455c63c13e9eae99a4e"
                ],
                "h5ad": [
                    [
                        {
                            "id": "test"
                        },
                        "test_unified.h5ad:md5,d9722c1ba56aa30554500104bc8b624f"
                    ]
                ],
                "versions": [
                    "versions.yml:md5,38f68a59242c8455c63c13e9eae99a4e"
                ]
            },
            {
                "ADATA_UNIFY": {
                    "anndata": "0.13.2",
                    "numpy": "2.5.3",
                    "python": "3.13.12",
                    "scipy": "1.18.1"
                }
            },
            {
                "n_obs": 12940,
                "n_vars": 9887,
                "obs": {
                    "index": "_index",
                    "columns": [
                        "sample",
                        "batch",
                        "label",
                        "condition",
                        "donor",
                        "sample_original"
                    ]
                },
                "var": {
                    "index": "_index",
                    "columns": [
                        "symbols"
                    ]
                },
                "layers": [
                    
                ],
                "obsm": [
                    
                ],
                "varm": [
                    
                ],
                "obsp": [
                    
                ],
                "varp": [
                    
                ],
                "uns": [
                    
                ]
            }
        ],
        "timestamp": "2026-09-26T10:30:23.899769449",
        "meta": {
            "nf-test": "0.9.4",
            "nextflow": "26.04.6"
        }
    },
    "Should handle symbols in column": {
        "content": [
            {
                "0": [
                    [
                        {
                            "id": "test"
                        },
                        "test_unified.h5ad:md5,8153e77eb8bffff125da9ec1bb34663b"
                    ]
                ],
                "1": [
                    "versions.yml:md5,38f68a59242c8455c63c13e9eae99a4e"
                ],
                "h5ad": [
                    [
                        {
                            "id": "test"
                        },
                        "test_unified.h5ad:md5,8153e77eb8bffff125da9ec1bb34663b"
                    ]
                ],
                "versions": [
                    "versions.yml:md5,38f68a59242c8455c63c13e9eae99a4e"
                ]
            },
            {
                "ADATA_UNIFY": {
                    "anndata": "0.13.2",
                    "numpy": "2.5.3",
                    "python": "3.13.12",
                    "scipy": "1.18.1"
                }
            },
            {
                "n_obs": 12940,
                "n_vars": 9887,
                "obs": {
                    "index": "_index",
                    "columns": [
                        "sample",
                        "batch",
                        "label",
                        "condition",
                        "donor",
                        "sample_original"
                    ]
                },
                "var": {
                    "index": "_index",
                    "columns": [
                        "symbols",
                        "original_index"
                    ]
                },
                "layers": [
                    
                ],
                "obsm": [
                    
                ],
                "varm": [
                    
                ],
                "obsp": [
                    
                ],
                "varp": [
                    
                ],
                "uns": [
                    
                ]
            }
        ],
        "timestamp": "2026-09-26T10:21:01.827292086",
        "meta": {
            "nf-test": "0.9.4",
            "nextflow": "26.04.6"
        }
    },
    "Should handle label column with different name": {
        "content": [
            {
                "0": [
                    [
                        {
                            "id": "test"
                        },
                        "test_unified.h5ad:md5,c11f1e3ba24f5990b03942bc4cddd0c4"
                    ]
                ],
                "1": [
                    "versions.yml:md5,38f68a59242c8455c63c13e9eae99a4e"
                ],
                "h5ad": [
                    [
                        {
                            "id": "test"
                        },
                        "test_unified.h5ad:md5,c11f1e3ba24f5990b03942bc4cddd0c4"
                    ]
                ],
                "versions": [
                    "versions.yml:md5,38f68a59242c8455c63c13e9eae99a4e"
                ]
            },
            {
                "ADATA_UNIFY": {
                    "anndata": "0.13.2",
                    "numpy": "2.5.3",
                    "python": "3.13.12",
                    "scipy": "1.18.1"
                }
            },
            {
                "n_obs": 12940,
                "n_vars": 9887,
                "obs": {
                    "index": "_index",
                    "columns": [
                        "sample",
                        "batch",
                        "label",
                        "condition",
                        "donor",
                        "sample_original"
                    ]
                },
                "var": {
                    "index": "_index",
                    "columns": [
                        "symbols"
                    ]
                },
                "layers": [
                    
                ],
                "obsm": [
                    
                ],
                "varm": [
                    
                ],
                "obsp": [
                    
                ],
                "varp": [
                    
                ],
                "uns": [
                    
                ]
            }
        ],
        "timestamp": "2026-09-26T10:24:57.208999559",
        "meta": {
            "nf-test": "0.9.4",
            "nextflow": "26.04.6"
        }
    },
    "Should create condition column when missing": {
        "content": [
            {
                "0": [
                    [
                        {
                            "id": "test"
                        },
                        "test_unified.h5ad:md5,0aa71b88ee89ff827071e318785f3b1f"
                    ]
                ],
                "1": [
                    "versions.yml:md5,38f68a59242c8455c63c13e9eae99a4e"
                ],
                "h5ad": [
                    [
                        {
                            "id": "test"
                        },
                        "test_unified.h5ad:md5,0aa71b88ee89ff827071e318785f3b1f"
                    ]
                ],
                "versions": [
                    "versions.yml:md5,38f68a59242c8455c63c13e9eae99a4e"
                ]
            },
            {
                "ADATA_UNIFY": {
                    "anndata": "0.13.2",
                    "numpy": "2.5.3",
                    "python": "3.13.12",
                    "scipy": "1.18.1"
                }
            },
            {
                "n_obs": 12940,
                "n_vars": 9887,
                "obs": {
                    "index": "_index",
                    "columns": [
                        "sample",
                        "batch",
                        "label",
                        "condition",
                        "donor",
                        "sample_original"
                    ]
                },
                "var": {
                    "index": "_index",
                    "columns": [
                        "symbols"
                    ]
                },
                "layers": [
                    
                ],
                "obsm": [
                    
                ],
                "varm": [
                    
                ],
                "obsp": [
                    
                ],
                "varp": [
                    
                ],
                "uns": [
                    
                ]
            }
        ],
        "timestamp": "2026-09-26T10:28:00.938122011",
        "meta": {
            "nf-test": "0.9.4",
            "nextflow": "26.04.6"
        }
    },
    "Should handle label column with unknown values": {
        "content": [
            {
                "0": [
                    [
                        {
                            "id": "test"
                        },
                        "test_unified.h5ad:md5,de2f60f85566eb9dd1d8fd6899d77c31"
                    ]
                ],
                "1": [
                    "versions.yml:md5,38f68a59242c8455c63c13e9eae99a4e"
                ],
                "h5ad": [
                    [
                        {
                            "id": "test"
                        },
                        "test_unified.h5ad:md5,de2f60f85566eb9dd1d8fd6899d77c31"
                    ]
                ],
                "versions": [
                    "versions.yml:md5,38f68a59242c8455c63c13e9eae99a4e"
                ]
            },
            {
                "ADATA_UNIFY": {
                    "anndata": "0.13.2",
                    "numpy": "2.5.3",
                    "python": "3.13.12",
                    "scipy": "1.18.1"
                }
            },
            {
                "n_obs": 12940,
                "n_vars": 9887,
                "obs": {
                    "index": "_index",
                    "columns": [
                        "sample",
                        "batch",
                        "label",
                        "condition",
                        "donor",
                        "sample_original"
                    ]
                },
                "var": {
                    "index": "_index",
                    "columns": [
                        "symbols"
                    ]
                },
                "layers": [
                    
                ],
                "obsm": [
                    
                ],
                "varm": [
                    
                ],
                "obsp": [
                    
                ],
                "varp": [
                    
                ],
                "uns": [
                    
                ]
            }
        ],
        "timestamp": "2026-09-26T10:25:58.156476874",
        "meta": {
            "nf-test": "0.9.4",
            "nextflow": "26.04.6"
        }
    },
    "Should handle duplicates with sum aggregation": {
        "content": [
            {
                "0": [
                    [
                        {
                            "id": "test"
                        },
                        "test_unified.h5ad:md5,a8d7c66ec06141866c7ad8d31ecb68f4"
                    ]
                ],
                "1": [
                    "versions.yml:md5,38f68a59242c8455c63c13e9eae99a4e"
                ],
                "h5ad": [
                    [
                        {
                            "id": "test"
                        },
                        "test_unified.h5ad:md5,a8d7c66ec06141866c7ad8d31ecb68f4"
                    ]
                ],
                "versions": [
                    "versions.yml:md5,38f68a59242c8455c63c13e9eae99a4e"
                ]
            },
            {
                "ADATA_UNIFY": {
                    "anndata": "0.13.2",
                    "numpy": "2.5.3",
                    "python": "3.13.12",
                    "scipy": "1.18.1"
                }
            },
            {
                "n_obs": 12940,
                "n_vars": 9887,
                "obs": {
                    "index": "_index",
                    "columns": [
                        "sample",
                        "batch",
                        "label",
                        "condition",
                        "donor",
                        "sample_original"
                    ]
                },
                "var": {
                    "index": "_index",
                    "columns": [
                        "symbols",
                        "original_index"
                    ]
                },
                "layers": [
                    
                ],
                "obsm": [
                    
                ],
                "varm": [
                    
                ],
                "obsp": [
                    
                ],
                "varp": [
                    
                ],
                "uns": [
                    
                ]
            }
        ],
        "timestamp": "2026-09-26T10:21:34.502284701",
        "meta": {
            "nf-test": "0.9.4",
            "nextflow": "26.04.6"
        }
    },
    "Should create batch column when missing": {
        "content": [
            {
                "0": [
                    [
                        {
                            "id": "test"
                        },
                        "test_unified.h5ad:md5,64769aa232d2b15123edf5312e8fcc09"
                    ]
                ],
                "1": [
                    "versions.yml:md5,38f68a59242c8455c63c13e9eae99a4e"
                ],
                "h5ad": [
                    [
                        {
                            "id": "test"
                        },
                        "test_unified.h5ad:md5,64769aa232d2b15123edf5312e8fcc09"
                    ]
                ],
                "versions": [
                    "versions.yml:md5,38f68a59242c8455c63c13e9eae99a4e"
                ]
            },
            {
                "ADATA_UNIFY": {
                    "anndata": "0.13.2",
                    "numpy": "2.5.3",
                    "python": "3.13.12",
                    "scipy": "1.18.1"
                }
            },
            {
                "n_obs": 12940,
                "n_vars": 9887,
                "obs": {
                    "index": "_index",
                    "columns": [
                        "batch",
                        "label",
                        "condition",
                        "donor",
                        "sample"
                    ]
                },
                "var": {
                    "index": "_index",
                    "columns": [
                        "symbols"
                    ]
                },
                "layers": [
                    
                ],
                "obsm": [
                    
                ],
                "varm": [
                    
                ],
                "obsp": [
                    
                ],
                "varp": [
                    
                ],
                "uns": [
                    
                ]
            }
        ],
        "timestamp": "2026-09-26T10:24:18.693318089",
        "meta": {
            "nf-test": "0.9.4",
            "nextflow": "26.04.6"
        }
    },
    "Should run without failures - stub": {
        "content": [
            {
                "0": [
                    [
                        {
                            "id": "test"
                        },
                        "test_unified.h5ad:md5,d41d8cd98f00b204e9800998ecf8427e"
                    ]
                ],
                "1": [
                    "versions.yml:md5,d41d8cd98f00b204e9800998ecf8427e"
                ],
                "h5ad": [
                    [
                        {
                            "id": "test"
                        },
                        "test_unified.h5ad:md5,d41d8cd98f00b204e9800998ecf8427e"
                    ]
                ],
                "versions": [
                    "versions.yml:md5,d41d8cd98f00b204e9800998ecf8427e"
                ]
            }
        ],
        "timestamp": "2026-01-11T21:38:13.01844773",
        "meta": {
            "nf-test": "0.9.2",
            "nextflow": "25.04.6"
        }
    },
    "Should handle duplicates with make_unique": {
        "content": [
            {
                "0": [
                    [
                        {
                            "id": "test"
                        },
                        "test_unified.h5ad:md5,d3db23774cd1a19260d62174870c824a"
                    ]
                ],
                "1": [
                    "versions.yml:md5,38f68a59242c8455c63c13e9eae99a4e"
                ],
                "h5ad": [
                    [
                        {
                            "id": "test"
                        },
                        "test_unified.h5ad:md5,d3db23774cd1a19260d62174870c824a"
                    ]
                ],
                "versions": [
                    "versions.yml:md5,38f68a59242c8455c63c13e9eae99a4e"
                ]
            },
            {
                "ADATA_UNIFY": {
                    "anndata": "0.13.2",
                    "numpy": "2.5.3",
                    "python": "3.13.12",
                    "scipy": "1.18.1"
                }
            },
            {
                "n_obs": 12940,
                "n_vars": 9937,
                "obs": {
                    "index": "_index",
                    "columns": [
                        "sample",
                        "batch",
                        "label",
                        "condition",
                        "donor",
                        "sample_original"
                    ]
                },
                "var": {
                    "index": "_index",
                    "columns": [
                        "symbols",
                        "original_index"
                    ]
                },
                "layers": [
                    
                ],
                "obsm": [
                    
                ],
                "varm": [
                    
                ],
                "obsp": [
                    
                ],
                "varp": [
                    
                ],
                "uns": [
                    
                ]
            }
        ],
        "timestamp": "2026-09-26T10:22:58.301718788",
        "meta": {
            "nf-test": "0.9.4",
            "nextflow": "26.04.6"
        }
    },
    "Should handle condition column with different name": {
        "content": [
            {
                "0": [
                    [
                        {
                            "id": "test"
                        },
                        "test_unified.h5ad:md5,4b4e456890d897e826c9a26bc5868d87"
                    ]
                ],
                "1": [
                    "versions.yml:md5,38f68a59242c8455c63c13e9eae99a4e"
                ],
                "h5ad": [
                    [
                        {
                            "id": "test"
                        },
                        "test_unified.h5ad:md5,4b4e456890d897e826c9a26bc5868d87"
                    ]
                ],
                "versions": [
                    "versions.yml:md5,38f68a59242c8455c63c13e9eae99a4e"
                ]
            },
            {
                "ADATA_UNIFY": {
                    "anndata": "0.13.2",
                    "numpy": "2.5.3",
                    "python": "3.13.12",
                    "scipy": "1.18.1"
                }
            },
            {
                "n_obs": 12940,
                "n_vars": 9887,
                "obs": {
                    "index": "_index",
                    "columns": [
                        "sample",
                        "batch",
                        "label",
                        "condition",
                        "donor",
                        "sample_original"
                    ]
                },
                "var": {
                    "index": "_index",
                    "columns": [
                        "symbols"
                    ]
                },
                "layers": [
                    
                ],
                "obsm": [
                    
                ],
                "varm": [
                    
                ],
                "obsp": [
                    
                ],
                "varp": [
                    
                ],
                "uns": [
                    
                ]
            }
        ],
        "timestamp": "2026-09-26T10:27:19.258657828",
        "meta": {
            "nf-test": "0.9.4",
            "nextflow": "26.04.6"
        }
    },
    "Should handle duplicates with mean aggregation": {
        "content": [
            {
                "0": [
                    [
                        {
                            "id": "test"
                        },
                        "test_unified.h5ad:md5,9a13c26ab762fb33155ff3030f01a7ea"
                    ]
                ],
                "1": [
                    "versions.yml:md5,38f68a59242c8455c63c13e9eae99a4e"
                ],
                "h5ad": [
                    [
                        {
                            "id": "test"
                        },
                        "test_unified.h5ad:md5,9a13c26ab762fb33155ff3030f01a7ea"
                    ]
                ],
                "versions": [
                    "versions.yml:md5,38f68a59242c8455c63c13e9eae99a4e"
                ]
            },
            {
                "ADATA_UNIFY": {
                    "anndata": "0.13.2",
                    "numpy": "2.5.3",
                    "python": "3.13.12",
                    "scipy": "1.18.1"
                }
            },
            {
                "n_obs": 12940,
                "n_vars": 9887,
                "obs": {
                    "index": "_index",
                    "columns": [
                        "sample",
                        "batch",
                        "label",
                        "condition",
                        "donor",
                        "sample_original"
                    ]
                },
                "var": {
                    "index": "_index",
                    "columns": [
                        "symbols",
                        "original_index"
                    ]
                },
                "layers": [
                    
                ],
                "obsm": [
                    
                ],
                "varm": [
                    
                ],
                "obsp": [
                    
                ],
                "varp": [
                    
                ],
                "uns": [
                    
                ]
            }
        ],
        "timestamp": "2026-09-26T10:22:06.237745089",
        "meta": {
            "nf-test": "0.9.4",
            "nextflow": "26.04.6"
        }
    },
    "Should aggregate isoforms": {
        "content": [
            {
                "0": [
                    [
                        {
                            "id": "test"
                        },
                        "test_unified.h5ad:md5,f459cdf394e9bfdb6152e98e6ce755be"
                    ]
                ],
                "1": [
                    "versions.yml:md5,38f68a59242c8455c63c13e9eae99a4e"
                ],
                "h5ad": [
                    [
                        {
                            "id": "test"
                        },
                        "test_unified.h5ad:md5,f459cdf394e9bfdb6152e98e6ce755be"
                    ]
                ],
                "versions": [
                    "versions.yml:md5,38f68a59242c8455c63c13e9eae99a4e"
                ]
            },
            {
                "ADATA_UNIFY": {
                    "anndata": "0.13.2",
                    "numpy": "2.5.3",
                    "python": "3.13.12",
                    "scipy": "1.18.1"
                }
            },
            {
                "n_obs": 12940,
                "n_vars": 9887,
                "obs": {
                    "index": "_index",
                    "columns": [
                        "sample",
                        "batch",
                        "label",
                        "condition",
                        "donor",
                        "sample_original"
                    ]
                },
                "var": {
                    "index": "_index",
                    "columns": [
                        "symbols"
                    ]
                },
                "layers": [
                    
                ],
                "obsm": [
                    
                ],
                "varm": [
                    
                ],
                "obsp": [
                    
                ],
                "varp": [
                    
                ],
                "uns": [
                    
                ]
            }
        ],
        "timestamp": "2026-09-26T10:23:18.939356151",
        "meta": {
            "nf-test": "0.9.4",
            "nextflow": "26.04.6"
        }
    },
    "Should handle condition column already named condition": {
        "content": [
            {
                "0": [
                    [
                        {
                            "id": "test"
                        },
                        "test_unified.h5ad:md5,4cbc4be6b2569e8b0d320fd5aa322e66"
                    ]
                ],
                "1": [
                    "versions.yml:md5,38f68a59242c8455c63c13e9eae99a4e"
                ],
                "h5ad": [
                    [
                        {
                            "id": "test"
                        },
                        "test_unified.h5ad:md5,4cbc4be6b2569e8b0d320fd5aa322e66"
                    ]
                ],
                "versions": [
                    "versions.yml:md5,38f68a59242c8455c63c13e9eae99a4e"
                ]
            },
            {
                "ADATA_UNIFY": {
                    "anndata": "0.13.2",
                    "numpy": "2.5.3",
                    "python": "3.13.12",
                    "scipy": "1.18.1"
                }
            },
            {
                "n_obs": 12940,
                "n_vars": 9887,
                "obs": {
                    "index": "_index",
                    "columns": [
                        "sample",
                        "condition",
                        "batch",
                        "label",
                        "donor",
                        "sample_original"
                    ]
                },
                "var": {
                    "index": "_index",
                    "columns": [
                        "symbols"
                    ]
                },
                "layers": [
                    
                ],
                "obsm": [
                    
                ],
                "varm": [
                    
                ],
                "obsp": [
                    
                ],
                "varp": [
                    
                ],
                "uns": [
                    
                ]
            }
        ],
        "timestamp": "2026-09-26T10:27:40.527898774",
        "meta": {
            "nf-test": "0.9.4",
            "nextflow": "26.04.6"
        }
    },
    "Should normalize label column with special characters": {
        "content": [
            {
                "0": [
                    [
                        {
                            "id": "test"
                        },
                        "test_unified.h5ad:md5,fa770d9a4626cc74c55f8c76263f4ab7"
                    ]
                ],
                "1": [
                    "versions.yml:md5,38f68a59242c8455c63c13e9eae99a4e"
                ],
                "h5ad": [
                    [
                        {
                            "id": "test"
                        },
                        "test_unified.h5ad:md5,fa770d9a4626cc74c55f8c76263f4ab7"
                    ]
                ],
                "versions": [
                    "versions.yml:md5,38f68a59242c8455c63c13e9eae99a4e"
                ]
            },
            {
                "ADATA_UNIFY": {
                    "anndata": "0.13.2",
                    "numpy": "2.5.3",
                    "python": "3.13.12",
                    "scipy": "1.18.1"
                }
            },
            {
                "n_obs": 12940,
                "n_vars": 9887,
                "obs": {
                    "index": "_index",
                    "columns": [
                        "sample",
                        "batch",
                        "label",
                        "condition",
                        "donor",
                        "sample_original"
                    ]
                },
                "var": {
                    "index": "_index",
                    "columns": [
                        "symbols"
                    ]
                },
                "layers": [
                    
                ],
                "obsm": [
                    
                ],
                "varm": [
                    
                ],
                "obsp": [
                    
                ],
                "varp": [
                    
                ],
                "uns": [
                    
                ]
            }
        ],
        "timestamp": "2026-09-26T10:26:39.720445411",
        "meta": {
            "nf-test": "0.9.4",
            "nextflow": "26.04.6"
        }
    },
    "Should create label column when missing": {
        "content": [
            {
                "0": [
                    [
                        {
                            "id": "test"
                        },
                        "test_unified.h5ad:md5,0aa71b88ee89ff827071e318785f3b1f"
                    ]
                ],
                "1": [
                    "versions.yml:md5,38f68a59242c8455c63c13e9eae99a4e"
                ],
                "h5ad": [
                    [
                        {
                            "id": "test"
                        },
                        "test_unified.h5ad:md5,0aa71b88ee89ff827071e318785f3b1f"
                    ]
                ],
                "versions": [
                    "versions.yml:md5,38f68a59242c8455c63c13e9eae99a4e"
                ]
            },
            {
                "ADATA_UNIFY": {
                    "anndata": "0.13.2",
                    "numpy": "2.5.3",
                    "python": "3.13.12",
                    "scipy": "1.18.1"
                }
            },
            {
                "n_obs": 12940,
                "n_vars": 9887,
                "obs": {
                    "index": "_index",
                    "columns": [
                        "sample",
                        "batch",
                        "label",
                        "condition",
                        "donor",
                        "sample_original"
                    ]
                },
                "var": {
                    "index": "_index",
                    "columns": [
                        "symbols"
                    ]
                },
                "layers": [
                    
                ],
                "obsm": [
                    
                ],
                "varm": [
                    
                ],
                "obsp": [
                    
                ],
                "varp": [
                    
                ],
                "uns": [
                    
                ]
            }
        ],
        "timestamp": "2026-09-26T10:25:38.190223261",
        "meta": {
            "nf-test": "0.9.4",
            "nextflow": "26.04.6"
        }
    },
    "Should handle CSR sparse matrix": {
        "content": [
            {
                "0": [
                    [
                        {
                            "id": "test"
                        },
                        "test_unified.h5ad:md5,0aa71b88ee89ff827071e318785f3b1f"
                    ]
                ],
                "1": [
                    "versions.yml:md5,38f68a59242c8455c63c13e9eae99a4e"
                ],
                "h5ad": [
                    [
                        {
                            "id": "test"
                        },
                        "test_unified.h5ad:md5,0aa71b88ee89ff827071e318785f3b1f"
                    ]
                ],
                "versions": [
                    "versions.yml:md5,38f68a59242c8455c63c13e9eae99a4e"
                ]
            },
            {
                "ADATA_UNIFY": {
                    "anndata": "0.13.2",
                    "numpy": "2.5.3",
                    "python": "3.13.12",
                    "scipy": "1.18.1"
                }
            },
            {
                "n_obs": 12940,
                "n_vars": 9887,
                "obs": {
                    "index": "_index",
                    "columns": [
                        "sample",
                        "batch",
                        "label",
                        "condition",
                        "donor",
                        "sample_original"
                    ]
                },
                "var": {
                    "index": "_index",
                    "columns": [
                        "symbols"
                    ]
                },
                "layers": [
                    
                ],
                "obsm": [
                    
                ],
                "varm": [
                    
                ],
                "obsp": [
                    
                ],
                "varp": [
                    
                ],
                "uns": [
                    
                ]
            }
        ],
        "timestamp": "2026-09-26T10:29:20.197293134",
        "meta": {
            "nf-test": "0.9.4",
            "nextflow": "26.04.6"
        }
    },
    "Should handle CSC sparse matrix": {
        "content": [
            {
                "0": [
                    [
                        {
                            "id": "test"
                        },
                        "test_unified.h5ad:md5,0aa71b88ee89ff827071e318785f3b1f"
                    ]
                ],
                "1": [
                    "versions.yml:md5,38f68a59242c8455c63c13e9eae99a4e"
                ],
                "h5ad": [
                    [
                        {
                            "id": "test"
                        },
                        "test_unified.h5ad:md5,0aa71b88ee89ff827071e318785f3b1f"
                    ]
                ],
                "versions": [
                    "versions.yml:md5,38f68a59242c8455c63c13e9eae99a4e"
                ]
            },
            {
                "ADATA_UNIFY": {
                    "anndata": "0.13.2",
                    "numpy": "2.5.3",
                    "python": "3.13.12",
                    "scipy": "1.18.1"
                }
            },
            {
                "n_obs": 12940,
                "n_vars": 9887,
                "obs": {
                    "index": "_index",
                    "columns": [
                        "sample",
                        "batch",
                        "label",
                        "condition",
                        "donor",
                        "sample_original"
                    ]
                },
                "var": {
                    "index": "_index",
                    "columns": [
                        "symbols"
                    ]
                },
                "layers": [
                    
                ],
                "obsm": [
                    
                ],
                "varm": [
                    
                ],
                "obsp": [
                    
                ],
                "varp": [
                    
                ],
                "uns": [
                    
                ]
            }
        ],
        "timestamp": "2026-09-26T10:29:41.61500287",
        "meta": {
            "nf-test": "0.9.4",
            "nextflow": "26.04.6"
        }
    },
    "Should handle batch column with different name": {
        "content": [
            {
                "0": [
                    [
                        {
                            "id": "test"
                        },
                        "test_unified.h5ad:md5,b2d5e2fa543af235feb18ab9d0d68098"
                    ]
                ],
                "1": [
                    "versions.yml:md5,38f68a59242c8455c63c13e9eae99a4e"
                ],
                "h5ad": [
                    [
                        {
                            "id": "test"
                        },
                        "test_unified.h5ad:md5,b2d5e2fa543af235feb18ab9d0d68098"
                    ]
                ],
                "versions": [
                    "versions.yml:md5,38f68a59242c8455c63c13e9eae99a4e"
                ]
            },
            {
                "ADATA_UNIFY": {
                    "anndata": "0.13.2",
                    "numpy": "2.5.3",
                    "python": "3.13.12",
                    "scipy": "1.18.1"
                }
            },
            {
                "n_obs": 12940,
                "n_vars": 9887,
                "obs": {
                    "index": "_index",
                    "columns": [
                        "batch",
                        "label",
                        "condition",
                        "donor",
                        "sample"
                    ]
                },
                "var": {
                    "index": "_index",
                    "columns": [
                        "symbols"
                    ]
                },
                "layers": [
                    
                ],
                "obsm": [
                    
                ],
                "varm": [
                    
                ],
                "obsp": [
                    
                ],
                "varp": [
                    
                ],
                "uns": [
                    
                ]
            }
        ],
        "timestamp": "2026-09-26T10:23:38.796025594",
        "meta": {
            "nf-test": "0.9.4",
            "nextflow": "26.04.6"
        }
    },
    "Should handle label column with NaN values": {
        "content": [
            {
                "0": [
                    [
                        {
                            "id": "test"
                        },
                        "test_unified.h5ad:md5,7729efadd0a2c85202df7a2030ed21ce"
                    ]
                ],
                "1": [
                    "versions.yml:md5,38f68a59242c8455c63c13e9eae99a4e"
                ],
                "h5ad": [
                    [
                        {
                            "id": "test"
                        },
                        "test_unified.h5ad:md5,7729efadd0a2c85202df7a2030ed21ce"
                    ]
                ],
                "versions": [
                    "versions.yml:md5,38f68a59242c8455c63c13e9eae99a4e"
                ]
            },
            {
                "ADATA_UNIFY": {
                    "anndata": "0.13.2",
                    "numpy": "2.5.3",
                    "python": "3.13.12",
                    "scipy": "1.18.1"
                }
            },
            {
                "n_obs": 12940,
                "n_vars": 9887,
                "obs": {
                    "index": "_index",
                    "columns": [
                        "sample",
                        "batch",
                        "label",
                        "condition",
                        "donor",
                        "sample_original"
                    ]
                },
                "var": {
                    "index": "_index",
                    "columns": [
                        "symbols"
                    ]
                },
                "layers": [
                    
                ],
                "obsm": [
                    
                ],
                "varm": [
                    
                ],
                "obsp": [
                    
                ],
                "varp": [
                    
                ],
                "uns": [
                    
                ]
            }
        ],
        "timestamp": "2026-09-26T10:26:18.998443963",
        "meta": {
            "nf-test": "0.9.4",
            "nextflow": "26.04.6"
        }
    },
    "Should remove obsm, varm, uns, and layers": {
        "content": [
            {
                "0": [
                    [
                        {
                            "id": "test"
                        },
                        "test_unified.h5ad:md5,0aa71b88ee89ff827071e318785f3b1f"
                    ]
                ],
                "1": [
                    "versions.yml:md5,38f68a59242c8455c63c13e9eae99a4e"
                ],
                "h5ad": [
                    [
                        {
                            "id": "test"
                        },
                        "test_unified.h5ad:md5,0aa71b88ee89ff827071e318785f3b1f"
                    ]
                ],
                "versions": [
                    "versions.yml:md5,38f68a59242c8455c63c13e9eae99a4e"
                ]
            },
            {
                "ADATA_UNIFY": {
                    "anndata": "0.13.2",
                    "numpy": "2.5.3",
                    "python": "3.13.12",
                    "scipy": "1.18.1"
                }
            },
            {
                "n_obs": 12940,
                "n_vars": 9887,
                "obs": {
                    "index": "_index",
                    "columns": [
                        "sample",
                        "batch",
                        "label",
                        "condition",
                        "donor",
                        "sample_original"
                    ]
                },
                "var": {
                    "index": "_index",
                    "columns": [
                        "symbols"
                    ]
                },
                "layers": [
                    
                ],
                "obsm": [
                    
                ],
                "varm": [
                    
                ],
                "obsp": [
                    
                ],
                "varp": [
                    
                ],
                "uns": [
                    
                ]
            }
        ],
        "timestamp": "2026-09-26T10:31:06.094654236",
        "meta": {
            "nf-test": "0.9.4",
            "nextflow": "26.04.6"
        }
    },
    "Should handle duplicates with max aggregation": {
        "content": [
            {
                "0": [
                    [
                        {
                            "id": "test"
                        },
                        "test_unified.h5ad:md5,9a13c26ab762fb33155ff3030f01a7ea"
                    ]
                ],
                "1": [
                    "versions.yml:md5,38f68a59242c8455c63c13e9eae99a4e"
                ],
                "h5ad": [
                    [
                        {
                            "id": "test"
                        },
                        "test_unified.h5ad:md5,9a13c26ab762fb33155ff3030f01a7ea"
                    ]
                ],
                "versions": [
                    "versions.yml:md5,38f68a59242c8455c63c13e9eae99a4e"
                ]
            },
            {
                "ADATA_UNIFY": {
                    "anndata": "0.13.2",
                    "numpy": "2.5.3",
                    "python": "3.13.12",
                    "scipy": "1.18.1"
                }
            },
            {
                "n_obs": 12940,
                "n_vars": 9887,
                "obs": {
                    "index": "_index",
                    "columns": [
                        "sample",
                        "batch",
                        "label",
                        "condition",
                        "donor",
                        "sample_original"
                    ]
                },
                "var": {
                    "index": "_index",
                    "columns": [
                        "symbols",
                        "original_index"
                    ]
                },
                "layers": [
                    
                ],
                "obsm": [
                    
                ],
                "varm": [
                    
                ],
                "obsp": [
                    
                ],
                "varp": [
                    
                ],
                "uns": [
                    
                ]
            }
        ],
        "timestamp": "2026-09-26T10:22:38.873887439",
        "meta": {
            "nf-test": "0.9.4",
            "nextflow": "26.04.6"
        }
    },
    "Should create donor column when missing": {
        "content": [
            {
                "0": [
                    [
                        {
                            "id": "test"
                        },
                        "test_unified.h5ad:md5,64769aa232d2b15123edf5312e8fcc09"
                    ]
                ],
                "1": [
                    "versions.yml:md5,38f68a59242c8455c63c13e9eae99a4e"
                ],
                "h5ad": [
                    [
                        {
                            "id": "test"
                        },
                        "test_unified.h5ad:md5,64769aa232d2b15123edf5312e8fcc09"
                    ]
                ],
                "versions": [
                    "versions.yml:md5,38f68a59242c8455c63c13e9eae99a4e"
                ]
            },
            {
                "ADATA_UNIFY": {
                    "anndata": "0.13.2",
                    "numpy": "2.5.3",
                    "python": "3.13.12",
                    "scipy": "1.18.1"
                }
            },
            {
                "n_obs": 12940,
                "n_vars": 9887,
                "obs": {
                    "index": "_index",
                    "columns": [
                        "batch",
                        "label",
                        "condition",
                        "donor",
                        "sample"
                    ]
                },
                "var": {
                    "index": "_index",
                    "columns": [
                        "symbols"
                    ]
                },
                "layers": [
                    
                ],
                "obsm": [
                    
                ],
                "varm": [
                    
                ],
                "obsp": [
                    
                ],
                "varp": [
                    
                ],
                "uns": [
                    
                ]
            }
        ],
        "timestamp": "2026-09-26T10:28:40.0008196",
        "meta": {
            "nf-test": "0.9.4",
            "nextflow": "26.04.6"
        }
    },
    "Should create sample column when missing": {
        "content": [
            {
                "0": [
                    [
                        {
                            "id": "test"
                        },
                        "test_unified.h5ad:md5,48022bf4497f175716df12f33b48e79c"
                    ]
                ],
                "1": [
                    "versions.yml:md5,38f68a59242c8455c63c13e9eae99a4e"
                ],
                "h5ad": [
                    [
                        {
                            "id": "test"
                        },
                        "test_unified.h5ad:md5,48022bf4497f175716df12f33b48e79c"
                    ]
                ],
                "versions": [
                    "versions.yml:md5,38f68a59242c8455c63c13e9eae99a4e"
                ]
            },
            {
                "ADATA_UNIFY": {
                    "anndata": "0.13.2",
                    "numpy": "2.5.3",
                    "python": "3.13.12",
                    "scipy": "1.18.1"
                }
            },
            {
                "n_obs": 12940,
                "n_vars": 9887,
                "obs": {
                    "index": "_index",
                    "columns": [
                        "sample",
                        "batch",
                        "label",
                        "condition",
                        "donor",
                        "sample_original"
                    ]
                },
                "var": {
                    "index": "_index",
                    "columns": [
                        "symbols"
                    ]
                },
                "layers": [
                    
                ],
                "obsm": [
                    
                ],
                "varm": [
                    
                ],
                "obsp": [
                    
                ],
                "varp": [
                    
                ],
                "uns": [
                    
                ]
            }
        ],
        "timestamp": "2026-09-26T10:30:45.208290813",
        "meta": {
            "nf-test": "0.9.4",
            "nextflow": "26.04.6"
        }
    },
    "Should handle batch column already named batch": {
        "content": [
            {
                "0": [
                    [
                        {
                            "id": "test"
                        },
                        "test_unified.h5ad:md5,b2d5e2fa543af235feb18ab9d0d68098"
                    ]
                ],
                "1": [
                    "versions.yml:md5,38f68a59242c8455c63c13e9eae99a4e"
                ],
                "h5ad": [
                    [
                        {
                            "id": "test"
                        },
                        "test_unified.h5ad:md5,b2d5e2fa543af235feb18ab9d0d68098"
                    ]
                ],
                "versions": [
                    "versions.yml:md5,38f68a59242c8455c63c13e9eae99a4e"
                ]
            },
            {
                "ADATA_UNIFY": {
                    "anndata": "0.13.2",
                    "numpy": "2.5.3",
                    "python": "3.13.12",
                    "scipy": "1.18.1"
                }
            },
            {
                "n_obs": 12940,
                "n_vars": 9887,
                "obs": {
                    "index": "_index",
                    "columns": [
                        "batch",
                        "label",
                        "condition",
                        "donor",
                        "sample"
                    ]
                },
                "var": {
                    "index": "_index",
                    "columns": [
                        "symbols"
                    ]
                },
                "layers": [
                    
                ],
                "obsm": [
                    
                ],
                "varm": [
                    
                ],
                "obsp": [
                    
                ],
                "varp": [
                    
                ],
                "uns": [
                    
                ]
            }
        ],
        "timestamp": "2026-09-26T10:23:58.369470973",
        "meta": {
            "nf-test": "0.9.4",
            "nextflow": "26.04.6"
        }
    },
    "Should handle complex structure": {
        "content": [
            {
                "0": [
                    [
                        {
                            "id": "test"
                        },
                        "test_unified.h5ad:md5,64f80c207cd0bee8204aac1a8b8a4cbb"
                    ]
                ],
                "1": [
                    "versions.yml:md5,38f68a59242c8455c63c13e9eae99a4e"
                ],
                "h5ad": [
                    [
                        {
                            "id": "test"
                        },
                        "test_unified.h5ad:md5,64f80c207cd0bee8204aac1a8b8a4cbb"
                    ]
                ],
                "versions": [
                    "versions.yml:md5,38f68a59242c8455c63c13e9eae99a4e"
                ]
            },
            {
                "ADATA_UNIFY": {
                    "anndata": "0.13.2",
                    "numpy": "2.5.3",
                    "python": "3.13.12",
                    "scipy": "1.18.1"
                }
            },
            {
                "n_obs": 12940,
                "n_vars": 9887,
                "obs": {
                    "index": "_index",
                    "columns": [
                        "sample",
                        "batch",
                        "label",
                        "condition",
                        "donor",
                        "sample_original"
                    ]
                },
                "var": {
                    "index": "_index",
                    "columns": [
                        "symbols",
                        "gene_id",
                        "original_index"
                    ]
                },
                "layers": [
                    
                ],
                "obsm": [
                    
                ],
                "varm": [
                    
                ],
                "obsp": [
                    
                ],
                "varp": [
                    
                ],
                "uns": [
                    
                ]
            }
        ],
        "timestamp": "2026-09-26T10:31:48.726306006",
        "meta": {
            "nf-test": "0.9.4",
            "nextflow": "26.04.6"
        }
    },
    "Should handle counts in layer": {
        "content": [
            {
                "0": [
                    [
                        {
                            "id": "test"
                        },
                        "test_unified.h5ad:md5,f459cdf394e9bfdb6152e98e6ce755be"
                    ]
                ],
                "1": [
                    "versions.yml:md5,38f68a59242c8455c63c13e9eae99a4e"
                ],
                "h5ad": [
                    [
                        {
                            "id": "test"
                        },
                        "test_unified.h5ad:md5,f459cdf394e9bfdb6152e98e6ce755be"
                    ]
                ],
                "versions": [
                    "versions.yml:md5,38f68a59242c8455c63c13e9eae99a4e"
                ]
            },
            {
                "ADATA_UNIFY": {
                    "anndata": "0.13.2",
                    "numpy": "2.5.3",
                    "python": "3.13.12",
                    "scipy": "1.18.1"
                }
            },
            {
                "n_obs": 12940,
                "n_vars": 9887,
                "obs": {
                    "index": "_index",
                    "columns": [
                        "sample",
                        "batch",
                        "label",
                        "condition",
                        "donor",
                        "sample_original"
                    ]
                },
                "var": {
                    "index": "_index",
                    "columns": [
                        "symbols"
                    ]
                },
                "layers": [
                    
                ],
                "obsm": [
                    
                ],
                "varm": [
                    
                ],
                "obsp": [
                    
                ],
                "varp": [
                    
                ],
                "uns": [
                    
                ]
            }
        ],
        "timestamp": "2026-09-26T10:20:23.325068063",
        "meta": {
            "nf-test": "0.9.4",
            "nextflow": "26.04.6"
        }
    },
    "Should handle counts in X matrix": {
        "content": [
            {
                "0": [
                    [
                        {
                            "id": "test"
                        },
                        "test_unified.h5ad:md5,f459cdf394e9bfdb6152e98e6ce755be"
                    ]
                ],
                "1": [
                    "versions.yml:md5,38f68a59242c8455c63c13e9eae99a4e"
                ],
                "h5ad": [
                    [
                        {
                            "id": "test"
                        },
                        "test_unified.h5ad:md5,f459cdf394e9bfdb6152e98e6ce755be"
                    ]
                ],
                "versions": [
                    "versions.yml:md5,38f68a59242c8455c63c13e9eae99a4e"
                ]
            },
            {
                "ADATA_UNIFY": {
                    "anndata": "0.13.2",
                    "numpy": "2.5.3",
                    "python": "3.13.12",
                    "scipy": "1.18.1"
                }
            },
            {
                "n_obs": 12940,
                "n_vars": 9887,
                "obs": {
                    "index": "_index",
                    "columns": [
                        "sample",
                        "batch",
                        "label",
                        "condition",
                        "donor",
                        "sample_original"
                    ]
                },
                "var": {
                    "index": "_index",
                    "columns": [
                        "symbols"
                    ]
                },
                "layers": [
                    
                ],
                "obsm": [
                    
                ],
                "varm": [
                    
                ],
                "obsp": [
                    
                ],
                "varp": [
                    
                ],
                "uns": [
                    
                ]
            }
        ],
        "timestamp": "2026-09-26T10:20:03.949684427",
        "meta": {
            "nf-test": "0.9.4",
            "nextflow": "26.04.6"
        }
    },
    "Should handle symbols as index": {
        "content": [
            {
                "0": [
                    [
                        {
                            "id": "test"
                        },
                        "test_unified.h5ad:md5,cf0728a5bb15d9af4c3d549abf04d184"
                    ]
                ],
                "1": [
                    "versions.yml:md5,38f68a59242c8455c63c13e9eae99a4e"
                ],
                "h5ad": [
                    [
                        {
                            "id": "test"
                        },
                        "test_unified.h5ad:md5,cf0728a5bb15d9af4c3d549abf04d184"
                    ]
                ],
                "versions": [
                    "versions.yml:md5,38f68a59242c8455c63c13e9eae99a4e"
                ]
            },
            {
                "ADATA_UNIFY": {
                    "anndata": "0.13.2",
                    "numpy": "2.5.3",
                    "python": "3.13.12",
                    "scipy": "1.18.1"
                }
            },
            {
                "n_obs": 12940,
                "n_vars": 9887,
                "obs": {
                    "index": "_index",
                    "columns": [
                        "sample",
                        "batch",
                        "label",
                        "condition",
                        "donor",
                        "sample_original"
                    ]
                },
                "var": {
                    "index": "_index",
                    "columns": [
                        
                    ]
                },
                "layers": [
                    
                ],
                "obsm": [
                    
                ],
                "varm": [
                    
                ],
                "obsp": [
                    
                ],
                "varp": [
                    
                ],
                "uns": [
                    
                ]
            }
        ],
        "timestamp": "2026-09-26T10:20:42.678590894",
        "meta": {
            "nf-test": "0.9.4",
            "nextflow": "26.04.6"
        }
    },
    "Should handle minimal structure": {
        "content": [
            {
                "0": [
                    [
                        {
                            "id": "test"
                        },
                        "test_unified.h5ad:md5,64769aa232d2b15123edf5312e8fcc09"
                    ]
                ],
                "1": [
                    "versions.yml:md5,38f68a59242c8455c63c13e9eae99a4e"
                ],
                "h5ad": [
                    [
                        {
                            "id": "test"
                        },
                        "test_unified.h5ad:md5,64769aa232d2b15123edf5312e8fcc09"
                    ]
                ],
                "versions": [
                    "versions.yml:md5,38f68a59242c8455c63c13e9eae99a4e"
                ]
            },
            {
                "ADATA_UNIFY": {
                    "anndata": "0.13.2",
                    "numpy": "2.5.3",
                    "python": "3.13.12",
                    "scipy": "1.18.1"
                }
            },
            {
                "n_obs": 12940,
                "n_vars": 9887,
                "obs": {
                    "index": "_index",
                    "columns": [
                        "batch",
                        "label",
                        "condition",
                        "donor",
                        "sample"
                    ]
                },
                "var": {
                    "index": "_index",
                    "columns": [
                        "symbols"
                    ]
                },
                "layers": [
                    
                ],
                "obsm": [
                    
                ],
                "varm": [
                    
                ],
                "obsp": [
                    
                ],
                "varp": [
                    
                ],
                "uns": [
                    
                ]
            }
        ],
        "timestamp": "2026-09-26T10:31:27.533977822",
        "meta": {
            "nf-test": "0.9.4",
            "nextflow": "26.04.6"
        }
    },
    "Should handle duplicate cell names": {
        "content": [
            {
                "0": [
                    [
                        {
                            "id": "test"
                        },
                        "test_unified.h5ad:md5,538c027d12ebafd8a4298358f6d9e7e2"
                    ]
                ],
                "1": [
                    "versions.yml:md5,38f68a59242c8455c63c13e9eae99a4e"
                ],
                "h5ad": [
                    [
                        {
                            "id": "test"
                        },
                        "test_unified.h5ad:md5,538c027d12ebafd8a4298358f6d9e7e2"
                    ]
                ],
                "versions": [
                    "versions.yml:md5,38f68a59242c8455c63c13e9eae99a4e"
                ]
            },
            {
                "ADATA_UNIFY": {
                    "anndata": "0.13.2",
                    "numpy": "2.5.3",
                    "python": "3.13.12",
                    "scipy": "1.18.1"
                }
            },
            {
                "n_obs": 12940,
                "n_vars": 9887,
                "obs": {
                    "index": "_index",
                    "columns": [
                        "sample",
                        "batch",
                        "label",
                        "condition",
                        "donor",
                        "sample_original"
                    ]
                },
                "var": {
                    "index": "_index",
                    "columns": [
                        "symbols"
                    ]
                },
                "layers": [
                    
                ],
                "obsm": [
                    
                ],
                "varm": [
                    
                ],
                "obsp": [
                    
                ],
                "varp": [
                    
                ],
                "uns": [
                    
                ]
            }
        ],
        "timestamp": "2026-09-26T10:30:02.359270353",
        "meta": {
            "nf-test": "0.9.4",
            "nextflow": "26.04.6"
        }
    }
}