{
    "adata_unify_h5ad": {
        "content": [
            [
                [
                    {
                        "id": "test"
                    },
                    "test_null_unified.h5ad:md5,d5606e8cc7cacce7a09b7b7a75436f2f"
                ]
            ]
        ],
        "meta": {
            "nf-test": "0.9.0",
            "nextflow": "24.04.4"
        },
        "timestamp": "2024-10-17T14:45:51.190945122"
    },
    "adata_unify_h5ad_stub": {
        "content": [
            [
                [
                    {
                        "id": "test"
                    },
                    "test_null_unified.h5ad:md5,d5606e8cc7cacce7a09b7b7a75436f2f"
                ]
            ]
        ],
        "meta": {
            "nf-test": "0.9.0",
            "nextflow": "24.04.4"
        },
        "timestamp": "2024-10-17T14:46:32.93427331"
    },
    "adata_unify_versions_stub": {
        "content": [
            [
                "versions.yml:md5,d3a2dda51a44940594c4a71d5d41fd27"
            ]
        ],
        "meta": {
            "nf-test": "0.9.0",
            "nextflow": "24.04.4"
        },
        "timestamp": "2024-10-17T14:46:33.579818268"
    },
    "adata_unify_versions": {
        "content": [
            [
                "versions.yml:md5,d3a2dda51a44940594c4a71d5d41fd27"
            ]
        ],
        "meta": {
            "nf-test": "0.9.0",
            "nextflow": "24.04.4"
        },
        "timestamp": "2024-10-17T14:45:51.646132076"
    }
}