{
    "Should run without failures - stub": {
        "content": [
            {
                "0": [
                    [
                        {
                            "id": "test"
                        },
                        [
                            "A.h5ad:md5,d41d8cd98f00b204e9800998ecf8427e",
                            "B.h5ad:md5,d41d8cd98f00b204e9800998ecf8427e"
                        ]
                    ]
                ],
                "1": [
                    "versions.yml:md5,d41d8cd98f00b204e9800998ecf8427e"
                ],
                "h5ad": [
                    [
                        {
                            "id": "test"
                        },
                        [
                            "A.h5ad:md5,d41d8cd98f00b204e9800998ecf8427e",
                            "B.h5ad:md5,d41d8cd98f00b204e9800998ecf8427e"
                        ]
                    ]
                ],
                "versions": [
                    "versions.yml:md5,d41d8cd98f00b204e9800998ecf8427e"
                ]
            }
        ],
        "timestamp": "2025-06-03T07:41:44.383248073",
        "meta": {
            "nf-test": "0.9.0",
            "nextflow": "25.04.2"
        }
    },
    "Should run without failures": {
        "content": [
            {
                "0": [
                    [
                        {
                            "id": "test"
                        },
                        [
                            "SRR28679756_filtered.h5ad:md5,3e60e2801a8d80479cd071e78b417260",
                            "SRR28679757_filtered.h5ad:md5,bbad374742174973b37c4f86fdd2a15a",
                            "SRR28679758_filtered.h5ad:md5,a3eebf7760dbdc8d8f89757703d5f98e"
                        ]
                    ]
                ],
                "1": [
                    "versions.yml:md5,a74338e0a89adfeb07bdad07af3877f7"
                ],
                "h5ad": [
                    [
                        {
                            "id": "test"
                        },
                        [
                            "SRR28679756_filtered.h5ad:md5,3e60e2801a8d80479cd071e78b417260",
                            "SRR28679757_filtered.h5ad:md5,bbad374742174973b37c4f86fdd2a15a",
                            "SRR28679758_filtered.h5ad:md5,a3eebf7760dbdc8d8f89757703d5f98e"
                        ]
                    ]
                ],
                "versions": [
                    "versions.yml:md5,a74338e0a89adfeb07bdad07af3877f7"
                ]
            },
            {
                "ADATA_SPLITCOL": {
                    "anndata": "0.12.10",
                    "python": "3.13.12"
                }
            },
            [
                {
                    "n_obs": 12940,
                    "n_vars": 9887,
                    "obs": {
                        "index": "_index",
                        "columns": [
                            "sample"
                        ]
                    },
                    "var": {
                        "index": "_index",
                        "columns": [
                            
                        ]
                    },
                    "layers": [
                        
                    ],
                    "obsm": [
                        
                    ],
                    "varm": [
                        
                    ],
                    "obsp": [
                        
                    ],
                    "varp": [
                        
                    ],
                    "uns": [
                        
                    ]
                },
                {
                    "n_obs": 12640,
                    "n_vars": 9887,
                    "obs": {
                        "index": "_index",
                        "columns": [
                            "sample"
                        ]
                    },
                    "var": {
                        "index": "_index",
                        "columns": [
                            
                        ]
                    },
                    "layers": [
                        
                    ],
                    "obsm": [
                        
                    ],
                    "varm": [
                        
                    ],
                    "obsp": [
                        
                    ],
                    "varp": [
                        
                    ],
                    "uns": [
                        
                    ]
                },
                {
                    "n_obs": 12654,
                    "n_vars": 9887,
                    "obs": {
                        "index": "_index",
                        "columns": [
                            "sample"
                        ]
                    },
                    "var": {
                        "index": "_index",
                        "columns": [
                            
                        ]
                    },
                    "layers": [
                        
                    ],
                    "obsm": [
                        
                    ],
                    "varm": [
                        
                    ],
                    "obsp": [
                        
                    ],
                    "varp": [
                        
                    ],
                    "uns": [
                        
                    ]
                }
            ]
        ],
        "timestamp": "2026-03-29T12:57:38.085403361",
        "meta": {
            "nf-test": "0.9.4",
            "nextflow": "25.10.2"
        }
    }
}